Jun 12 16:01:46 ubuntu kernel: [    0.000000] Booting Linux on physical CPU 0x0000000000 [0x410f0000]
Jun 12 16:01:46 ubuntu kernel: [    0.000000] Linux version 6.5.0-41-generic (buildd@bos02-arm64-008) (aarch64-linux-gnu-gcc-12 (Ubuntu 12.3.0-1ubuntu1~22.04) 12.3.0, GNU ld (GNU Binutils for Ubuntu) 2.38) #41~22.04.2-Ubuntu SMP PREEMPT_DYNAMIC Mon Jun  3 16:28:24 UTC 2 (Ubuntu 6.5.0-41.41~22.04.2-generic 6.5.13)
Jun 12 16:01:46 ubuntu kernel: [    0.000000] KASLR disabled due to lack of seed
Jun 12 16:01:46 ubuntu kernel: [    0.000000] efi: EFI v2.7 by EDK II
Jun 12 16:01:46 ubuntu kernel: [    0.000000] efi: SMBIOS 3.0=0x13f7f0000 ACPI 2.0=0x13c120000 MEMATTR=0x13dc3fa98 MEMRESERVE=0x13bd3c918 
Jun 12 16:01:46 ubuntu kernel: [    0.000000] secureboot: Secure boot disabled
Jun 12 16:01:46 ubuntu kernel: [    0.000000] ACPI: Early table checksum verification disabled
Jun 12 16:01:46 ubuntu kernel: [    0.000000] ACPI: RSDP 0x000000013C120000 000024 (v02 PRLS  )
Jun 12 16:01:46 ubuntu kernel: [    0.000000] ACPI: XSDT 0x000000013C110000 000044 (v01 PRLS   PRLS_OEM 00000002      01000013)
Jun 12 16:01:46 ubuntu kernel: [    0.000000] ACPI: FACP 0x000000013C040000 000114 (v06 PRLS   PRLS_OEM 00000002 PRLS 00000002)
Jun 12 16:01:46 ubuntu kernel: [    0.000000] ACPI: DSDT 0x000000013BFF0000 0010D4 (v02 PRLS   PRLS_OEM 00000003 INTL 20160527)
Jun 12 16:01:46 ubuntu kernel: [    0.000000] ACPI: GTDT 0x000000013C030000 000050 (v01 PRLS   PRLS_OEM 00000002 PRLS 00000002)
Jun 12 16:01:46 ubuntu kernel: [    0.000000] ACPI: MCFG 0x000000013C020000 00003C (v01                 00000001      00000000)
Jun 12 16:01:46 ubuntu kernel: [    0.000000] ACPI: APIC 0x000000013BFE0000 00010C (v04 PRLS   PRLS_OEM 00000002 PRLS 00000002)
Jun 12 16:01:46 ubuntu kernel: [    0.000000] NUMA: Failed to initialise from firmware
Jun 12 16:01:46 ubuntu kernel: [    0.000000] NUMA: Faking a node at [mem 0x0000000040000000-0x000000013fffffff]
Jun 12 16:01:46 ubuntu kernel: [    0.000000] NUMA: NODE_DATA [mem 0x13f41a5c0-0x13f41ffff]
Jun 12 16:01:46 ubuntu kernel: [    0.000000] Zone ranges:
Jun 12 16:01:46 ubuntu kernel: [    0.000000]   DMA      [mem 0x0000000040000000-0x00000000ffffffff]
Jun 12 16:01:46 ubuntu kernel: [    0.000000]   DMA32    empty
Jun 12 16:01:46 ubuntu kernel: [    0.000000]   Normal   [mem 0x0000000100000000-0x000000013fffffff]
Jun 12 16:01:46 ubuntu kernel: [    0.000000]   Device   empty
Jun 12 16:01:46 ubuntu kernel: [    0.000000] Movable zone start for each node
Jun 12 16:01:46 ubuntu kernel: [    0.000000] Early memory node ranges
Jun 12 16:01:46 ubuntu kernel: [    0.000000]   node   0: [mem 0x0000000040000000-0x00000000fffeffff]
Jun 12 16:01:46 ubuntu kernel: [    0.000000]   node   0: [mem 0x00000000ffff0000-0x00000000ffffffff]
Jun 12 16:01:46 ubuntu kernel: [    0.000000]   node   0: [mem 0x0000000100000000-0x000000013c04ffff]
Jun 12 16:01:46 ubuntu kernel: [    0.000000]   node   0: [mem 0x000000013c050000-0x000000013c10ffff]
Jun 12 16:01:46 ubuntu kernel: [    0.000000]   node   0: [mem 0x000000013c110000-0x000000013f5fffff]
Jun 12 16:01:46 ubuntu kernel: [    0.000000]   node   0: [mem 0x000000013f600000-0x000000013f9dffff]
Jun 12 16:01:46 ubuntu kernel: [    0.000000]   node   0: [mem 0x000000013f9e0000-0x000000013fffffff]
Jun 12 16:01:46 ubuntu kernel: [    0.000000] Initmem setup node 0 [mem 0x0000000040000000-0x000000013fffffff]
Jun 12 16:01:46 ubuntu kernel: [    0.000000] cma: Reserved 32 MiB at 0x00000000fde00000
Jun 12 16:01:46 ubuntu kernel: [    0.000000] psci: probing for conduit method from ACPI.
Jun 12 16:01:46 ubuntu kernel: [    0.000000] psci: PSCIv1.0 detected in firmware.
Jun 12 16:01:46 ubuntu kernel: [    0.000000] psci: Using standard PSCI v0.2 function IDs
Jun 12 16:01:46 ubuntu kernel: [    0.000000] psci: Trusted OS migration not required
Jun 12 16:01:46 ubuntu kernel: [    0.000000] psci: SMC Calling Convention v1.0
Jun 12 16:01:46 ubuntu kernel: [    0.000000] percpu: Embedded 32 pages/cpu s92968 r8192 d29912 u131072
Jun 12 16:01:46 ubuntu kernel: [    0.000000] pcpu-alloc: s92968 r8192 d29912 u131072 alloc=32*4096
Jun 12 16:01:46 ubuntu kernel: [    0.000000] pcpu-alloc: [0] 0 [0] 1 
Jun 12 16:01:46 ubuntu kernel: [    0.000000] Detected PIPT I-cache on CPU0
Jun 12 16:01:46 ubuntu kernel: [    0.000000] CPU features: detected: Address authentication (IMP DEF algorithm)
Jun 12 16:01:46 ubuntu kernel: [    0.000000] CPU features: detected: Spectre-v4
Jun 12 16:01:46 ubuntu kernel: [    0.000000] alternatives: applying boot alternatives
Jun 12 16:01:46 ubuntu kernel: [    0.000000] Kernel command line: BOOT_IMAGE=/boot/vmlinuz-6.5.0-41-generic root=/dev/mapper/server--vg-root ro quiet splash vt.handoff=7
Jun 12 16:01:46 ubuntu kernel: [    0.000000] Unknown kernel command line parameters "splash BOOT_IMAGE=/boot/vmlinuz-6.5.0-41-generic", will be passed to user space.
Jun 12 16:01:46 ubuntu kernel: [    0.000000] Dentry cache hash table entries: 524288 (order: 10, 4194304 bytes, linear)
Jun 12 16:01:46 ubuntu kernel: [    0.000000] Inode-cache hash table entries: 262144 (order: 9, 2097152 bytes, linear)
Jun 12 16:01:46 ubuntu kernel: [    0.000000] Fallback order for Node 0: 0 
Jun 12 16:01:46 ubuntu kernel: [    0.000000] Built 1 zonelists, mobility grouping on.  Total pages: 1032192
Jun 12 16:01:46 ubuntu kernel: [    0.000000] Policy zone: Normal
Jun 12 16:01:46 ubuntu kernel: [    0.000000] mem auto-init: stack:all(zero), heap alloc:on, heap free:off
Jun 12 16:01:46 ubuntu kernel: [    0.000000] software IO TLB: area num 2.
Jun 12 16:01:46 ubuntu kernel: [    0.000000] software IO TLB: mapped [mem 0x00000000f9e00000-0x00000000fde00000] (64MB)
Jun 12 16:01:46 ubuntu kernel: [    0.000000] Memory: 3882716K/4194304K available (21888K kernel code, 4936K rwdata, 15296K rodata, 11712K init, 1330K bss, 278820K reserved, 32768K cma-reserved)
Jun 12 16:01:46 ubuntu kernel: [    0.000000] SLUB: HWalign=64, Order=0-3, MinObjects=0, CPUs=2, Nodes=1
Jun 12 16:01:46 ubuntu kernel: [    0.000000] ftrace: allocating 59741 entries in 234 pages
Jun 12 16:01:46 ubuntu kernel: [    0.000000] ftrace: allocated 234 pages with 5 groups
Jun 12 16:01:46 ubuntu kernel: [    0.000000] trace event string verifier disabled
Jun 12 16:01:46 ubuntu kernel: [    0.000000] Dynamic Preempt: voluntary
Jun 12 16:01:46 ubuntu kernel: [    0.000000] rcu: Preemptible hierarchical RCU implementation.
Jun 12 16:01:46 ubuntu kernel: [    0.000000] rcu: 	RCU restricting CPUs from NR_CPUS=256 to nr_cpu_ids=2.
Jun 12 16:01:46 ubuntu kernel: [    0.000000] 	Trampoline variant of Tasks RCU enabled.
Jun 12 16:01:46 ubuntu kernel: [    0.000000] 	Rude variant of Tasks RCU enabled.
Jun 12 16:01:46 ubuntu kernel: [    0.000000] 	Tracing variant of Tasks RCU enabled.
Jun 12 16:01:46 ubuntu kernel: [    0.000000] rcu: RCU calculated value of scheduler-enlistment delay is 25 jiffies.
Jun 12 16:01:46 ubuntu kernel: [    0.000000] rcu: Adjusting geometry for rcu_fanout_leaf=16, nr_cpu_ids=2
Jun 12 16:01:46 ubuntu kernel: [    0.000000] NR_IRQS: 64, nr_irqs: 64, preallocated irqs: 0
Jun 12 16:01:46 ubuntu kernel: [    0.000000] GICv3: 96 SPIs implemented
Jun 12 16:01:46 ubuntu kernel: [    0.000000] GICv3: 0 Extended SPIs implemented
Jun 12 16:01:46 ubuntu kernel: [    0.000000] Root IRQ handler: gic_handle_irq
Jun 12 16:01:46 ubuntu kernel: [    0.000000] GICv3: GICv3 features: 16 PPIs, RSS
Jun 12 16:01:46 ubuntu kernel: [    0.000000] GICv3: CPU0: found redistributor 0 region 0:0x0000000002500000
Jun 12 16:01:46 ubuntu kernel: [    0.000000] GICv2m: range[mem 0x02250000-0x02250fff], SPI[53:116]
Jun 12 16:01:46 ubuntu kernel: [    0.000000] rcu: srcu_init: Setting srcu_struct sizes based on contention.
Jun 12 16:01:46 ubuntu kernel: [    0.000000] ACPI GTDT: Revision:1 doesn't support Platform Timers.
Jun 12 16:01:46 ubuntu kernel: [    0.000000] arch_timer: cp15 timer(s) running at 24.00MHz (virt).
Jun 12 16:01:46 ubuntu kernel: [    0.000000] clocksource: arch_sys_counter: mask: 0xffffffffffffff max_cycles: 0x588fe9dc0, max_idle_ns: 440795202592 ns
Jun 12 16:01:46 ubuntu kernel: [    0.000000] sched_clock: 56 bits at 24MHz, resolution 41ns, wraps every 4398046511097ns
Jun 12 16:01:46 ubuntu kernel: [    0.000187] Console: colour dummy device 80x25
Jun 12 16:01:46 ubuntu kernel: [    0.000188] printk: console [tty0] enabled
Jun 12 16:01:46 ubuntu kernel: [    0.001409] ACPI: Core revision 20230331
Jun 12 16:01:46 ubuntu kernel: [    0.001732] Calibrating delay loop (skipped), value calculated using timer frequency.. 48.00 BogoMIPS (lpj=96000)
Jun 12 16:01:46 ubuntu kernel: [    0.001733] pid_max: default: 32768 minimum: 301
Jun 12 16:01:46 ubuntu kernel: [    0.003934] LSM: initializing lsm=lockdown,capability,landlock,yama,apparmor,integrity
Jun 12 16:01:46 ubuntu kernel: [    0.003938] landlock: Up and running.
Jun 12 16:01:46 ubuntu kernel: [    0.003938] Yama: becoming mindful.
Jun 12 16:01:46 ubuntu kernel: [    0.004093] AppArmor: AppArmor initialized
Jun 12 16:01:46 ubuntu kernel: [    0.004748] Mount-cache hash table entries: 8192 (order: 4, 65536 bytes, linear)
Jun 12 16:01:46 ubuntu kernel: [    0.004766] Mountpoint-cache hash table entries: 8192 (order: 4, 65536 bytes, linear)
Jun 12 16:01:46 ubuntu kernel: [    0.006540] ACPI PPTT: No PPTT table found, CPU and cache topology may be inaccurate
Jun 12 16:01:46 ubuntu kernel: [    0.006542] cacheinfo: Unable to detect cache hierarchy for CPU 0
Jun 12 16:01:46 ubuntu kernel: [    0.006792] RCU Tasks: Setting shift to 1 and lim to 1 rcu_task_cb_adjust=1.
Jun 12 16:01:46 ubuntu kernel: [    0.006823] RCU Tasks Rude: Setting shift to 1 and lim to 1 rcu_task_cb_adjust=1.
Jun 12 16:01:46 ubuntu kernel: [    0.006845] RCU Tasks Trace: Setting shift to 1 and lim to 1 rcu_task_cb_adjust=1.
Jun 12 16:01:46 ubuntu kernel: [    0.006932] rcu: Hierarchical SRCU implementation.
Jun 12 16:01:46 ubuntu kernel: [    0.006933] rcu: 	Max phase no-delay instances is 1000.
Jun 12 16:01:46 ubuntu kernel: [    0.007217] Remapping and enabling EFI services.
Jun 12 16:01:46 ubuntu kernel: [    0.007386] smp: Bringing up secondary CPUs ...
Jun 12 16:01:46 ubuntu kernel: [    0.007634] Detected PIPT I-cache on CPU1
Jun 12 16:01:46 ubuntu kernel: [    0.007644] GICv3: CPU1: found redistributor 1 region 0:0x0000000002520000
Jun 12 16:01:46 ubuntu kernel: [    0.007678] CPU1: Booted secondary processor 0x0000000001 [0x410f0000]
Jun 12 16:01:46 ubuntu kernel: [    0.007741] smp: Brought up 1 node, 2 CPUs
Jun 12 16:01:46 ubuntu kernel: [    0.007743] SMP: Total of 2 processors activated.
Jun 12 16:01:46 ubuntu kernel: [    0.007744] CPU features: detected: ARMv8.4 Translation Table Level
Jun 12 16:01:46 ubuntu kernel: [    0.007745] CPU features: detected: Data cache clean to the PoU not required for I/D coherence
Jun 12 16:01:46 ubuntu kernel: [    0.007746] CPU features: detected: Common not Private translations
Jun 12 16:01:46 ubuntu kernel: [    0.007746] CPU features: detected: CRC32 instructions
Jun 12 16:01:46 ubuntu kernel: [    0.007747] CPU features: detected: Data cache clean to Point of Deep Persistence
Jun 12 16:01:46 ubuntu kernel: [    0.007747] CPU features: detected: Data cache clean to Point of Persistence
Jun 12 16:01:46 ubuntu kernel: [    0.007747] CPU features: detected: Data independent timing control (DIT)
Jun 12 16:01:46 ubuntu kernel: [    0.007748] CPU features: detected: E0PD
Jun 12 16:01:46 ubuntu kernel: [    0.007748] CPU features: detected: Generic authentication (IMP DEF algorithm)
Jun 12 16:01:46 ubuntu kernel: [    0.007749] CPU features: detected: RCpc load-acquire (LDAPR)
Jun 12 16:01:46 ubuntu kernel: [    0.007749] CPU features: detected: LSE atomic instructions
Jun 12 16:01:46 ubuntu kernel: [    0.007750] CPU features: detected: Privileged Access Never
Jun 12 16:01:46 ubuntu kernel: [    0.007750] CPU features: detected: RAS Extension Support
Jun 12 16:01:46 ubuntu kernel: [    0.007751] CPU features: detected: Speculation barrier (SB)
Jun 12 16:01:46 ubuntu kernel: [    0.007751] CPU features: detected: TLB range maintenance instructions
Jun 12 16:01:46 ubuntu kernel: [    0.007753] CPU features: detected: Speculative Store Bypassing Safe (SSBS)
Jun 12 16:01:46 ubuntu kernel: [    0.007782] CPU: All CPU(s) started at EL1
Jun 12 16:01:46 ubuntu kernel: [    0.007790] alternatives: applying system-wide alternatives
Jun 12 16:01:46 ubuntu kernel: [    0.008373] devtmpfs: initialized
Jun 12 16:01:46 ubuntu kernel: [    0.008719] setend instruction emulation is not supported on this system
Jun 12 16:01:46 ubuntu kernel: [    0.008768] clocksource: jiffies: mask: 0xffffffff max_cycles: 0xffffffff, max_idle_ns: 7645041785100000 ns
Jun 12 16:01:46 ubuntu kernel: [    0.008778] futex hash table entries: 512 (order: 3, 32768 bytes, linear)
Jun 12 16:01:46 ubuntu kernel: [    0.008896] pinctrl core: initialized pinctrl subsystem
Jun 12 16:01:46 ubuntu kernel: [    0.009039] SMBIOS 3.0.0 present.
Jun 12 16:01:46 ubuntu kernel: [    0.009042] DMI: Parallels International GmbH. Parallels ARM Virtual Machine/Parallels ARM Virtual Platform, BIOS 19.4.0 (54962) Mon, 20 May 202
Jun 12 16:01:46 ubuntu kernel: [    0.009247] NET: Registered PF_NETLINK/PF_ROUTE protocol family
Jun 12 16:01:46 ubuntu kernel: [    0.009429] DMA: preallocated 512 KiB GFP_KERNEL pool for atomic allocations
Jun 12 16:01:46 ubuntu kernel: [    0.009506] DMA: preallocated 512 KiB GFP_KERNEL|GFP_DMA pool for atomic allocations
Jun 12 16:01:46 ubuntu kernel: [    0.009600] DMA: preallocated 512 KiB GFP_KERNEL|GFP_DMA32 pool for atomic allocations
Jun 12 16:01:46 ubuntu kernel: [    0.009603] audit: initializing netlink subsys (disabled)
Jun 12 16:01:46 ubuntu kernel: [    0.009653] audit: type=2000 audit(0.008:1): state=initialized audit_enabled=0 res=1
Jun 12 16:01:46 ubuntu kernel: [    0.009730] thermal_sys: Registered thermal governor 'fair_share'
Jun 12 16:01:46 ubuntu kernel: [    0.009731] thermal_sys: Registered thermal governor 'bang_bang'
Jun 12 16:01:46 ubuntu kernel: [    0.009731] thermal_sys: Registered thermal governor 'step_wise'
Jun 12 16:01:46 ubuntu kernel: [    0.009732] thermal_sys: Registered thermal governor 'user_space'
Jun 12 16:01:46 ubuntu kernel: [    0.009732] thermal_sys: Registered thermal governor 'power_allocator'
Jun 12 16:01:46 ubuntu kernel: [    0.009735] cpuidle: using governor ladder
Jun 12 16:01:46 ubuntu kernel: [    0.009736] cpuidle: using governor menu
Jun 12 16:01:46 ubuntu kernel: [    0.009756] hw-breakpoint: found 6 breakpoint and 4 watchpoint registers.
Jun 12 16:01:46 ubuntu kernel: [    0.009786] ASID allocator initialised with 256 entries
Jun 12 16:01:46 ubuntu kernel: [    0.009849] acpiphp: ACPI Hot Plug PCI Controller Driver version: 0.5
Jun 12 16:01:46 ubuntu kernel: [    0.009964] Serial: AMBA PL011 UART driver
Jun 12 16:01:46 ubuntu kernel: [    0.010010] Modules: 18928 pages in range for non-PLT usage
Jun 12 16:01:46 ubuntu kernel: [    0.010010] Modules: 510448 pages in range for PLT usage
Jun 12 16:01:46 ubuntu kernel: [    0.012212] HugeTLB: registered 1.00 GiB page size, pre-allocated 0 pages
Jun 12 16:01:46 ubuntu kernel: [    0.012213] HugeTLB: 0 KiB vmemmap can be freed for a 1.00 GiB page
Jun 12 16:01:46 ubuntu kernel: [    0.012214] HugeTLB: registered 32.0 MiB page size, pre-allocated 0 pages
Jun 12 16:01:46 ubuntu kernel: [    0.012214] HugeTLB: 0 KiB vmemmap can be freed for a 32.0 MiB page
Jun 12 16:01:46 ubuntu kernel: [    0.012215] HugeTLB: registered 2.00 MiB page size, pre-allocated 0 pages
Jun 12 16:01:46 ubuntu kernel: [    0.012215] HugeTLB: 0 KiB vmemmap can be freed for a 2.00 MiB page
Jun 12 16:01:46 ubuntu kernel: [    0.012216] HugeTLB: registered 64.0 KiB page size, pre-allocated 0 pages
Jun 12 16:01:46 ubuntu kernel: [    0.012216] HugeTLB: 0 KiB vmemmap can be freed for a 64.0 KiB page
Jun 12 16:01:46 ubuntu kernel: [    0.012674] ACPI: Added _OSI(Module Device)
Jun 12 16:01:46 ubuntu kernel: [    0.012675] ACPI: Added _OSI(Processor Device)
Jun 12 16:01:46 ubuntu kernel: [    0.012676] ACPI: Added _OSI(3.0 _SCP Extensions)
Jun 12 16:01:46 ubuntu kernel: [    0.012676] ACPI: Added _OSI(Processor Aggregator Device)
Jun 12 16:01:46 ubuntu kernel: [    0.012891] ACPI: 1 ACPI AML tables successfully acquired and loaded
Jun 12 16:01:46 ubuntu kernel: [    0.013045] ACPI: Interpreter enabled
Jun 12 16:01:46 ubuntu kernel: [    0.013046] ACPI: Using GIC for interrupt routing
Jun 12 16:01:46 ubuntu kernel: [    0.013072] ACPI: MCFG table detected, 1 entries
Jun 12 16:01:46 ubuntu kernel: [    0.013930] ACPI: PCI Root Bridge [PCI0] (domain 0000 [bus 00])
Jun 12 16:01:46 ubuntu kernel: [    0.013933] acpi PNP0A08:00: _OSC: OS supports [ExtendedConfig ASPM ClockPM Segments MSI EDR HPX-Type3]
Jun 12 16:01:46 ubuntu kernel: [    0.013935] acpi PNP0A08:00: _OSC: OS requested [PCIeHotplug SHPCHotplug PME AER PCIeCapability LTR DPC]
Jun 12 16:01:46 ubuntu kernel: [    0.013936] acpi PNP0A08:00: _OSC: platform willing to grant [PCIeHotplug SHPCHotplug PME AER PCIeCapability LTR DPC]
Jun 12 16:01:46 ubuntu kernel: [    0.013937] acpi PNP0A08:00: _OSC: platform retains control of PCIe features (AE_NOT_FOUND)
Jun 12 16:01:46 ubuntu kernel: [    0.014016] acpi PNP0A08:00: [Firmware Bug]: ECAM area [mem 0x02300000-0x023fffff] not reserved in ACPI namespace
Jun 12 16:01:46 ubuntu kernel: [    0.014021] acpi PNP0A08:00: ECAM at [mem 0x02300000-0x023fffff] for [bus 00]
Jun 12 16:01:46 ubuntu kernel: [    0.014034] ACPI: Remapped I/O 0x0000000002400000 to [io  0x0000-0xfffff window]
Jun 12 16:01:46 ubuntu kernel: [    0.014048] PCI host bridge to bus 0000:00
Jun 12 16:01:46 ubuntu kernel: [    0.014049] pci_bus 0000:00: root bus resource [io  0x0000-0xfffff window] (bus address [0x2400000-0x24fffff])
Jun 12 16:01:46 ubuntu kernel: [    0.014049] pci_bus 0000:00: root bus resource [mem 0x10000000-0x1fffffff window]
Jun 12 16:01:46 ubuntu kernel: [    0.014050] pci_bus 0000:00: root bus resource [bus 00]
Jun 12 16:01:46 ubuntu kernel: [    0.014066] pci 0000:00:01.0: [8086:293e] type 00 class 0x040300
Jun 12 16:01:46 ubuntu kernel: [    0.014077] pci 0000:00:01.0: reg 0x10: [mem 0x14004000-0x14007fff]
Jun 12 16:01:46 ubuntu kernel: [    0.014167] pci 0000:00:02.0: [8086:265c] type 00 class 0x0c0320
Jun 12 16:01:46 ubuntu kernel: [    0.014185] pci 0000:00:02.0: reg 0x10: [mem 0x1400d000-0x1400d3ff]
Jun 12 16:01:46 ubuntu kernel: [    0.014272] pci 0000:00:03.0: [1033:0194] type 00 class 0x0c0330
Jun 12 16:01:46 ubuntu kernel: [    0.014281] pci 0000:00:03.0: reg 0x10: [mem 0x1400c000-0x1400cfff]
Jun 12 16:01:46 ubuntu kernel: [    0.014342] pci 0000:00:05.0: [1af4:1000] type 00 class 0x020000
Jun 12 16:01:46 ubuntu kernel: [    0.014360] pci 0000:00:05.0: reg 0x10: [mem 0x1400b000-0x1400bfff]
Jun 12 16:01:46 ubuntu kernel: [    0.014370] pci 0000:00:05.0: reg 0x14: [mem 0x1400a000-0x1400afff]
Jun 12 16:01:46 ubuntu kernel: [    0.014486] pci 0000:00:09.0: [1ab8:4000] type 00 class 0xff0000
Jun 12 16:01:46 ubuntu kernel: [    0.014499] pci 0000:00:09.0: reg 0x10: [mem 0x14009000-0x14009fff]
Jun 12 16:01:46 ubuntu kernel: [    0.014565] pci 0000:00:0a.0: [1af4:1050] type 00 class 0x030000
Jun 12 16:01:46 ubuntu kernel: [    0.014635] pci 0000:00:0a.0: reg 0x10: [mem 0x10000000-0x13ffffff pref]
Jun 12 16:01:46 ubuntu kernel: [    0.014649] pci 0000:00:0a.0: reg 0x14: [mem 0x14008000-0x14008fff]
Jun 12 16:01:46 ubuntu kernel: [    0.014686] pci 0000:00:0a.0: reg 0x20: [mem 0x14000000-0x14003fff]
Jun 12 16:01:46 ubuntu kernel: [    0.014714] pci 0000:00:0a.0: BAR 0: assigned to efifb
Jun 12 16:01:46 ubuntu kernel: [    0.014781] pci 0000:00:0a.0: BAR 0: assigned [mem 0x10000000-0x13ffffff pref]
Jun 12 16:01:46 ubuntu kernel: [    0.014789] pci 0000:00:01.0: BAR 0: assigned [mem 0x14000000-0x14003fff]
Jun 12 16:01:46 ubuntu kernel: [    0.014791] pci 0000:00:0a.0: BAR 4: assigned [mem 0x14004000-0x14007fff]
Jun 12 16:01:46 ubuntu kernel: [    0.014799] pci 0000:00:03.0: BAR 0: assigned [mem 0x14008000-0x14008fff]
Jun 12 16:01:46 ubuntu kernel: [    0.014801] pci 0000:00:05.0: BAR 0: assigned [mem 0x14009000-0x14009fff]
Jun 12 16:01:46 ubuntu kernel: [    0.014805] pci 0000:00:05.0: BAR 1: assigned [mem 0x1400a000-0x1400afff]
Jun 12 16:01:46 ubuntu kernel: [    0.014811] pci 0000:00:09.0: BAR 0: assigned [mem 0x1400b000-0x1400bfff]
Jun 12 16:01:46 ubuntu kernel: [    0.014813] pci 0000:00:0a.0: BAR 1: assigned [mem 0x1400c000-0x1400cfff]
Jun 12 16:01:46 ubuntu kernel: [    0.014822] pci 0000:00:02.0: BAR 0: assigned [mem 0x1400d000-0x1400d3ff]
Jun 12 16:01:46 ubuntu kernel: [    0.014827] pci_bus 0000:00: resource 4 [io  0x0000-0xfffff window]
Jun 12 16:01:46 ubuntu kernel: [    0.014828] pci_bus 0000:00: resource 5 [mem 0x10000000-0x1fffffff window]
Jun 12 16:01:46 ubuntu kernel: [    0.015298] iommu: Default domain type: Translated
Jun 12 16:01:46 ubuntu kernel: [    0.015299] iommu: DMA domain TLB invalidation policy: strict mode
Jun 12 16:01:46 ubuntu kernel: [    0.015423] SCSI subsystem initialized
Jun 12 16:01:46 ubuntu kernel: [    0.015490] libata version 3.00 loaded.
Jun 12 16:01:46 ubuntu kernel: [    0.015502] ACPI: bus type USB registered
Jun 12 16:01:46 ubuntu kernel: [    0.015507] usbcore: registered new interface driver usbfs
Jun 12 16:01:46 ubuntu kernel: [    0.015511] usbcore: registered new interface driver hub
Jun 12 16:01:46 ubuntu kernel: [    0.015514] usbcore: registered new device driver usb
Jun 12 16:01:46 ubuntu kernel: [    0.015533] pps_core: LinuxPPS API ver. 1 registered
Jun 12 16:01:46 ubuntu kernel: [    0.015534] pps_core: Software ver. 5.3.6 - Copyright 2005-2007 Rodolfo Giometti <giometti@linux.it>
Jun 12 16:01:46 ubuntu kernel: [    0.015536] PTP clock support registered
Jun 12 16:01:46 ubuntu kernel: [    0.015614] EDAC MC: Ver: 3.0.0
Jun 12 16:01:46 ubuntu kernel: [    0.015709] scmi_core: SCMI protocol bus registered
Jun 12 16:01:46 ubuntu kernel: [    0.015746] efivars: Registered efivars operations
Jun 12 16:01:46 ubuntu kernel: [    0.015972] NetLabel: Initializing
Jun 12 16:01:46 ubuntu kernel: [    0.015973] NetLabel:  domain hash size = 128
Jun 12 16:01:46 ubuntu kernel: [    0.015973] NetLabel:  protocols = UNLABELED CIPSOv4 CALIPSO
Jun 12 16:01:46 ubuntu kernel: [    0.015980] NetLabel:  unlabeled traffic allowed by default
Jun 12 16:01:46 ubuntu kernel: [    0.016040] mctp: management component transport protocol core
Jun 12 16:01:46 ubuntu kernel: [    0.016041] NET: Registered PF_MCTP protocol family
Jun 12 16:01:46 ubuntu kernel: [    0.016097] pci 0000:00:0a.0: vgaarb: setting as boot VGA device
Jun 12 16:01:46 ubuntu kernel: [    0.016099] pci 0000:00:0a.0: vgaarb: bridge control possible
Jun 12 16:01:46 ubuntu kernel: [    0.016099] pci 0000:00:0a.0: vgaarb: VGA device added: decodes=io+mem,owns=io+mem,locks=none
Jun 12 16:01:46 ubuntu kernel: [    0.016100] vgaarb: loaded
Jun 12 16:01:46 ubuntu kernel: [    0.016190] clocksource: Switched to clocksource arch_sys_counter
Jun 12 16:01:46 ubuntu kernel: [    0.025806] VFS: Disk quotas dquot_6.6.0
Jun 12 16:01:46 ubuntu kernel: [    0.025822] VFS: Dquot-cache hash table entries: 512 (order 0, 4096 bytes)
Jun 12 16:01:46 ubuntu kernel: [    0.025942] AppArmor: AppArmor Filesystem Enabled
Jun 12 16:01:46 ubuntu kernel: [    0.025953] pnp: PnP ACPI init
Jun 12 16:01:46 ubuntu kernel: [    0.026045] pnp: PnP ACPI: found 0 devices
Jun 12 16:01:46 ubuntu kernel: [    0.028559] NET: Registered PF_INET protocol family
Jun 12 16:01:46 ubuntu kernel: [    0.028736] IP idents hash table entries: 65536 (order: 7, 524288 bytes, linear)
Jun 12 16:01:46 ubuntu kernel: [    0.029465] tcp_listen_portaddr_hash hash table entries: 2048 (order: 3, 32768 bytes, linear)
Jun 12 16:01:46 ubuntu kernel: [    0.029551] Table-perturb hash table entries: 65536 (order: 6, 262144 bytes, linear)
Jun 12 16:01:46 ubuntu kernel: [    0.029640] TCP established hash table entries: 32768 (order: 6, 262144 bytes, linear)
Jun 12 16:01:46 ubuntu kernel: [    0.029928] TCP bind hash table entries: 32768 (order: 8, 1048576 bytes, linear)
Jun 12 16:01:46 ubuntu kernel: [    0.029957] TCP: Hash tables configured (established 32768 bind 32768)
Jun 12 16:01:46 ubuntu kernel: [    0.030081] MPTCP token hash table entries: 4096 (order: 4, 98304 bytes, linear)
Jun 12 16:01:46 ubuntu kernel: [    0.030127] UDP hash table entries: 2048 (order: 4, 65536 bytes, linear)
Jun 12 16:01:46 ubuntu kernel: [    0.030148] UDP-Lite hash table entries: 2048 (order: 4, 65536 bytes, linear)
Jun 12 16:01:46 ubuntu kernel: [    0.030187] NET: Registered PF_UNIX/PF_LOCAL protocol family
Jun 12 16:01:46 ubuntu kernel: [    0.030191] NET: Registered PF_XDP protocol family
Jun 12 16:01:46 ubuntu kernel: [    0.030217] pci 0000:00:03.0: enabling device (0010 -> 0012)
Jun 12 16:01:46 ubuntu kernel: [    0.030235] PCI: CLS 0 bytes, default 64
Jun 12 16:01:46 ubuntu kernel: [    0.030275] Trying to unpack rootfs image as initramfs...
Jun 12 16:01:46 ubuntu kernel: [    0.036260] kvm [1]: HYP mode not available
Jun 12 16:01:46 ubuntu kernel: [    0.036401] Initialise system trusted keyrings
Jun 12 16:01:46 ubuntu kernel: [    0.036409] Key type blacklist registered
Jun 12 16:01:46 ubuntu kernel: [    0.036436] workingset: timestamp_bits=40 max_order=20 bucket_order=0
Jun 12 16:01:46 ubuntu kernel: [    0.036450] zbud: loaded
Jun 12 16:01:46 ubuntu kernel: [    0.037301] squashfs: version 4.0 (2009/01/31) Phillip Lougher
Jun 12 16:01:46 ubuntu kernel: [    0.037637] fuse: init (API version 7.38)
Jun 12 16:01:46 ubuntu kernel: [    0.037739] integrity: Platform Keyring initialized
Jun 12 16:01:46 ubuntu kernel: [    0.037741] integrity: Machine keyring initialized
Jun 12 16:01:46 ubuntu kernel: [    0.040821] Key type asymmetric registered
Jun 12 16:01:46 ubuntu kernel: [    0.040821] Asymmetric key parser 'x509' registered
Jun 12 16:01:46 ubuntu kernel: [    0.040848] Block layer SCSI generic (bsg) driver version 0.4 loaded (major 242)
Jun 12 16:01:46 ubuntu kernel: [    0.040873] io scheduler mq-deadline registered
Jun 12 16:01:46 ubuntu kernel: [    0.041258] shpchp: Standard Hot Plug PCI Controller Driver version: 0.4
Jun 12 16:01:46 ubuntu kernel: [    0.041474] ACPI: AC: AC Adapter [ADP0] (off-line)
Jun 12 16:01:46 ubuntu kernel: [    0.041503] input: Power Button as /devices/LNXSYSTM:00/LNXSYBUS:00/PNP0C0C:00/input/input0
Jun 12 16:01:46 ubuntu kernel: [    0.041519] ACPI: button: Power Button [PWRB]
Jun 12 16:01:46 ubuntu kernel: [    0.041598] ACPI GTDT: Revision:1 doesn't support Platform Timers.
Jun 12 16:01:46 ubuntu kernel: [    0.042194] virtio-pci 0000:00:05.0: virtio_pci: leaving for legacy driver
Jun 12 16:01:46 ubuntu kernel: [    0.042559] Serial: 8250/16550 driver, 32 ports, IRQ sharing enabled
Jun 12 16:01:46 ubuntu kernel: [    0.043399] SuperH (H)SCI(F) driver initialized
Jun 12 16:01:46 ubuntu kernel: [    0.043421] msm_serial: driver initialized
Jun 12 16:01:46 ubuntu kernel: [    0.043590] ACPI: battery: Slot [BAT0] (battery present)
Jun 12 16:01:46 ubuntu kernel: [    0.044922] loop: module loaded
Jun 12 16:01:46 ubuntu kernel: [    0.045289] tun: Universal TUN/TAP device driver, 1.6
Jun 12 16:01:46 ubuntu kernel: [    0.045662] PPP generic driver version 2.4.2
Jun 12 16:01:46 ubuntu kernel: [    0.045763] ehci-pci 0000:00:02.0: EHCI Host Controller
Jun 12 16:01:46 ubuntu kernel: [    0.045766] ehci-pci 0000:00:02.0: new USB bus registered, assigned bus number 1
Jun 12 16:01:46 ubuntu kernel: [    0.045823] ehci-pci 0000:00:02.0: Enabling legacy PCI PM
Jun 12 16:01:46 ubuntu kernel: [    0.045842] ehci-pci 0000:00:02.0: irq 21, io mem 0x1400d000
Jun 12 16:01:46 ubuntu kernel: [    0.045922] mousedev: PS/2 mouse device common for all mice
Jun 12 16:01:46 ubuntu kernel: [    0.046359] rtc-efi rtc-efi.0: registered as rtc0
Jun 12 16:01:46 ubuntu kernel: [    0.046386] rtc-efi rtc-efi.0: setting system clock to 2024-06-12T16:01:35 UTC (1718208095)
Jun 12 16:01:46 ubuntu kernel: [    0.046409] i2c_dev: i2c /dev entries driver
Jun 12 16:01:46 ubuntu kernel: [    0.046493] device-mapper: core: CONFIG_IMA_DISABLE_HTABLE is disabled. Duplicate IMA measurements will not be recorded in the IMA log.
Jun 12 16:01:46 ubuntu kernel: [    0.046505] device-mapper: uevent: version 1.0.3
Jun 12 16:01:46 ubuntu kernel: [    0.046648] device-mapper: ioctl: 4.48.0-ioctl (2023-03-01) initialised: dm-devel@redhat.com
Jun 12 16:01:46 ubuntu kernel: [    0.046749] ledtrig-cpu: registered to indicate activity on CPUs
Jun 12 16:01:46 ubuntu kernel: [    0.046853] No ACPI PMU IRQ for CPU0
Jun 12 16:01:46 ubuntu kernel: [    0.046854] No ACPI PMU IRQ for CPU1
Jun 12 16:01:46 ubuntu kernel: [    0.046890] drop_monitor: Initializing network drop monitor service
Jun 12 16:01:46 ubuntu kernel: [    0.056491] NET: Registered PF_INET6 protocol family
Jun 12 16:01:46 ubuntu kernel: [    0.064230] ehci-pci 0000:00:02.0: USB 2.0 started, EHCI 1.00
Jun 12 16:01:46 ubuntu kernel: [    0.064274] usb usb1: New USB device found, idVendor=1d6b, idProduct=0002, bcdDevice= 6.05
Jun 12 16:01:46 ubuntu kernel: [    0.064275] usb usb1: New USB device strings: Mfr=3, Product=2, SerialNumber=1
Jun 12 16:01:46 ubuntu kernel: [    0.064276] usb usb1: Product: EHCI Host Controller
Jun 12 16:01:46 ubuntu kernel: [    0.064276] usb usb1: Manufacturer: Linux 6.5.0-41-generic ehci_hcd
Jun 12 16:01:46 ubuntu kernel: [    0.064277] usb usb1: SerialNumber: 0000:00:02.0
Jun 12 16:01:46 ubuntu kernel: [    0.064332] hub 1-0:1.0: USB hub found
Jun 12 16:01:46 ubuntu lvm[220]:   2 logical volume(s) in volume group "server-vg" monitored
Jun 12 16:01:46 ubuntu systemd[1]: Starting Flush Journal to Persistent Storage...
Jun 12 16:01:46 ubuntu systemd[1]: Finished Load/Save Random Seed.
Jun 12 16:01:46 ubuntu systemd[1]: Condition check resulted in First Boot Complete being skipped.
Jun 12 16:01:46 ubuntu systemd[1]: Finished Monitoring of LVM2 mirrors, snapshots etc. using dmeventd or progress polling.
Jun 12 16:01:46 ubuntu systemd[1]: Finished Create System Users.
Jun 12 16:01:46 ubuntu systemd[1]: Starting Create Static Device Nodes in /dev...
Jun 12 16:01:46 ubuntu systemd[1]: Finished Set the console keyboard layout.
Jun 12 16:01:46 ubuntu systemd[1]: Finished Flush Journal to Persistent Storage.
Jun 12 16:01:46 ubuntu systemd[1]: Finished Create Static Device Nodes in /dev.
Jun 12 16:01:46 ubuntu systemd[1]: Reached target Preparation for Local File Systems.
Jun 12 16:01:46 ubuntu systemd[1]: Mounting Mount unit for bare, revision 5...
Jun 12 16:01:46 ubuntu systemd[1]: Mounting Mount unit for core22, revision 1383...
Jun 12 16:01:46 ubuntu systemd[1]: Mounting Mount unit for firefox, revision 4339...
Jun 12 16:01:46 ubuntu systemd[1]: Mounting Mount unit for gnome-42-2204, revision 178...
Jun 12 16:01:46 ubuntu systemd[1]: Mounting Mount unit for gtk-common-themes, revision 1535...
Jun 12 16:01:46 ubuntu systemd[1]: Mounting Mount unit for snap-store, revision 1114...
Jun 12 16:01:46 ubuntu systemd[1]: Mounting Mount unit for snapd, revision 21761...
Jun 12 16:01:46 ubuntu systemd[1]: Mounting Mount unit for snapd-desktop-integration, revision 159...
Jun 12 16:01:46 ubuntu systemd[1]: Starting Rule-based Manager for Device Events and Files...
Jun 12 16:01:46 ubuntu systemd[1]: Mounted Mount unit for bare, revision 5.
Jun 12 16:01:46 ubuntu systemd[1]: Mounted Mount unit for snapd-desktop-integration, revision 159.
Jun 12 16:01:46 ubuntu systemd[1]: Mounted Mount unit for gtk-common-themes, revision 1535.
Jun 12 16:01:46 ubuntu systemd[1]: Mounted Mount unit for snapd, revision 21761.
Jun 12 16:01:46 ubuntu systemd[1]: Mounted Mount unit for snap-store, revision 1114.
Jun 12 16:01:46 ubuntu systemd[1]: Mounted Mount unit for gnome-42-2204, revision 178.
Jun 12 16:01:46 ubuntu systemd[1]: Mounted Mount unit for core22, revision 1383.
Jun 12 16:01:46 ubuntu systemd[1]: Mounted Mount unit for firefox, revision 4339.
Jun 12 16:01:46 ubuntu systemd[1]: Reached target Mounted snaps.
Jun 12 16:01:46 ubuntu systemd[1]: Finished Coldplug All udev Devices.
Jun 12 16:01:46 ubuntu systemd[1]: Started Rule-based Manager for Device Events and Files.
Jun 12 16:01:46 ubuntu systemd[1]: Starting Show Plymouth Boot Screen...
Jun 12 16:01:46 ubuntu systemd[1]: Received SIGRTMIN+20 from PID 276 (plymouthd).
Jun 12 16:01:46 ubuntu systemd[1]: Started Show Plymouth Boot Screen.
Jun 12 16:01:46 ubuntu systemd[1]: Condition check resulted in Dispatch Password Requests to Console Directory Watch being skipped.
Jun 12 16:01:46 ubuntu systemd[1]: Started Forward Password Requests to Plymouth Directory Watch.
Jun 12 16:01:46 ubuntu systemd[1]: Reached target Local Encrypted Volumes.
Jun 12 16:01:46 ubuntu mtp-probe: checking bus 3, device 3: "/sys/devices/pci0000:00/0000:00:03.0/usb3/3-2"
Jun 12 16:01:46 ubuntu mtp-probe: bus: 3, device: 3 was not an MTP device
Jun 12 16:01:46 ubuntu mtp-probe: checking bus 3, device 4: "/sys/devices/pci0000:00/0000:00:03.0/usb3/3-3"
Jun 12 16:01:46 ubuntu mtp-probe: bus: 3, device: 4 was not an MTP device
Jun 12 16:01:46 ubuntu mtp-probe: checking bus 3, device 2: "/sys/devices/pci0000:00/0000:00:03.0/usb3/3-1"
Jun 12 16:01:46 ubuntu mtp-probe: bus: 3, device: 2 was not an MTP device
Jun 12 16:01:46 ubuntu mtp-probe: checking bus 3, device 5: "/sys/devices/pci0000:00/0000:00:03.0/usb3/3-4"
Jun 12 16:01:46 ubuntu mtp-probe: bus: 3, device: 5 was not an MTP device
Jun 12 16:01:46 ubuntu systemd-udevd[270]: Using default interface naming scheme 'v249'.
Jun 12 16:01:46 ubuntu systemd-udevd[257]: sda: Process '/usr/bin/unshare -m /usr/bin/snap auto-import --mount=/dev/sda' failed with exit code 1.
Jun 12 16:01:46 ubuntu systemd-udevd[259]: sdb: Process '/usr/bin/unshare -m /usr/bin/snap auto-import --mount=/dev/sdb' failed with exit code 1.
Jun 12 16:01:46 ubuntu systemd[1]: Listening on Load/Save RF Kill Switch Status /dev/rfkill Watch.
Jun 12 16:01:46 ubuntu systemd-udevd[268]: sr1: Process '/usr/bin/unshare -m /usr/bin/snap auto-import --mount=/dev/sr1' failed with exit code 1.
Jun 12 16:01:46 ubuntu systemd-udevd[264]: dm-1: Process '/usr/bin/unshare -m /usr/bin/snap auto-import --mount=/dev/dm-1' failed with exit code 1.
Jun 12 16:01:46 ubuntu systemd[1]: Found device /dev/mapper/server--vg-swap_1.
Jun 12 16:01:46 ubuntu systemd[1]: Activating swap /dev/mapper/server--vg-swap_1...
Jun 12 16:01:46 ubuntu systemd-udevd[260]: dm-0: Process '/usr/bin/unshare -m /usr/bin/snap auto-import --mount=/dev/dm-0' failed with exit code 1.
Jun 12 16:01:46 ubuntu systemd-udevd[258]: sda2: Process '/usr/bin/unshare -m /usr/bin/snap auto-import --mount=/dev/sda2' failed with exit code 1.
Jun 12 16:01:46 ubuntu systemd-udevd[263]: sda1: Process '/usr/bin/unshare -m /usr/bin/snap auto-import --mount=/dev/sda1' failed with exit code 1.
Jun 12 16:01:46 ubuntu systemd[1]: Activated swap /dev/mapper/server--vg-swap_1.
Jun 12 16:01:46 ubuntu systemd[1]: Found device elrond-0_SSD 1.
Jun 12 16:01:46 ubuntu systemd[1]: Created slice Slice /system/lvm2-pvscan.
Jun 12 16:01:46 ubuntu systemd[1]: Reached target Swaps.
Jun 12 16:01:46 ubuntu systemd[1]: Starting LVM event activation on device 8:2...
Jun 12 16:01:46 ubuntu systemd[1]: Starting File System Check on /dev/disk/by-uuid/5717-A79F...
Jun 12 16:01:46 ubuntu lvm[358]:   pvscan[358] PV /dev/sda2 online, VG server-vg is complete.
Jun 12 16:01:46 ubuntu lvm[358]:   pvscan[358] VG server-vg skip autoactivation.
Jun 12 16:01:46 ubuntu systemd-fsck[362]: fsck.fat 4.2 (2021-01-31)
Jun 12 16:01:46 ubuntu systemd-fsck[362]: /dev/sda1: 6 files, 674/65500 clusters
Jun 12 16:01:46 ubuntu systemd[1]: Started File System Check Daemon to report status.
Jun 12 16:01:46 ubuntu systemd[1]: Finished File System Check on /dev/disk/by-uuid/5717-A79F.
Jun 12 16:01:46 ubuntu systemd[1]: Mounting /boot/efi...
Jun 12 16:01:46 ubuntu systemd-udevd[270]: sr0: Process '/usr/bin/unshare -m /usr/bin/snap auto-import --mount=/dev/sr0' failed with exit code 1.
Jun 12 16:01:46 ubuntu systemd[1]: Mounted /boot/efi.
Jun 12 16:01:46 ubuntu systemd[1]: Reached target Local File Systems.
Jun 12 16:01:46 ubuntu systemd[1]: Starting Load AppArmor profiles...
Jun 12 16:01:46 ubuntu systemd[1]: Starting Set console font and keymap...
Jun 12 16:01:46 ubuntu systemd[1]: Starting Tell Plymouth To Write Out Runtime Data...
Jun 12 16:01:46 ubuntu systemd[1]: Starting Set Up Additional Binary Formats...
Jun 12 16:01:46 ubuntu systemd[1]: Condition check resulted in Store a System Token in an EFI Variable being skipped.
Jun 12 16:01:46 ubuntu systemd[1]: Starting Commit a transient machine-id on disk...
Jun 12 16:01:46 ubuntu apparmor.systemd[379]: Restarting AppArmor
Jun 12 16:01:46 ubuntu apparmor.systemd[379]: Reloading AppArmor profiles
Jun 12 16:01:46 ubuntu systemd[1]: Starting Create Volatile Files and Directories...
Jun 12 16:01:46 ubuntu systemd[1]: Starting Uncomplicated firewall...
Jun 12 16:01:46 ubuntu systemd[1]: Finished LVM event activation on device 8:2.
Jun 12 16:01:46 ubuntu systemd[1]: Finished Set console font and keymap.
Jun 12 16:01:46 ubuntu systemd[1]: proc-sys-fs-binfmt_misc.automount: Got automount request for /proc/sys/fs/binfmt_misc, triggered by 383 (systemd-binfmt)
Jun 12 16:01:46 ubuntu systemd[1]: Mounting Arbitrary Executable File Formats File System...
Jun 12 16:01:46 ubuntu systemd[1]: Finished Commit a transient machine-id on disk.
Jun 12 16:01:46 ubuntu systemd[1]: Finished Create Volatile Files and Directories.
Jun 12 16:01:46 ubuntu systemd[1]: Finished Uncomplicated firewall.
Jun 12 16:01:46 ubuntu systemd[1]: Reached target Preparation for Network.
Jun 12 16:01:46 ubuntu systemd[1]: Starting Userspace Out-Of-Memory (OOM) Killer...
Jun 12 16:01:46 ubuntu systemd[1]: Starting Network Name Resolution...
Jun 12 16:01:46 ubuntu systemd[1]: Starting Network Time Synchronization...
Jun 12 16:01:46 ubuntu systemd[1]: Starting Record System Boot/Shutdown in UTMP...
Jun 12 16:01:46 ubuntu systemd[1]: Finished Tell Plymouth To Write Out Runtime Data.
Jun 12 16:01:46 ubuntu systemd[1]: etc-machine\x2did.mount: Deactivated successfully.
Jun 12 16:01:46 ubuntu systemd[1]: Mounted Arbitrary Executable File Formats File System.
Jun 12 16:01:46 ubuntu systemd[1]: Received SIGRTMIN+20 from PID 276 (plymouthd).
Jun 12 16:01:46 ubuntu systemd[1]: Finished Set Up Additional Binary Formats.
Jun 12 16:01:46 ubuntu systemd[1]: Finished Record System Boot/Shutdown in UTMP.
Jun 12 16:01:46 ubuntu systemd-udevd[270]: controlC0: Process '/usr/sbin/alsactl -E HOME=/run/alsa -E XDG_RUNTIME_DIR=/run/alsa/runtime restore 0' failed with exit code 99.
Jun 12 16:01:46 ubuntu systemd[1]: Condition check resulted in Dispatch Password Requests to Console Directory Watch being skipped.
Jun 12 16:01:46 ubuntu systemd[1]: Starting Load Kernel Module efi_pstore...
Jun 12 16:01:46 ubuntu systemd[1]: Condition check resulted in Store a System Token in an EFI Variable being skipped.
Jun 12 16:01:46 ubuntu systemd[1]: modprobe@efi_pstore.service: Deactivated successfully.
Jun 12 16:01:46 ubuntu systemd[1]: Finished Load Kernel Module efi_pstore.
Jun 12 16:01:46 ubuntu systemd[1]: Condition check resulted in Platform Persistent Storage Archival being skipped.
Jun 12 16:01:46 ubuntu systemd[1]: Started Userspace Out-Of-Memory (OOM) Killer.
Jun 12 16:01:46 ubuntu systemd[1]: Started Network Time Synchronization.
Jun 12 16:01:46 ubuntu systemd[1]: Reached target System Time Set.
Jun 12 16:01:46 ubuntu systemd-resolved[414]: Positive Trust Anchors:
Jun 12 16:01:46 ubuntu systemd-resolved[414]: . IN DS 20326 8 2 e06d44b80b8f1d39a95c0b0d7c65d08458e880409bbc683457104237c7f8ec8d
Jun 12 16:01:46 ubuntu systemd-resolved[414]: Negative trust anchors: home.arpa 10.in-addr.arpa 16.172.in-addr.arpa 17.172.in-addr.arpa 18.172.in-addr.arpa 19.172.in-addr.arpa 20.172.in-addr.arpa 21.172.in-addr.arpa 22.172.in-addr.arpa 23.172.in-addr.arpa 24.172.in-addr.arpa 25.172.in-addr.arpa 26.172.in-addr.arpa 27.172.in-addr.arpa 28.172.in-addr.arpa 29.172.in-addr.arpa 30.172.in-addr.arpa 31.172.in-addr.arpa 168.192.in-addr.arpa d.f.ip6.arpa corp home internal intranet lan local private test
Jun 12 16:01:46 ubuntu systemd-resolved[414]: Using system hostname 'ubuntu'.
Jun 12 16:01:46 ubuntu systemd[1]: Started Network Name Resolution.
Jun 12 16:01:46 ubuntu systemd[1]: Reached target Host and Network Name Lookups.
Jun 12 16:01:46 ubuntu apparmor.systemd[598]: Skipping profile in /etc/apparmor.d/disable: usr.sbin.rsyslogd
Jun 12 16:01:46 ubuntu systemd[1]: Finished Load AppArmor profiles.
Jun 12 16:01:46 ubuntu systemd[1]: Starting Load AppArmor profiles managed internally by snapd...
Jun 12 16:01:46 ubuntu snapd-apparmor[599]: main.go:124: Loading profiles [/var/lib/snapd/apparmor/profiles/snap-confine.snapd.21761 /var/lib/snapd/apparmor/profiles/snap-update-ns.firefox /var/lib/snapd/apparmor/profiles/snap-update-ns.snap-store /var/lib/snapd/apparmor/profiles/snap-update-ns.snapd-desktop-integration /var/lib/snapd/apparmor/profiles/snap.firefox.firefox /var/lib/snapd/apparmor/profiles/snap.firefox.geckodriver /var/lib/snapd/apparmor/profiles/snap.firefox.hook.configure /var/lib/snapd/apparmor/profiles/snap.firefox.hook.connect-plug-host-hunspell /var/lib/snapd/apparmor/profiles/snap.firefox.hook.disconnect-plug-host-hunspell /var/lib/snapd/apparmor/profiles/snap.firefox.hook.post-refresh /var/lib/snapd/apparmor/profiles/snap.snap-store.hook.configure /var/lib/snapd/apparmor/profiles/snap.snap-store.snap-store /var/lib/snapd/apparmor/profiles/snap.snap-store.ubuntu-software /var/lib/snapd/apparmor/profiles/snap.snap-store.ubuntu-software-local-file /var/lib/snapd/apparmor/profiles/snap.snapd-desktop-integration.hook.configure /var/lib/snapd/apparmor/profiles/snap.snapd-desktop-integration.snapd-desktop-integration]
Jun 12 16:01:46 ubuntu systemd[1]: Finished Load AppArmor profiles managed internally by snapd.
Jun 12 16:01:46 ubuntu systemd[1]: Reached target System Initialization.
Jun 12 16:01:46 ubuntu systemd[1]: Condition check resulted in Process error reports when automatic reporting is enabled (file watch) being skipped.
Jun 12 16:01:46 ubuntu systemd[1]: Started CUPS Scheduler.
Jun 12 16:01:46 ubuntu systemd[1]: Started Start whoopsie on modification of the /var/crash directory.
Jun 12 16:01:46 ubuntu systemd[1]: Started Trigger anacron every hour.
Jun 12 16:01:46 ubuntu systemd[1]: Condition check resulted in Process error reports when automatic reporting is enabled (timer based) being skipped.
Jun 12 16:01:46 ubuntu systemd[1]: Started Daily apt download activities.
Jun 12 16:01:46 ubuntu systemd[1]: Started Daily apt upgrade and clean activities.
Jun 12 16:01:46 ubuntu systemd[1]: Started Daily dpkg database backup timer.
Jun 12 16:01:46 ubuntu systemd[1]: Started Periodic ext4 Online Metadata Check for All Filesystems.
Jun 12 16:01:46 ubuntu systemd[1]: Started Discard unused blocks once a week.
Jun 12 16:01:46 ubuntu systemd[1]: Started Refresh fwupd metadata regularly.
Jun 12 16:01:46 ubuntu systemd[1]: Started Daily rotation of log files.
Jun 12 16:01:46 ubuntu kernel: [    0.064335] hub 1-0:1.0: 15 ports detected
Jun 12 16:01:46 ubuntu systemd[1]: Started Daily man-db regeneration.
Jun 12 16:01:46 ubuntu systemd[1]: Started Message of the Day.
Jun 12 16:01:46 ubuntu kernel: [    0.301891] Freeing initrd memory: 71608K
Jun 12 16:01:46 ubuntu kernel: [    0.305621] Segment Routing with IPv6
Jun 12 16:01:46 ubuntu systemd[1]: Condition check resulted in Timer to automatically fetch and run repair assertions being skipped.
Jun 12 16:01:46 ubuntu kernel: [    0.305639] In-situ OAM (IOAM) with IPv6
Jun 12 16:01:46 ubuntu kernel: [    0.305657] NET: Registered PF_PACKET protocol family
Jun 12 16:01:46 ubuntu kernel: [    0.305714] Key type dns_resolver registered
Jun 12 16:01:46 ubuntu kernel: [    0.306391] registered taskstats version 1
Jun 12 16:01:46 ubuntu kernel: [    0.306515] Loading compiled-in X.509 certificates
Jun 12 16:01:46 ubuntu systemd[1]: Started Daily Cleanup of Temporary Directories.
Jun 12 16:01:46 ubuntu kernel: [    0.306845] Loaded X.509 cert 'Build time autogenerated kernel key: 951537c0248d43aea89ac197d037e00728922a32'
Jun 12 16:01:46 ubuntu kernel: [    0.307088] Loaded X.509 cert 'Canonical Ltd. Live Patch Signing: 14df34d1a87cf37625abec039ef2bf521249b969'
Jun 12 16:01:46 ubuntu kernel: [    0.307326] Loaded X.509 cert 'Canonical Ltd. Kernel Module Signing: 88f752e560a1e0737e31163a466ad7b70a850c19'
Jun 12 16:01:46 ubuntu systemd[1]: Condition check resulted in Ubuntu Pro Timer for running repeated jobs being skipped.
Jun 12 16:01:46 ubuntu systemd[1]: Reached target Path Units.
Jun 12 16:01:46 ubuntu systemd[1]: Condition check resulted in Unix socket for apport crash forwarding being skipped.
Jun 12 16:01:46 ubuntu systemd[1]: Listening on Avahi mDNS/DNS-SD Stack Activation Socket.
Jun 12 16:01:46 ubuntu systemd[1]: Listening on CUPS Scheduler.
Jun 12 16:01:46 ubuntu systemd[1]: Listening on D-Bus System Message Bus Socket.
Jun 12 16:01:46 ubuntu systemd[1]: Starting Socket activation for snappy daemon...
Jun 12 16:01:46 ubuntu systemd[1]: Listening on UUID daemon activation socket.
Jun 12 16:01:46 ubuntu systemd[1]: Listening on Socket activation for snappy daemon.
Jun 12 16:01:46 ubuntu systemd[1]: Reached target Socket Units.
Jun 12 16:01:46 ubuntu systemd[1]: Reached target Basic System.
Jun 12 16:01:46 ubuntu systemd[1]: Starting Accounts Service...
Jun 12 16:01:46 ubuntu systemd[1]: Condition check resulted in Run anacron jobs being skipped.
Jun 12 16:01:46 ubuntu systemd[1]: Starting LSB: automatic crash report generation...
Jun 12 16:01:46 ubuntu systemd[1]: Starting Avahi mDNS/DNS-SD Stack...
Jun 12 16:01:46 ubuntu systemd[1]: Started Regular background program processing daemon.
Jun 12 16:01:46 ubuntu systemd[1]: Started D-Bus System Message Bus.
Jun 12 16:01:46 ubuntu systemd[1]: Starting Network Manager...
Jun 12 16:01:46 ubuntu systemd[1]: Started Save initial kernel messages after boot.
Jun 12 16:01:46 ubuntu systemd[1]: Starting Remove Stale Online ext4 Metadata Check Snapshots...
Jun 12 16:01:46 ubuntu systemd[1]: Condition check resulted in getty on tty2-tty6 if dbus and logind are not available being skipped.
Jun 12 16:01:46 ubuntu systemd[1]: Reached target Login Prompts.
Jun 12 16:01:46 ubuntu systemd[1]: Starting Record successful boot for GRUB...
Jun 12 16:01:46 ubuntu avahi-daemon[629]: Found user 'avahi' (UID 114) and group 'avahi' (GID 121).
Jun 12 16:01:46 ubuntu systemd[1]: Started irqbalance daemon.
Jun 12 16:01:46 ubuntu systemd[1]: Starting Dispatcher daemon for systemd-networkd...
Jun 12 16:01:46 ubuntu systemd[1]: Starting Authorization Manager...
Jun 12 16:01:46 ubuntu cron[630]: (CRON) INFO (pidfile fd = 3)
Jun 12 16:01:46 ubuntu systemd[1]: Starting Power Profiles daemon...
Jun 12 16:01:46 ubuntu cron[630]: (CRON) INFO (Running @reboot jobs)
Jun 12 16:01:46 ubuntu systemd[1]: Starting System Logging Service...
Jun 12 16:01:46 ubuntu /usr/sbin/irqbalance: IRQ arch_timer(10) guessed as class 0
Jun 12 16:01:46 ubuntu /usr/sbin/irqbalance: IRQ ACPI:Ged(12) guessed as class 0
Jun 12 16:01:46 ubuntu /usr/sbin/irqbalance: IRQ virtio0(14) guessed as class 0
Jun 12 16:01:46 ubuntu /usr/sbin/irqbalance: IRQ ahci[PRL4010:00](15) guessed as class 0
Jun 12 16:01:46 ubuntu /usr/sbin/irqbalance: IRQ virtio1-config(18) guessed as class 0
Jun 12 16:01:46 ubuntu /usr/sbin/irqbalance: IRQ virtio1-input.0(19) guessed as class 0
Jun 12 16:01:46 ubuntu /usr/sbin/irqbalance: IRQ virtio1-output.0(20) guessed as class 0
Jun 12 16:01:46 ubuntu /usr/sbin/irqbalance: IRQ ehci_hcd:usb1(21) guessed as class 0
Jun 12 16:01:46 ubuntu /usr/sbin/irqbalance: IRQ xhci_hcd(23) guessed as class 0
Jun 12 16:01:46 ubuntu /usr/sbin/irqbalance: IRQ snd_hda_intel:card0(25) guessed as class 0
Jun 12 16:01:46 ubuntu kernel: [    0.307327] blacklist: Loading compiled-in revocation X.509 certificates
Jun 12 16:01:46 ubuntu /usr/sbin/irqbalance: IRQ virtio2-config(26) guessed as class 0
Jun 12 16:01:46 ubuntu kernel: [    0.307336] Loaded X.509 cert 'Canonical Ltd. Secure Boot Signing: 61482aa2830d0ab2ad5af10b7250da9033ddcef0'
Jun 12 16:01:46 ubuntu /usr/sbin/irqbalance: IRQ virtio2-virtqueues(27) guessed as class 0
Jun 12 16:01:46 ubuntu kernel: [    0.307344] Loaded X.509 cert 'Canonical Ltd. Secure Boot Signing (2017): 242ade75ac4a15e50d50c84b0d45ff3eae707a03'
Jun 12 16:01:46 ubuntu kernel: [    0.307351] Loaded X.509 cert 'Canonical Ltd. Secure Boot Signing (ESM 2018): 365188c1d374d6b07c3c8f240f8ef722433d6a8b'
Jun 12 16:01:46 ubuntu kernel: [    0.307358] Loaded X.509 cert 'Canonical Ltd. Secure Boot Signing (2019): c0746fd6c5da3ae827864651ad66ae47fe24b3e8'
Jun 12 16:01:46 ubuntu kernel: [    0.307366] Loaded X.509 cert 'Canonical Ltd. Secure Boot Signing (2021 v1): a8d54bbb3825cfb94fa13c9f8a594a195c107b8d'
Jun 12 16:01:46 ubuntu systemd[1]: Condition check resulted in Secure Boot updates for DB and DBX being skipped.
Jun 12 16:01:46 ubuntu systemd[1]: Condition check resulted in Automatically repair incorrect owner/permissions on core devices being skipped.
Jun 12 16:01:46 ubuntu systemd[1]: Condition check resulted in Wait for the Ubuntu Core chooser trigger being skipped.
Jun 12 16:01:46 ubuntu systemd[1]: Reached target Preparation for Logins.
Jun 12 16:01:46 ubuntu systemd[1]: Starting Wait until snapd is fully seeded...
Jun 12 16:01:46 ubuntu systemd[1]: Starting Snap Daemon...
Jun 12 16:01:46 ubuntu systemd[1]: Starting Switcheroo Control Proxy service...
Jun 12 16:01:46 ubuntu systemd[1]: Starting User Login Management...
Jun 12 16:01:46 ubuntu dbus-daemon[631]: [system] AppArmor D-Bus mediation is enabled
Jun 12 16:01:46 ubuntu systemd[1]: Condition check resulted in Ubuntu Pro reboot cmds being skipped.
Jun 12 16:01:46 ubuntu systemd[1]: Starting Disk Manager...
Jun 12 16:01:46 ubuntu systemd[1]: Starting WPA supplicant...
Jun 12 16:01:46 ubuntu avahi-daemon[629]: Successfully dropped root privileges.
Jun 12 16:01:46 ubuntu avahi-daemon[629]: avahi-daemon 0.8 starting up.
Jun 12 16:01:46 ubuntu rsyslogd: imuxsock: Acquired UNIX socket '/run/systemd/journal/syslog' (fd 3) from systemd.  [v8.2112.0]
Jun 12 16:01:46 ubuntu rsyslogd: rsyslogd's groupid changed to 111
Jun 12 16:01:46 ubuntu rsyslogd: rsyslogd's userid changed to 104
Jun 12 16:01:46 ubuntu rsyslogd: [origin software="rsyslogd" swVersion="8.2112.0" x-pid="643" x-info="https://www.rsyslog.com"] start
Jun 12 16:01:46 ubuntu kernel: [    0.307382] Loaded X.509 cert 'Canonical Ltd. Secure Boot Signing (2021 v2): 4cf046892d6fd3c9a5b03f98d845f90851dc6a8c'
Jun 12 16:01:46 ubuntu kernel: [    0.307393] Loaded X.509 cert 'Canonical Ltd. Secure Boot Signing (2021 v3): 100437bb6de6e469b581e61cd66bce3ef4ed53af'
Jun 12 16:01:46 ubuntu kernel: [    0.307408] Loaded X.509 cert 'Canonical Ltd. Secure Boot Signing (Ubuntu Core 2019): c1d57b8f6b743f23ee41f4f7ee292f06eecadfb9'
Jun 12 16:01:46 ubuntu kernel: [    0.308438] Key type .fscrypt registered
Jun 12 16:01:46 ubuntu kernel: [    0.308438] Key type fscrypt-provisioning registered
Jun 12 16:01:46 ubuntu kernel: [    0.309934] Key type encrypted registered
Jun 12 16:01:46 ubuntu kernel: [    0.309937] AppArmor: AppArmor sha1 policy hashing enabled
Jun 12 16:01:46 ubuntu kernel: [    0.310049] ima: secureboot mode disabled
Jun 12 16:01:46 ubuntu kernel: [    0.310052] ima: No TPM chip found, activating TPM-bypass!
Jun 12 16:01:46 ubuntu kernel: [    0.310057] Loading compiled-in module X.509 certificates
Jun 12 16:01:46 ubuntu kernel: [    0.310317] Loaded X.509 cert 'Build time autogenerated kernel key: 951537c0248d43aea89ac197d037e00728922a32'
Jun 12 16:01:46 ubuntu kernel: [    0.310318] ima: Allocated hash algorithm: sha1
Jun 12 16:01:46 ubuntu kernel: [    0.310323] ima: No architecture policies found
Jun 12 16:01:46 ubuntu kernel: [    0.310332] evm: Initialising EVM extended attributes:
Jun 12 16:01:46 ubuntu kernel: [    0.310332] evm: security.selinux
Jun 12 16:01:46 ubuntu kernel: [    0.310333] evm: security.SMACK64
Jun 12 16:01:46 ubuntu kernel: [    0.310333] evm: security.SMACK64EXEC
Jun 12 16:01:46 ubuntu kernel: [    0.310334] evm: security.SMACK64TRANSMUTE
Jun 12 16:01:46 ubuntu kernel: [    0.310334] evm: security.SMACK64MMAP
Jun 12 16:01:46 ubuntu kernel: [    0.310334] evm: security.apparmor
Jun 12 16:01:46 ubuntu kernel: [    0.310335] evm: security.ima
Jun 12 16:01:46 ubuntu kernel: [    0.310335] evm: security.capability
Jun 12 16:01:46 ubuntu kernel: [    0.310335] evm: HMAC attrs: 0x1
Jun 12 16:01:46 ubuntu kernel: [    0.311974] clk: Disabling unused clocks
Jun 12 16:01:46 ubuntu kernel: [    0.313083] Freeing unused kernel memory: 11712K
Jun 12 16:01:46 ubuntu kernel: [    0.329444] Checked W+X mappings: passed, no W+X pages found
Jun 12 16:01:46 ubuntu kernel: [    0.329448] Run /init as init process
Jun 12 16:01:46 ubuntu kernel: [    0.329449]   with arguments:
Jun 12 16:01:46 ubuntu kernel: [    0.329450]     /init
Jun 12 16:01:46 ubuntu kernel: [    0.329451]     splash
Jun 12 16:01:46 ubuntu kernel: [    0.329451]   with environment:
Jun 12 16:01:46 ubuntu kernel: [    0.329451]     HOME=/
Jun 12 16:01:46 ubuntu kernel: [    0.329452]     TERM=linux
Jun 12 16:01:46 ubuntu kernel: [    0.329452]     BOOT_IMAGE=/boot/vmlinuz-6.5.0-41-generic
Jun 12 16:01:46 ubuntu kernel: [    0.428601] ahci PRL4010:00: supply ahci not found, using dummy regulator
Jun 12 16:01:46 ubuntu kernel: [    0.428626] ahci PRL4010:00: supply phy not found, using dummy regulator
Jun 12 16:01:46 ubuntu kernel: [    0.428630] ahci PRL4010:00: supply target not found, using dummy regulator
Jun 12 16:01:46 ubuntu kernel: [    0.428702] ahci PRL4010:00: SSS flag set, parallel bus scan disabled
Jun 12 16:01:46 ubuntu kernel: [    0.428779] ahci PRL4010:00: AHCI 0001.0100 32 slots 6 ports 3 Gbps 0x3f impl platform mode
Jun 12 16:01:46 ubuntu kernel: [    0.428781] ahci PRL4010:00: flags: 64bit ncq stag pm led only slum part 
Jun 12 16:01:46 ubuntu kernel: [    0.431285] xhci_hcd 0000:00:03.0: xHCI Host Controller
Jun 12 16:01:46 ubuntu kernel: [    0.431288] xhci_hcd 0000:00:03.0: new USB bus registered, assigned bus number 2
Jun 12 16:01:46 ubuntu kernel: [    0.431510] xhci_hcd 0000:00:03.0: hcc params 0x01c15001 hci version 0x110 quirks 0x0000000000000014
Jun 12 16:01:46 ubuntu kernel: [    0.431623] xhci_hcd 0000:00:03.0: xHCI Host Controller
Jun 12 16:01:46 ubuntu kernel: [    0.431625] xhci_hcd 0000:00:03.0: new USB bus registered, assigned bus number 3
Jun 12 16:01:46 ubuntu kernel: [    0.431627] xhci_hcd 0000:00:03.0: Host supports USB 3.1 Enhanced SuperSpeed
Jun 12 16:01:46 ubuntu kernel: [    0.431695] usb usb2: New USB device found, idVendor=1d6b, idProduct=0002, bcdDevice= 6.05
Jun 12 16:01:46 ubuntu kernel: [    0.431697] usb usb2: New USB device strings: Mfr=3, Product=2, SerialNumber=1
Jun 12 16:01:46 ubuntu kernel: [    0.431698] usb usb2: Product: xHCI Host Controller
Jun 12 16:01:46 ubuntu kernel: [    0.431699] usb usb2: Manufacturer: Linux 6.5.0-41-generic xhci-hcd
Jun 12 16:01:46 ubuntu kernel: [    0.431700] usb usb2: SerialNumber: 0000:00:03.0
Jun 12 16:01:46 ubuntu kernel: [    0.431886] hub 2-0:1.0: USB hub found
Jun 12 16:01:46 ubuntu kernel: [    0.431891] hub 2-0:1.0: 2 ports detected
Jun 12 16:01:46 ubuntu kernel: [    0.432018] usb usb3: We don't know the algorithms for LPM for this host, disabling LPM.
Jun 12 16:01:46 ubuntu kernel: [    0.432029] usb usb3: New USB device found, idVendor=1d6b, idProduct=0003, bcdDevice= 6.05
Jun 12 16:01:46 ubuntu kernel: [    0.432030] usb usb3: New USB device strings: Mfr=3, Product=2, SerialNumber=1
Jun 12 16:01:46 ubuntu kernel: [    0.432031] usb usb3: Product: xHCI Host Controller
Jun 12 16:01:46 ubuntu kernel: [    0.432031] usb usb3: Manufacturer: Linux 6.5.0-41-generic xhci-hcd
Jun 12 16:01:46 ubuntu kernel: [    0.432032] usb usb3: SerialNumber: 0000:00:03.0
Jun 12 16:01:46 ubuntu kernel: [    0.432493] hub 3-0:1.0: USB hub found
Jun 12 16:01:46 ubuntu kernel: [    0.432504] hub 3-0:1.0: 12 ports detected
Jun 12 16:01:46 ubuntu kernel: [    0.439642] scsi host0: ahci
Jun 12 16:01:46 ubuntu kernel: [    0.439808] scsi host1: ahci
Jun 12 16:01:46 ubuntu kernel: [    0.439923] scsi host2: ahci
Jun 12 16:01:46 ubuntu kernel: [    0.440259] scsi host3: ahci
Jun 12 16:01:46 ubuntu kernel: [    0.440499] scsi host4: ahci
Jun 12 16:01:46 ubuntu kernel: [    0.441543] scsi host5: ahci
Jun 12 16:01:46 ubuntu kernel: [    0.441976] ata1: SATA max UDMA/133 mmio [mem 0x02140000-0x02141fff] port 0x100 irq 15
Jun 12 16:01:46 ubuntu kernel: [    0.441978] ata2: SATA max UDMA/133 mmio [mem 0x02140000-0x02141fff] port 0x180 irq 15
Jun 12 16:01:46 ubuntu kernel: [    0.441979] ata3: SATA max UDMA/133 mmio [mem 0x02140000-0x02141fff] port 0x200 irq 15
Jun 12 16:01:46 ubuntu kernel: [    0.441981] ata4: SATA max UDMA/133 mmio [mem 0x02140000-0x02141fff] port 0x280 irq 15
Jun 12 16:01:46 ubuntu kernel: [    0.441982] ata5: SATA max UDMA/133 mmio [mem 0x02140000-0x02141fff] port 0x300 irq 15
Jun 12 16:01:46 ubuntu kernel: [    0.441983] ata6: SATA max UDMA/133 mmio [mem 0x02140000-0x02141fff] port 0x380 irq 15
Jun 12 16:01:46 ubuntu kernel: [    0.448443] virtio_net virtio1 enp0s5: renamed from eth0
Jun 12 16:01:46 ubuntu kernel: [    0.755068] ata1: SATA link up 1.5 Gbps (SStatus 113 SControl 300)
Jun 12 16:01:46 ubuntu kernel: [    0.755332] ata1.00: ATA-8: elrond-0 SSD, F.A3NZ64, max UDMA/100
Jun 12 16:01:46 ubuntu kernel: [    0.755345] ata1.00: 134217728 sectors, multi 0: LBA48 NCQ (depth 32)
Jun 12 16:01:46 ubuntu kernel: [    0.755520] ata1.00: configured for UDMA/100
Jun 12 16:01:46 ubuntu kernel: [    0.755936] scsi 0:0:0:0: Direct-Access     ATA      elrond-0 SSD     NZ64 PQ: 0 ANSI: 5
Jun 12 16:01:46 ubuntu kernel: [    0.756531] sd 0:0:0:0: [sda] 134217728 512-byte logical blocks: (68.7 GB/64.0 GiB)
Jun 12 16:01:46 ubuntu kernel: [    0.756536] sd 0:0:0:0: [sda] 4096-byte physical blocks
Jun 12 16:01:46 ubuntu kernel: [    0.756548] sd 0:0:0:0: [sda] Write Protect is off
Jun 12 16:01:46 ubuntu kernel: [    0.756552] sd 0:0:0:0: [sda] Mode Sense: 00 3a 00 00
Jun 12 16:01:46 ubuntu kernel: [    0.756566] sd 0:0:0:0: [sda] Write cache: enabled, read cache: enabled, doesn't support DPO or FUA
Jun 12 16:01:46 ubuntu kernel: [    0.756587] sd 0:0:0:0: [sda] Preferred minimum I/O size 4096 bytes
Jun 12 16:01:46 ubuntu kernel: [    0.757804] sd 0:0:0:0: Attached scsi generic sg0 type 0
Jun 12 16:01:46 ubuntu kernel: [    0.758410]  sda: sda1 sda2
Jun 12 16:01:46 ubuntu kernel: [    0.758668] sd 0:0:0:0: [sda] Attached SCSI disk
Jun 12 16:01:46 ubuntu kernel: [    0.768720] usb 3-1: new SuperSpeed USB device number 2 using xhci_hcd
Jun 12 16:01:46 ubuntu kernel: [    0.790315] usb 3-1: LPM exit latency is zeroed, disabling LPM.
Jun 12 16:01:46 ubuntu kernel: [    0.790770] usb 3-1: New USB device found, idVendor=203a, idProduct=fffc, bcdDevice= 1.00
Jun 12 16:01:46 ubuntu kernel: [    0.790777] usb 3-1: New USB device strings: Mfr=1, Product=2, SerialNumber=3
Jun 12 16:01:46 ubuntu kernel: [    0.790780] usb 3-1: Product: Virtual Mouse
Jun 12 16:01:46 ubuntu kernel: [    0.790783] usb 3-1: Manufacturer: Parallels
Jun 12 16:01:46 ubuntu kernel: [    0.790785] usb 3-1: SerialNumber: PW3.0
Jun 12 16:01:46 ubuntu kernel: [    0.926655] usb 3-2: new SuperSpeed USB device number 3 using xhci_hcd
Jun 12 16:01:46 ubuntu kernel: [    0.945652] usb 3-2: LPM exit latency is zeroed, disabling LPM.
Jun 12 16:01:46 ubuntu kernel: [    0.946230] usb 3-2: New USB device found, idVendor=203a, idProduct=fffb, bcdDevice= 1.10
Jun 12 16:01:46 ubuntu kernel: [    0.946240] usb 3-2: New USB device strings: Mfr=1, Product=2, SerialNumber=3
Jun 12 16:01:46 ubuntu kernel: [    0.946245] usb 3-2: Product: Virtual Keyboard
Jun 12 16:01:46 ubuntu kernel: [    0.946249] usb 3-2: Manufacturer: Parallels
Jun 12 16:01:46 ubuntu kernel: [    0.946253] usb 3-2: SerialNumber: KBD1.1
Jun 12 16:01:46 ubuntu kernel: [    1.075699] ata2: SATA link up 1.5 Gbps (SStatus 113 SControl 300)
Jun 12 16:01:46 ubuntu kernel: [    1.075915] ata2.00: ATAPI: Virtual DVD-ROM [1], FWR1, max UDMA/25
Jun 12 16:01:46 ubuntu kernel: [    1.076042] ata2.00: configured for UDMA/25
Jun 12 16:01:46 ubuntu kernel: [    1.076395] usb 3-3: new SuperSpeed USB device number 4 using xhci_hcd
Jun 12 16:01:46 ubuntu kernel: [    1.076570] scsi 1:0:0:0: CD-ROM                     Virtual DVD-ROM  R103 PQ: 0 ANSI: 5
Jun 12 16:01:46 ubuntu kernel: [    1.096802] usb 3-3: LPM exit latency is zeroed, disabling LPM.
Jun 12 16:01:46 ubuntu kernel: [    1.097290] usb 3-3: New USB device found, idVendor=203a, idProduct=fff9, bcdDevice= 1.00
Jun 12 16:01:46 ubuntu kernel: [    1.097300] usb 3-3: New USB device strings: Mfr=1, Product=2, SerialNumber=3
Jun 12 16:01:46 ubuntu kernel: [    1.097304] usb 3-3: Product: FaceTime HD Camera
Jun 12 16:01:46 ubuntu kernel: [    1.097307] usb 3-3: Manufacturer: Parallels
Jun 12 16:01:46 ubuntu kernel: [    1.097309] usb 3-3: SerialNumber: 3F45E80A-0176-46F7-B185-BB9E2C0E82E3
Jun 12 16:01:46 ubuntu kernel: [    1.126974] sr 1:0:0:0: [sr0] scsi3-mmc drive: 44x/44x cd/rw xa/form2 cdda tray
Jun 12 16:01:46 ubuntu kernel: [    1.126999] cdrom: Uniform CD-ROM driver Revision: 3.20
Jun 12 16:01:46 ubuntu kernel: [    1.128955] sr 1:0:0:0: Attached scsi CD-ROM sr0
Jun 12 16:01:46 ubuntu kernel: [    1.129917] sr 1:0:0:0: Attached scsi generic sg1 type 5
Jun 12 16:01:46 ubuntu kernel: [    1.226931] usb 3-4: new SuperSpeed USB device number 5 using xhci_hcd
Jun 12 16:01:46 ubuntu kernel: [    1.248074] usb 3-4: LPM exit latency is zeroed, disabling LPM.
Jun 12 16:01:46 ubuntu kernel: [    1.248496] usb 3-4: New USB device found, idVendor=203a, idProduct=fff9, bcdDevice= 1.00
Jun 12 16:01:46 ubuntu kernel: [    1.248503] usb 3-4: New USB device strings: Mfr=1, Product=2, SerialNumber=3
Jun 12 16:01:46 ubuntu kernel: [    1.248506] usb 3-4: Product: iPhone 14 Camera
Jun 12 16:01:46 ubuntu kernel: [    1.248508] usb 3-4: Manufacturer: Parallels
Jun 12 16:01:46 ubuntu kernel: [    1.248510] usb 3-4: SerialNumber: 43E971E6-99A6-4C48-B0F1-998900000001
Jun 12 16:01:46 ubuntu kernel: [    1.258895] hid: raw HID events driver (C) Jiri Kosina
Jun 12 16:01:46 ubuntu kernel: [    1.448842] ata3: SATA link up 1.5 Gbps (SStatus 113 SControl 300)
Jun 12 16:01:46 ubuntu kernel: [    1.449123] ata3.00: ATA-8: elrond-1 SSD, F.V4W3X0, max UDMA/100
Jun 12 16:01:46 ubuntu kernel: [    1.449135] ata3.00: 134217728 sectors, multi 0: LBA48 NCQ (depth 32)
Jun 12 16:01:46 ubuntu kernel: [    1.449379] ata3.00: configured for UDMA/100
Jun 12 16:01:46 ubuntu kernel: [    1.449851] scsi 2:0:0:0: Direct-Access     ATA      elrond-1 SSD     W3X0 PQ: 0 ANSI: 5
Jun 12 16:01:46 ubuntu kernel: [    1.450407] sd 2:0:0:0: Attached scsi generic sg2 type 0
Jun 12 16:01:46 ubuntu kernel: [    1.450502] sd 2:0:0:0: [sdb] 134217728 512-byte logical blocks: (68.7 GB/64.0 GiB)
Jun 12 16:01:46 ubuntu kernel: [    1.450509] sd 2:0:0:0: [sdb] 4096-byte physical blocks
Jun 12 16:01:46 ubuntu kernel: [    1.450844] sd 2:0:0:0: [sdb] Write Protect is off
Jun 12 16:01:46 ubuntu kernel: [    1.450849] sd 2:0:0:0: [sdb] Mode Sense: 00 3a 00 00
Jun 12 16:01:46 ubuntu kernel: [    1.450874] sd 2:0:0:0: [sdb] Write cache: enabled, read cache: enabled, doesn't support DPO or FUA
Jun 12 16:01:46 ubuntu kernel: [    1.450894] sd 2:0:0:0: [sdb] Preferred minimum I/O size 4096 bytes
Jun 12 16:01:46 ubuntu kernel: [    1.452698] sd 2:0:0:0: [sdb] Attached SCSI disk
Jun 12 16:01:46 ubuntu kernel: [    1.765841] ata4: SATA link up 1.5 Gbps (SStatus 113 SControl 300)
Jun 12 16:01:46 ubuntu kernel: [    1.766099] ata4.00: ATAPI: Virtual DVD-ROM [3], FWR1, max UDMA/25
Jun 12 16:01:46 ubuntu kernel: [    1.766269] ata4.00: configured for UDMA/25
Jun 12 16:01:46 ubuntu kernel: [    1.766951] scsi 3:0:0:0: CD-ROM                     Virtual DVD-ROM  R103 PQ: 0 ANSI: 5
Jun 12 16:01:46 ubuntu kernel: [    1.797730] sr 3:0:0:0: [sr1] scsi3-mmc drive: 44x/44x cd/rw xa/form2 cdda tray
Jun 12 16:01:46 ubuntu kernel: [    1.798968] sr 3:0:0:0: Attached scsi CD-ROM sr1
Jun 12 16:01:46 ubuntu kernel: [    1.799138] sr 3:0:0:0: Attached scsi generic sg3 type 5
Jun 12 16:01:46 ubuntu kernel: [    2.112966] ata5: SATA link down (SStatus 0 SControl 300)
Jun 12 16:01:46 ubuntu kernel: [    2.425649] ata6: SATA link down (SStatus 0 SControl 300)
Jun 12 16:01:46 ubuntu kernel: [    2.446080] usbcore: registered new interface driver usbhid
Jun 12 16:01:46 ubuntu kernel: [    2.446090] usbhid: USB HID core driver
Jun 12 16:01:46 ubuntu kernel: [    2.452760] input: Parallels Virtual Mouse as /devices/pci0000:00/0000:00:03.0/usb3/3-1/3-1:1.0/0003:203A:FFFC.0001/input/input1
Jun 12 16:01:46 ubuntu kernel: [    2.452888] hid-generic 0003:203A:FFFC.0001: input,hidraw0: USB HID v1.10 Mouse [Parallels Virtual Mouse] on usb-0000:00:03.0-1/input0
Jun 12 16:01:46 ubuntu kernel: [    2.453905] input: Parallels Virtual Mouse as /devices/pci0000:00/0000:00:03.0/usb3/3-1/3-1:1.1/0003:203A:FFFC.0002/input/input2
Jun 12 16:01:46 ubuntu kernel: [    2.454573] hid-generic 0003:203A:FFFC.0002: input,hidraw1: USB HID v1.10 Mouse [Parallels Virtual Mouse] on usb-0000:00:03.0-1/input1
Jun 12 16:01:46 ubuntu kernel: [    2.454699] input: Parallels Virtual Keyboard as /devices/pci0000:00/0000:00:03.0/usb3/3-2/3-2:1.0/0003:203A:FFFB.0003/input/input3
Jun 12 16:01:46 ubuntu kernel: [    2.516991] hid-generic 0003:203A:FFFB.0003: input,hidraw2: USB HID v10.01 Keyboard [Parallels Virtual Keyboard] on usb-0000:00:03.0-2/input0
Jun 12 16:01:46 ubuntu kernel: [    2.517183] input: Parallels Virtual Keyboard as /devices/pci0000:00/0000:00:03.0/usb3/3-2/3-2:1.1/0003:203A:FFFB.0004/input/input4
Jun 12 16:01:46 ubuntu kernel: [    2.576579] hid-generic 0003:203A:FFFB.0004: input,hidraw3: USB HID v10.01 Keyboard [Parallels Virtual Keyboard] on usb-0000:00:03.0-2/input1
Jun 12 16:01:46 ubuntu kernel: [    5.556231] random: crng init done
Jun 12 16:01:46 ubuntu kernel: [    5.724310] fbcon: Taking over console
Jun 12 16:01:46 ubuntu kernel: [    5.898537] EXT4-fs (dm-0): mounted filesystem a9862ff4-03cf-483d-8ac1-7d5c4a22955d ro with ordered data mode. Quota mode: none.
Jun 12 16:01:46 ubuntu kernel: [    5.974375] systemd[1]: Inserted module 'autofs4'
Jun 12 16:01:46 ubuntu kernel: [    5.983389] systemd[1]: systemd 249.11-0ubuntu3.12 running in system mode (+PAM +AUDIT +SELINUX +APPARMOR +IMA +SMACK +SECCOMP +GCRYPT +GNUTLS +OPENSSL +ACL +BLKID +CURL +ELFUTILS +FIDO2 +IDN2 -IDN +IPTC +KMOD +LIBCRYPTSETUP +LIBFDISK +PCRE2 -PWQUALITY -P11KIT -QRENCODE +BZIP2 +LZ4 +XZ +ZLIB +ZSTD -XKBCOMMON +UTMP +SYSVINIT default-hierarchy=unified)
Jun 12 16:01:46 ubuntu kernel: [    5.983426] systemd[1]: Detected virtualization parallels.
Jun 12 16:01:46 ubuntu kernel: [    5.983428] systemd[1]: Detected architecture arm64.
Jun 12 16:01:46 ubuntu kernel: [    5.983599] systemd[1]: Hostname set to <ubuntu>.
Jun 12 16:01:46 ubuntu kernel: [    5.983973] systemd[1]: Initializing machine ID from random generator.
Jun 12 16:01:46 ubuntu kernel: [    5.983990] systemd[1]: Installed transient /etc/machine-id file.
Jun 12 16:01:46 ubuntu kernel: [    5.998288] systemd[1]: memfd_create() called without MFD_EXEC or MFD_NOEXEC_SEAL set
Jun 12 16:01:46 ubuntu kernel: [    6.012567] block sda: the capability attribute has been deprecated.
Jun 12 16:01:46 ubuntu kernel: [    6.064439] systemd[1]: Queued start job for default target Graphical Interface.
Jun 12 16:01:46 ubuntu kernel: [    6.085080] systemd[1]: Created slice Slice /system/modprobe.
Jun 12 16:01:46 ubuntu kernel: [    6.085285] systemd[1]: Created slice Slice /system/systemd-fsck.
Jun 12 16:01:46 ubuntu kernel: [    6.085361] systemd[1]: Created slice User and Session Slice.
Jun 12 16:01:46 ubuntu kernel: [    6.085390] systemd[1]: Started Forward Password Requests to Wall Directory Watch.
Jun 12 16:01:46 ubuntu kernel: [    6.085485] systemd[1]: Set up automount Arbitrary Executable File Formats File System Automount Point.
Jun 12 16:01:46 ubuntu kernel: [    6.085514] systemd[1]: Reached target User and Group Name Lookups.
Jun 12 16:01:46 ubuntu kernel: [    6.085519] systemd[1]: Reached target Remote File Systems.
Jun 12 16:01:46 ubuntu kernel: [    6.085524] systemd[1]: Reached target Slice Units.
Jun 12 16:01:46 ubuntu kernel: [    6.085530] systemd[1]: Reached target Mounting snaps.
Jun 12 16:01:46 ubuntu kernel: [    6.085543] systemd[1]: Reached target Local Verity Protected Volumes.
Jun 12 16:01:46 ubuntu kernel: [    6.085576] systemd[1]: Listening on Device-mapper event daemon FIFOs.
Jun 12 16:01:46 ubuntu kernel: [    6.085630] systemd[1]: Listening on LVM2 poll daemon socket.
Jun 12 16:01:46 ubuntu kernel: [    6.085663] systemd[1]: Listening on Syslog Socket.
Jun 12 16:01:46 ubuntu kernel: [    6.085694] systemd[1]: Listening on fsck to fsckd communication Socket.
Jun 12 16:01:46 ubuntu kernel: [    6.085714] systemd[1]: Listening on initctl Compatibility Named Pipe.
Jun 12 16:01:46 ubuntu kernel: [    6.085786] systemd[1]: Listening on Journal Audit Socket.
Jun 12 16:01:46 ubuntu kernel: [    6.085818] systemd[1]: Listening on Journal Socket (/dev/log).
Jun 12 16:01:46 ubuntu kernel: [    6.085857] systemd[1]: Listening on Journal Socket.
Jun 12 16:01:46 ubuntu kernel: [    6.085964] systemd[1]: Listening on udev Control Socket.
Jun 12 16:01:46 ubuntu kernel: [    6.085996] systemd[1]: Listening on udev Kernel Socket.
Jun 12 16:01:46 ubuntu kernel: [    6.086327] systemd[1]: Mounting Huge Pages File System...
Jun 12 16:01:46 ubuntu kernel: [    6.086675] systemd[1]: Mounting POSIX Message Queue File System...
Jun 12 16:01:46 ubuntu kernel: [    6.087011] systemd[1]: Mounting Kernel Debug File System...
Jun 12 16:01:46 ubuntu kernel: [    6.087382] systemd[1]: Mounting Kernel Trace File System...
Jun 12 16:01:46 ubuntu kernel: [    6.088056] systemd[1]: Starting Journal Service...
Jun 12 16:01:46 ubuntu kernel: [    6.088131] systemd[1]: Finished Availability of block devices.
Jun 12 16:01:46 ubuntu kernel: [    6.088509] systemd[1]: Starting Set the console keyboard layout...
Jun 12 16:01:46 ubuntu kernel: [    6.088900] systemd[1]: Starting Create List of Static Device Nodes...
Jun 12 16:01:46 ubuntu kernel: [    6.089259] systemd[1]: Starting Monitoring of LVM2 mirrors, snapshots etc. using dmeventd or progress polling...
Jun 12 16:01:46 ubuntu kernel: [    6.089619] systemd[1]: Starting Load Kernel Module configfs...
Jun 12 16:01:46 ubuntu kernel: [    6.089983] systemd[1]: Starting Load Kernel Module drm...
Jun 12 16:01:46 ubuntu kernel: [    6.090334] systemd[1]: Starting Load Kernel Module efi_pstore...
Jun 12 16:01:46 ubuntu kernel: [    6.090668] systemd[1]: Starting Load Kernel Module fuse...
Jun 12 16:01:46 ubuntu kernel: [    6.090730] systemd[1]: Condition check resulted in File System Check on Root Device being skipped.
Jun 12 16:01:46 ubuntu kernel: [    6.096533] systemd[1]: Starting Load Kernel Modules...
Jun 12 16:01:46 ubuntu kernel: [    6.097011] pstore: Using crash dump compression: deflate
Jun 12 16:01:46 ubuntu kernel: [    6.097726] pstore: Registered efi_pstore as persistent store backend
Jun 12 16:01:46 ubuntu kernel: [    6.098358] systemd[1]: Starting Remount Root and Kernel File Systems...
Jun 12 16:01:46 ubuntu kernel: [    6.102390] ACPI: bus type drm_connector registered
Jun 12 16:01:46 ubuntu kernel: [    6.108415] systemd[1]: Starting Coldplug All udev Devices...
Jun 12 16:01:46 ubuntu kernel: [    6.109026] systemd[1]: Mounted Huge Pages File System.
Jun 12 16:01:46 ubuntu kernel: [    6.109107] systemd[1]: Mounted POSIX Message Queue File System.
Jun 12 16:01:46 ubuntu kernel: [    6.109137] systemd[1]: Mounted Kernel Debug File System.
Jun 12 16:01:46 ubuntu kernel: [    6.109165] systemd[1]: Mounted Kernel Trace File System.
Jun 12 16:01:46 ubuntu kernel: [    6.109310] systemd[1]: Finished Create List of Static Device Nodes.
Jun 12 16:01:46 ubuntu kernel: [    6.109405] systemd[1]: modprobe@configfs.service: Deactivated successfully.
Jun 12 16:01:46 ubuntu kernel: [    6.109506] systemd[1]: Finished Load Kernel Module configfs.
Jun 12 16:01:46 ubuntu kernel: [    6.109591] systemd[1]: modprobe@drm.service: Deactivated successfully.
Jun 12 16:01:46 ubuntu kernel: [    6.109678] systemd[1]: Finished Load Kernel Module drm.
Jun 12 16:01:46 ubuntu kernel: [    6.109781] systemd[1]: modprobe@efi_pstore.service: Deactivated successfully.
Jun 12 16:01:46 ubuntu kernel: [    6.109891] systemd[1]: Finished Load Kernel Module efi_pstore.
Jun 12 16:01:46 ubuntu kernel: [    6.109981] systemd[1]: modprobe@fuse.service: Deactivated successfully.
Jun 12 16:01:46 ubuntu kernel: [    6.110101] systemd[1]: Finished Load Kernel Module fuse.
Jun 12 16:01:46 ubuntu kernel: [    6.110219] systemd[1]: Finished Load Kernel Modules.
Jun 12 16:01:46 ubuntu kernel: [    6.110652] systemd[1]: Mounting FUSE Control File System...
Jun 12 16:01:46 ubuntu kernel: [    6.111081] systemd[1]: Mounting Kernel Configuration File System...
Jun 12 16:01:46 ubuntu kernel: [    6.111493] systemd[1]: Starting Apply Kernel Variables...
Jun 12 16:01:46 ubuntu kernel: [    6.113862] systemd[1]: Mounted Kernel Configuration File System.
Jun 12 16:01:46 ubuntu kernel: [    6.115873] systemd[1]: Mounted FUSE Control File System.
Jun 12 16:01:46 ubuntu kernel: [    6.122278] EXT4-fs (dm-0): re-mounted a9862ff4-03cf-483d-8ac1-7d5c4a22955d r/w. Quota mode: none.
Jun 12 16:01:46 ubuntu kernel: [    6.122904] systemd[1]: Finished Remount Root and Kernel File Systems.
Jun 12 16:01:46 ubuntu kernel: [    6.122953] systemd[1]: Condition check resulted in Platform Persistent Storage Archival being skipped.
Jun 12 16:01:46 ubuntu kernel: [    6.123243] systemd[1]: Starting Load/Save Random Seed...
Jun 12 16:01:46 ubuntu kernel: [    6.123567] systemd[1]: Starting Create System Users...
Jun 12 16:01:46 ubuntu kernel: [    6.123721] systemd[1]: Finished Apply Kernel Variables.
Jun 12 16:01:46 ubuntu kernel: [    6.125608] systemd[1]: Started Journal Service.
Jun 12 16:01:46 ubuntu kernel: [    6.128437] systemd-journald[217]: Received client request to flush runtime journal.
Jun 12 16:01:46 ubuntu kernel: [    6.147222] loop0: detected capacity change from 0 to 8
Jun 12 16:01:46 ubuntu kernel: [    6.147369] loop1: detected capacity change from 0 to 904
Jun 12 16:01:46 ubuntu kernel: [    6.147997] loop2: detected capacity change from 0 to 25096
Jun 12 16:01:46 ubuntu kernel: [    6.148452] loop3: detected capacity change from 0 to 187776
Jun 12 16:01:46 ubuntu kernel: [    6.150212] loop4: detected capacity change from 0 to 69032
Jun 12 16:01:46 ubuntu kernel: [    6.151173] loop5: detected capacity change from 0 to 989864
Jun 12 16:01:46 ubuntu kernel: [    6.152931] loop6: detected capacity change from 0 to 141760
Jun 12 16:01:46 ubuntu kernel: [    6.154012] loop7: detected capacity change from 0 to 506192
Jun 12 16:01:46 ubuntu kernel: [    6.306844] acpi-tad ACPI000E:00: Unsupported capabilities
Jun 12 16:01:46 ubuntu kernel: [    6.332247] mc: Linux media interface: v0.10
Jun 12 16:01:46 ubuntu kernel: [    6.332398] snd_hda_intel 0000:00:01.0: enabling device (0000 -> 0002)
Jun 12 16:01:46 ubuntu kernel: [    6.332418] snd_hda_intel 0000:00:01.0: Force to snoop mode by module option
Jun 12 16:01:46 ubuntu kernel: [    6.338635] videodev: Linux video capture interface: v2.00
Jun 12 16:01:46 ubuntu kernel: [    6.347785] [drm] pci: virtio-vga detected at 0000:00:0a.0
Jun 12 16:01:46 ubuntu kernel: [    6.347820] [drm] features: +virgl -edid -resource_blob -host_visible
Jun 12 16:01:46 ubuntu kernel: [    6.347821] [drm] features: -context_init
Jun 12 16:01:46 ubuntu kernel: [    6.349618] usb 3-3: Found UVC 1.00 device FaceTime HD Camera (203a:fff9)
Jun 12 16:01:46 ubuntu kernel: [    6.349799] [drm] number of scanouts: 16
Jun 12 16:01:46 ubuntu kernel: [    6.349802] [drm] number of cap sets: 1
Jun 12 16:01:46 ubuntu kernel: [    6.349879] [drm] cap set 0: id 2, max-version 2, max-size 768
Jun 12 16:01:46 ubuntu kernel: [    6.351048] snd_hda_codec_generic hdaudioC0D0: autoconfig for Generic: line_outs=5 (0xa/0xc/0xb/0xf/0xd) type:speaker
Jun 12 16:01:46 ubuntu kernel: [    6.351051] snd_hda_codec_generic hdaudioC0D0:    speaker_outs=0 (0x0/0x0/0x0/0x0/0x0)
Jun 12 16:01:46 ubuntu kernel: [    6.351051] snd_hda_codec_generic hdaudioC0D0:    hp_outs=0 (0x0/0x0/0x0/0x0/0x0)
Jun 12 16:01:46 ubuntu kernel: [    6.351052] snd_hda_codec_generic hdaudioC0D0:    mono: mono_out=0x0
Jun 12 16:01:46 ubuntu kernel: [    6.351053] snd_hda_codec_generic hdaudioC0D0:    inputs:
Jun 12 16:01:46 ubuntu kernel: [    6.351053] snd_hda_codec_generic hdaudioC0D0:      Mic=0xe
Jun 12 16:01:46 ubuntu kernel: [    6.351440] [drm] Initialized virtio_gpu 0.1.0 0 for 0000:00:0a.0 on minor 0
Jun 12 16:01:46 ubuntu kernel: [    6.352939] usb 3-4: Found UVC 1.00 device iPhone 14 Camera (203a:fff9)
Jun 12 16:01:46 ubuntu kernel: [    6.352998] input: HDA Intel Mic as /devices/pci0000:00/0000:00:01.0/sound/card0/input5
Jun 12 16:01:46 ubuntu kernel: [    6.353023] input: HDA Intel Speaker as /devices/pci0000:00/0000:00:01.0/sound/card0/input6
Jun 12 16:01:46 ubuntu kernel: [    6.353057] input: HDA Intel Speaker as /devices/pci0000:00/0000:00:01.0/sound/card0/input7
Jun 12 16:01:46 ubuntu kernel: [    6.353084] input: HDA Intel Speaker as /devices/pci0000:00/0000:00:01.0/sound/card0/input8
Jun 12 16:01:46 ubuntu kernel: [    6.353107] input: HDA Intel Speaker as /devices/pci0000:00/0000:00:01.0/sound/card0/input9
Jun 12 16:01:46 ubuntu kernel: [    6.353128] input: HDA Intel Speaker as /devices/pci0000:00/0000:00:01.0/sound/card0/input10
Jun 12 16:01:46 ubuntu kernel: [    6.353896] usbcore: registered new interface driver uvcvideo
Jun 12 16:01:46 ubuntu kernel: [    6.354081] Console: switching to colour frame buffer device 128x48
Jun 12 16:01:46 ubuntu kernel: [    6.354530] virtio-pci 0000:00:0a.0: [drm] fb0: virtio_gpudrmfb frame buffer device
Jun 12 16:01:46 ubuntu kernel: [    6.497445] Adding 4095996k swap on /dev/mapper/server--vg-swap_1.  Priority:-2 extents:1 across:4095996k SSFS
Jun 12 16:01:46 ubuntu kernel: [    6.579870] audit: type=1400 audit(1718208102.028:2): apparmor="STATUS" operation="profile_load" profile="unconfined" name="lsb_release" pid=409 comm="apparmor_parser"
Jun 12 16:01:46 ubuntu kernel: [    6.635019] audit: type=1400 audit(1718208102.084:3): apparmor="STATUS" operation="profile_load" profile="unconfined" name="nvidia_modprobe" pid=410 comm="apparmor_parser"
Jun 12 16:01:46 ubuntu kernel: [    6.635275] audit: type=1400 audit(1718208102.084:4): apparmor="STATUS" operation="profile_load" profile="unconfined" name="nvidia_modprobe//kmod" pid=410 comm="apparmor_parser"
Jun 12 16:01:46 ubuntu kernel: [    6.731370] audit: type=1400 audit(1718208102.180:5): apparmor="STATUS" operation="profile_load" profile="unconfined" name="ubuntu_pro_apt_news" pid=471 comm="apparmor_parser"
Jun 12 16:01:46 ubuntu kernel: [    6.732742] audit: type=1400 audit(1718208102.184:6): apparmor="STATUS" operation="profile_load" profile="unconfined" name="/usr/lib/NetworkManager/nm-dhcp-client.action" pid=436 comm="apparmor_parser"
Jun 12 16:01:46 ubuntu kernel: [    6.733039] audit: type=1400 audit(1718208102.184:7): apparmor="STATUS" operation="profile_load" profile="unconfined" name="/usr/lib/NetworkManager/nm-dhcp-helper" pid=436 comm="apparmor_parser"
Jun 12 16:01:46 ubuntu kernel: [    6.733341] audit: type=1400 audit(1718208102.184:8): apparmor="STATUS" operation="profile_load" profile="unconfined" name="/usr/lib/connman/scripts/dhclient-script" pid=436 comm="apparmor_parser"
Jun 12 16:01:46 ubuntu kernel: [    6.733889] audit: type=1400 audit(1718208102.184:9): apparmor="STATUS" operation="profile_load" profile="unconfined" name="/{,usr/}sbin/dhclient" pid=436 comm="apparmor_parser"
Jun 12 16:01:46 ubuntu kernel: [    6.996721] audit: type=1400 audit(1718208102.448:10): apparmor="STATUS" operation="profile_load" profile="unconfined" name="ubuntu_pro_esm_cache" pid=587 comm="apparmor_parser"
Jun 12 16:01:46 ubuntu kernel: [    6.997252] audit: type=1400 audit(1718208102.448:11): apparmor="STATUS" operation="profile_load" profile="unconfined" name="ubuntu_pro_esm_cache//apt_methods" pid=587 comm="apparmor_parser"
Jun 12 16:01:46 ubuntu avahi-daemon[629]: Successfully called chroot().
Jun 12 16:01:46 ubuntu avahi-daemon[629]: Successfully dropped remaining capabilities.
Jun 12 16:01:46 ubuntu avahi-daemon[629]: No service file found in /etc/avahi/services.
Jun 12 16:01:46 ubuntu avahi-daemon[629]: Joining mDNS multicast group on interface lo.IPv6 with address ::1.
Jun 12 16:01:46 ubuntu avahi-daemon[629]: New relevant interface lo.IPv6 for mDNS.
Jun 12 16:01:46 ubuntu avahi-daemon[629]: Joining mDNS multicast group on interface lo.IPv4 with address 127.0.0.1.
Jun 12 16:01:46 ubuntu avahi-daemon[629]: New relevant interface lo.IPv4 for mDNS.
Jun 12 16:01:46 ubuntu avahi-daemon[629]: Network interface enumeration completed.
Jun 12 16:01:46 ubuntu avahi-daemon[629]: Registering new address record for ::1 on lo.*.
Jun 12 16:01:46 ubuntu avahi-daemon[629]: Registering new address record for 127.0.0.1 on lo.IPv4.
Jun 12 16:01:46 ubuntu polkitd[640]: started daemon version 0.105 using authority implementation `local' version `0.105'
Jun 12 16:01:46 ubuntu systemd[1]: Started System Logging Service.
Jun 12 16:01:46 ubuntu apport[628]:  * Starting automatic crash report generation: apport
Jun 12 16:01:46 ubuntu udisksd[652]: udisks daemon version 2.9.4 starting
Jun 12 16:01:46 ubuntu wpa_supplicant[653]: Successfully initialized wpa_supplicant
Jun 12 16:01:46 ubuntu NetworkManager[633]: <info>  [1718208106.5867] NetworkManager (version 1.36.6) is starting... (for the first time)
Jun 12 16:01:46 ubuntu NetworkManager[633]: <info>  [1718208106.5867] Read config: /etc/NetworkManager/NetworkManager.conf (lib: 10-dns-resolved.conf, 20-connectivity-ubuntu.conf, no-mac-addr-change.conf) (run: 10-globally-managed-devices.conf) (etc: default-wifi-powersave-on.conf)
Jun 12 16:01:46 ubuntu NetworkManager[633]: <info>  [1718208106.5885] bus-manager: acquired D-Bus service "org.freedesktop.NetworkManager"
Jun 12 16:01:46 ubuntu apport[628]:    ...done.
Jun 12 16:01:46 ubuntu NetworkManager[633]: <info>  [1718208106.5927] manager[0xb1d5c0774000]: monitoring kernel firmware directory '/lib/firmware'.
Jun 12 16:01:46 ubuntu NetworkManager[633]: <info>  [1718208106.5928] monitoring ifupdown state file '/run/network/ifstate'.
Jun 12 16:01:46 ubuntu dbus-daemon[631]: [system] Activating via systemd: service name='org.freedesktop.hostname1' unit='dbus-org.freedesktop.hostname1.service' requested by ':1.8' (uid=0 pid=633 comm="/usr/sbin/NetworkManager --no-daemon " label="unconfined")
Jun 12 16:01:46 ubuntu systemd[1]: Started LSB: automatic crash report generation.
Jun 12 16:01:46 ubuntu udisksd[652]: failed to load module mdraid: libbd_mdraid.so.2: cannot open shared object file: No such file or directory
Jun 12 16:01:46 ubuntu udisksd[652]: Failed to load the 'mdraid' libblockdev plugin
Jun 12 16:01:46 ubuntu systemd[1]: grub-common.service: Deactivated successfully.
Jun 12 16:01:46 ubuntu systemd[1]: Finished Record successful boot for GRUB.
Jun 12 16:01:46 ubuntu systemd[1]: Started Avahi mDNS/DNS-SD Stack.
Jun 12 16:01:46 ubuntu systemd[1]: Started Authorization Manager.
Jun 12 16:01:46 ubuntu systemd[1]: Started WPA supplicant.
Jun 12 16:01:46 ubuntu systemd[1]: Started Network Manager.
Jun 12 16:01:46 ubuntu systemd[1]: Started Power Profiles daemon.
Jun 12 16:01:46 ubuntu systemd[1]: Started Switcheroo Control Proxy service.
Jun 12 16:01:46 ubuntu systemd[1]: Reached target Network.
Jun 12 16:01:46 ubuntu systemd[1]: Starting Modem Manager...
Jun 12 16:01:46 ubuntu systemd[1]: Starting Network Manager Wait Online...
Jun 12 16:01:46 ubuntu systemd[1]: Condition check resulted in Manage Sound Card State (restore and store) being skipped.
Jun 12 16:01:46 ubuntu systemd[1]: Starting Save/Restore Sound Card State...
Jun 12 16:01:46 ubuntu systemd[1]: Starting CUPS Scheduler...
Jun 12 16:01:46 ubuntu systemd[1]: Starting GRUB failed boot detection...
Jun 12 16:01:46 ubuntu systemd[1]: Starting OpenVPN service...
Jun 12 16:01:46 ubuntu systemd[1]: Starting Hostname Service...
Jun 12 16:01:46 ubuntu systemd[1]: Starting Permit User Sessions...
Jun 12 16:01:46 ubuntu accounts-daemon[627]: started daemon version 22.07.5
Jun 12 16:01:46 ubuntu ModemManager[696]: <info>  ModemManager (version 1.20.0) starting in system bus...
Jun 12 16:01:46 ubuntu alsactl[719]: /usr/sbin/alsactl: load_state:1689: Cannot open /var/lib/alsa/asound.state for reading: No such file or directory
Jun 12 16:01:46 ubuntu alsactl[719]: Found hardware: "HDA-Intel" "Generic 1ab8 Generic" "HDA:1ab80001,1ab80101,00100100" "0x1ab8" "0x0400"
Jun 12 16:01:46 ubuntu alsactl[719]: Hardware is initialized using a generic method
Jun 12 16:01:46 ubuntu systemd[1]: Finished OpenVPN service.
Jun 12 16:01:46 ubuntu systemd[1]: Finished Permit User Sessions.
Jun 12 16:01:46 ubuntu systemd[1]: Finished Save/Restore Sound Card State.
Jun 12 16:01:46 ubuntu systemd[1]: Started Accounts Service.
Jun 12 16:01:46 ubuntu systemd[1]: Started User Login Management.
Jun 12 16:01:46 ubuntu systemd[1]: Reached target Sound Card.
Jun 12 16:01:46 ubuntu systemd[1]: Started Unattended Upgrades Shutdown.
Jun 12 16:01:46 ubuntu systemd[1]: grub-initrd-fallback.service: Deactivated successfully.
Jun 12 16:01:46 ubuntu systemd[1]: Finished GRUB failed boot detection.
Jun 12 16:01:46 ubuntu systemd[1]: Started CUPS Scheduler.
Jun 12 16:01:46 ubuntu systemd[1]: Started Modem Manager.
Jun 12 16:01:46 ubuntu dbus-daemon[631]: [system] Successfully activated service 'org.freedesktop.hostname1'
Jun 12 16:01:46 ubuntu systemd[1]: Started Hostname Service.
Jun 12 16:01:46 ubuntu NetworkManager[633]: <info>  [1718208106.7275] hostname: hostname: using hostnamed
Jun 12 16:01:46 ubuntu NetworkManager[633]: <info>  [1718208106.7275] hostname: static hostname changed from (none) to "ubuntu"
Jun 12 16:01:46 ubuntu NetworkManager[633]: <info>  [1718208106.7282] dns-mgr[0xb1d5c074f2a0]: init: dns=systemd-resolved rc-manager=unmanaged (auto), plugin=systemd-resolved
Jun 12 16:01:46 ubuntu NetworkManager[633]: <info>  [1718208106.7285] manager[0xb1d5c0774000]: rfkill: Wi-Fi hardware radio set enabled
Jun 12 16:01:46 ubuntu NetworkManager[633]: <info>  [1718208106.7285] manager[0xb1d5c0774000]: rfkill: WWAN hardware radio set enabled
Jun 12 16:01:46 ubuntu udisksd[652]: Acquired the name org.freedesktop.UDisks2 on the system message bus
Jun 12 16:01:46 ubuntu systemd[1]: Started Disk Manager.
Jun 12 16:01:46 ubuntu NetworkManager[633]: <info>  [1718208106.7337] Loaded device plugin: NMTeamFactory (/usr/lib/aarch64-linux-gnu/NetworkManager/1.36.6/libnm-device-plugin-team.so)
Jun 12 16:01:46 ubuntu networkd-dispatcher[639]: No valid path found for iw
Jun 12 16:01:46 ubuntu NetworkManager[633]: <info>  [1718208106.7348] Loaded device plugin: NMWwanFactory (/usr/lib/aarch64-linux-gnu/NetworkManager/1.36.6/libnm-device-plugin-wwan.so)
Jun 12 16:01:46 ubuntu NetworkManager[633]: <info>  [1718208106.7356] Loaded device plugin: NMWifiFactory (/usr/lib/aarch64-linux-gnu/NetworkManager/1.36.6/libnm-device-plugin-wifi.so)
Jun 12 16:01:46 ubuntu NetworkManager[633]: <info>  [1718208106.7359] Loaded device plugin: NMAtmManager (/usr/lib/aarch64-linux-gnu/NetworkManager/1.36.6/libnm-device-plugin-adsl.so)
Jun 12 16:01:46 ubuntu NetworkManager[633]: <info>  [1718208106.7368] Loaded device plugin: NMBluezManager (/usr/lib/aarch64-linux-gnu/NetworkManager/1.36.6/libnm-device-plugin-bluetooth.so)
Jun 12 16:01:46 ubuntu NetworkManager[633]: <info>  [1718208106.7370] manager: rfkill: Wi-Fi enabled by radio killswitch; enabled by state file
Jun 12 16:01:46 ubuntu NetworkManager[633]: <info>  [1718208106.7371] manager: rfkill: WWAN enabled by radio killswitch; enabled by state file
Jun 12 16:01:46 ubuntu NetworkManager[633]: <info>  [1718208106.7371] manager: Networking is enabled by state file
Jun 12 16:01:46 ubuntu dbus-daemon[631]: [system] Activating via systemd: service name='org.freedesktop.nm_dispatcher' unit='dbus-org.freedesktop.nm-dispatcher.service' requested by ':1.8' (uid=0 pid=633 comm="/usr/sbin/NetworkManager --no-daemon " label="unconfined")
Jun 12 16:01:46 ubuntu NetworkManager[633]: <info>  [1718208106.7388] settings: Loaded settings plugin: ifupdown ("/usr/lib/aarch64-linux-gnu/NetworkManager/1.36.6/libnm-settings-plugin-ifupdown.so")
Jun 12 16:01:46 ubuntu NetworkManager[633]: <info>  [1718208106.7388] settings: Loaded settings plugin: keyfile (internal)
Jun 12 16:01:46 ubuntu NetworkManager[633]: <info>  [1718208106.7389] ifupdown: management mode: unmanaged
Jun 12 16:01:46 ubuntu NetworkManager[633]: <info>  [1718208106.7391] ifupdown: interfaces file /etc/network/interfaces doesn't exist
Jun 12 16:01:46 ubuntu NetworkManager[633]: <info>  [1718208106.7404] dhcp-init: Using DHCP client 'internal'
Jun 12 16:01:46 ubuntu NetworkManager[633]: <info>  [1718208106.7404] device (lo): carrier: link connected
Jun 12 16:01:46 ubuntu NetworkManager[633]: <info>  [1718208106.7406] manager: (lo): new Generic device (/org/freedesktop/NetworkManager/Devices/1)
Jun 12 16:01:46 ubuntu NetworkManager[633]: <info>  [1718208106.7410] manager: (enp0s5): new Ethernet device (/org/freedesktop/NetworkManager/Devices/2)
Jun 12 16:01:46 ubuntu NetworkManager[633]: <info>  [1718208106.7415] settings: (enp0s5): created default wired connection 'Wired connection 1'
Jun 12 16:01:46 ubuntu NetworkManager[633]: <info>  [1718208106.7416] device (enp0s5): state change: unmanaged -> unavailable (reason 'managed', sys-iface-state: 'external')
Jun 12 16:01:46 ubuntu NetworkManager[633]: <info>  [1718208106.7420] device (enp0s5): carrier: link connected
Jun 12 16:01:46 ubuntu NetworkManager[633]: <info>  [1718208106.7428] failed to open /run/network/ifstate
Jun 12 16:01:46 ubuntu NetworkManager[633]: <info>  [1718208106.7436] device (enp0s5): state change: unavailable -> disconnected (reason 'none', sys-iface-state: 'managed')
Jun 12 16:01:46 ubuntu NetworkManager[633]: <info>  [1718208106.7468] policy: auto-activating connection 'Wired connection 1' (01867e12-8964-3c82-9ac3-b1550994b6b7)
Jun 12 16:01:46 ubuntu avahi-daemon[629]: Joining mDNS multicast group on interface enp0s5.IPv6 with address fe80::3007:6219:1843:6712.
Jun 12 16:01:46 ubuntu NetworkManager[633]: <info>  [1718208106.7470] device (enp0s5): Activation: starting connection 'Wired connection 1' (01867e12-8964-3c82-9ac3-b1550994b6b7)
Jun 12 16:01:46 ubuntu avahi-daemon[629]: New relevant interface enp0s5.IPv6 for mDNS.
Jun 12 16:01:46 ubuntu NetworkManager[633]: <info>  [1718208106.7470] device (enp0s5): state change: disconnected -> prepare (reason 'none', sys-iface-state: 'managed')
Jun 12 16:01:46 ubuntu avahi-daemon[629]: Registering new address record for fe80::3007:6219:1843:6712 on enp0s5.*.
Jun 12 16:01:46 ubuntu NetworkManager[633]: <info>  [1718208106.7471] manager: NetworkManager state is now CONNECTING
Jun 12 16:01:46 ubuntu NetworkManager[633]: <info>  [1718208106.7471] device (enp0s5): state change: prepare -> config (reason 'none', sys-iface-state: 'managed')
Jun 12 16:01:46 ubuntu NetworkManager[633]: <info>  [1718208106.7473] device (enp0s5): state change: config -> ip-config (reason 'none', sys-iface-state: 'managed')
Jun 12 16:01:46 ubuntu NetworkManager[633]: <info>  [1718208106.7474] dhcp4 (enp0s5): activation: beginning transaction (timeout in 45 seconds)
Jun 12 16:01:46 ubuntu systemd[1]: Starting Network Manager Script Dispatcher Service...
Jun 12 16:01:46 ubuntu dbus-daemon[631]: [system] Successfully activated service 'org.freedesktop.nm_dispatcher'
Jun 12 16:01:46 ubuntu systemd[1]: Started Network Manager Script Dispatcher Service.
Jun 12 16:01:46 ubuntu NetworkManager[633]: <info>  [1718208106.7577] modem-manager: ModemManager available
Jun 12 16:01:46 ubuntu dbus-daemon[631]: [system] Activating via systemd: service name='org.freedesktop.network1' unit='dbus-org.freedesktop.network1.service' requested by ':1.18' (uid=0 pid=751 comm="/usr/bin/networkctl list --no-pager --no-legend " label="unconfined")
Jun 12 16:01:46 ubuntu dbus-daemon[631]: [system] Activation via systemd failed for unit 'dbus-org.freedesktop.network1.service': Unit dbus-org.freedesktop.network1.service not found.
Jun 12 16:01:46 ubuntu networkd-dispatcher[751]: WARNING: systemd-networkd is not running, output will be incomplete.
Jun 12 16:01:46 ubuntu networkd-dispatcher[639]: ERROR:Unknown state for interface NetworkctlListState(idx=1, name='lo', type='loopback', operational='n/a', administrative='unmanaged'): n/a
Jun 12 16:01:46 ubuntu networkd-dispatcher[639]: Traceback (most recent call last):
Jun 12 16:01:46 ubuntu networkd-dispatcher[639]:   File "/usr/bin/networkd-dispatcher", line 298, in trigger_all
Jun 12 16:01:46 ubuntu networkd-dispatcher[639]:     self.handle_state(iface_name,
Jun 12 16:01:46 ubuntu networkd-dispatcher[639]:   File "/usr/bin/networkd-dispatcher", line 348, in handle_state
Jun 12 16:01:46 ubuntu networkd-dispatcher[639]:     raise UnknownState(operational_state)
Jun 12 16:01:46 ubuntu networkd-dispatcher[639]: UnknownState: n/a
Jun 12 16:01:46 ubuntu networkd-dispatcher[639]: ERROR:Unknown state for interface NetworkctlListState(idx=2, name='enp0s5', type='ether', operational='n/a', administrative='unmanaged'): n/a
Jun 12 16:01:46 ubuntu networkd-dispatcher[639]: Traceback (most recent call last):
Jun 12 16:01:46 ubuntu networkd-dispatcher[639]:   File "/usr/bin/networkd-dispatcher", line 298, in trigger_all
Jun 12 16:01:46 ubuntu networkd-dispatcher[639]:     self.handle_state(iface_name,
Jun 12 16:01:46 ubuntu networkd-dispatcher[639]:   File "/usr/bin/networkd-dispatcher", line 348, in handle_state
Jun 12 16:01:46 ubuntu networkd-dispatcher[639]:     raise UnknownState(operational_state)
Jun 12 16:01:46 ubuntu networkd-dispatcher[639]: UnknownState: n/a
Jun 12 16:01:46 ubuntu systemd[1]: Started Dispatcher daemon for systemd-networkd.
Jun 12 16:01:46 ubuntu NetworkManager[633]: <info>  [1718208106.7681] dhcp4 (enp0s5): state changed new lease, address=10.211.55.15
Jun 12 16:01:46 ubuntu avahi-daemon[629]: Joining mDNS multicast group on interface enp0s5.IPv4 with address 10.211.55.15.
Jun 12 16:01:46 ubuntu NetworkManager[633]: <info>  [1718208106.7689] device (enp0s5): state change: ip-config -> ip-check (reason 'none', sys-iface-state: 'managed')
Jun 12 16:01:46 ubuntu avahi-daemon[629]: New relevant interface enp0s5.IPv4 for mDNS.
Jun 12 16:01:46 ubuntu avahi-daemon[629]: Registering new address record for 10.211.55.15 on enp0s5.IPv4.
Jun 12 16:01:46 ubuntu NetworkManager[633]: <info>  [1718208106.7710] device (enp0s5): state change: ip-check -> secondaries (reason 'none', sys-iface-state: 'managed')
Jun 12 16:01:46 ubuntu NetworkManager[633]: <info>  [1718208106.7711] device (enp0s5): state change: secondaries -> activated (reason 'none', sys-iface-state: 'managed')
Jun 12 16:01:46 ubuntu NetworkManager[633]: <info>  [1718208106.7712] manager: NetworkManager state is now CONNECTED_LOCAL
Jun 12 16:01:46 ubuntu NetworkManager[633]: <info>  [1718208106.7713] manager: NetworkManager state is now CONNECTED_SITE
Jun 12 16:01:46 ubuntu NetworkManager[633]: <info>  [1718208106.7713] policy: set 'Wired connection 1' (enp0s5) as default for IPv4 routing and DNS
Jun 12 16:01:46 ubuntu NetworkManager[633]: <info>  [1718208106.7714] device (enp0s5): Activation: successful, device activated.
Jun 12 16:01:46 ubuntu NetworkManager[633]: <info>  [1718208106.7716] manager: startup complete
Jun 12 16:01:46 ubuntu systemd-resolved[414]: enp0s5: Bus client set search domain list to: localdomain
Jun 12 16:01:46 ubuntu systemd-resolved[414]: enp0s5: Bus client set default route setting: yes
Jun 12 16:01:46 ubuntu systemd-resolved[414]: enp0s5: Bus client set DNS server list to: 10.211.55.1
Jun 12 16:01:46 ubuntu systemd[1]: Finished Network Manager Wait Online.
Jun 12 16:01:46 ubuntu systemd[1]: Reached target Network is Online.
Jun 12 16:01:46 ubuntu systemd[1]: Started Download data for packages that failed at package install time.
Jun 12 16:01:46 ubuntu systemd[1]: Started Check to see whether there is a new version of Ubuntu available.
Jun 12 16:01:46 ubuntu systemd[1]: Reached target Timer Units.
Jun 12 16:01:46 ubuntu systemd[1]: Started Make remote CUPS printers available locally.
Jun 12 16:01:46 ubuntu systemd[1]: Starting Tool to automatically collect and submit kernel crash signatures...
Jun 12 16:01:46 ubuntu systemd[1]: Starting /etc/rc.local Compatibility...
Jun 12 16:01:46 ubuntu systemd[1]: Condition check resulted in Ubuntu Pro Background Auto Attach being skipped.
Jun 12 16:01:46 ubuntu systemd[1]: Started crash report submission.
Jun 12 16:01:46 ubuntu systemd[1]: e2scrub_reap.service: Deactivated successfully.
Jun 12 16:01:46 ubuntu systemd[1]: Finished Remove Stale Online ext4 Metadata Check Snapshots.
Jun 12 16:01:46 ubuntu systemd[1]: kerneloops.service: Found left-over process 781 (kerneloops) in control group while starting unit. Ignoring.
Jun 12 16:01:46 ubuntu whoopsie[768]: [16:01:46] Using lock path: /var/lock/whoopsie/lock
Jun 12 16:01:46 ubuntu systemd[1]: This usually indicates unclean termination of a previous run, or service implementation deficiencies.
Jun 12 16:01:46 ubuntu systemd[1]: Started Tool to automatically collect and submit kernel crash signatures.
Jun 12 16:01:46 ubuntu systemd[1]: whoopsie.service: Deactivated successfully.
Jun 12 16:01:46 ubuntu systemd-resolved[414]: Using degraded feature set UDP instead of UDP+EDNS0 for DNS server 10.211.55.1.
Jun 12 16:01:47 ubuntu NetworkManager[633]: <info>  [1718208107.0019] manager: NetworkManager state is now CONNECTED_GLOBAL
Jun 12 16:01:47 ubuntu snapd[648]: overlord.go:271: Acquiring state lock file
Jun 12 16:01:47 ubuntu snapd[648]: overlord.go:276: Acquired state lock file
Jun 12 16:01:47 ubuntu snapd[648]: patch.go:64: Patching system state level 6 to sublevel 1...
Jun 12 16:01:47 ubuntu snapd[648]: patch.go:64: Patching system state level 6 to sublevel 2...
Jun 12 16:01:47 ubuntu snapd[648]: patch.go:64: Patching system state level 6 to sublevel 3...
Jun 12 16:01:47 ubuntu snapd[648]: daemon.go:247: started snapd/2.63 (series 16; classic) ubuntu/22.04 (arm64) linux/6.5.0-41-generic.
Jun 12 16:01:47 ubuntu kernel: [   11.960318] loop8: detected capacity change from 0 to 8
Jun 12 16:01:47 ubuntu snapd[648]: daemon.go:340: adjusting startup timeout by 1m10s (pessimistic estimate of 30s plus 5s per snap)
Jun 12 16:01:47 ubuntu systemd[1]: tmp-syscheck\x2dmountpoint\x2d3730636398.mount: Deactivated successfully.
Jun 12 16:01:47 ubuntu snapd[648]: backends.go:58: AppArmor status: apparmor is enabled and all features are available (using snapd provided apparmor_parser)
Jun 12 16:01:47 ubuntu kernel: [   12.054698] kauditd_printk_skb: 46 callbacks suppressed
Jun 12 16:01:47 ubuntu kernel: [   12.054700] audit: type=1400 audit(1718208107.504:58): apparmor="STATUS" operation="profile_replace" profile="unconfined" name="/snap/snapd/21761/usr/lib/snapd/snap-confine" pid=838 comm="apparmor_parser"
Jun 12 16:01:47 ubuntu kernel: [   12.073034] audit: type=1400 audit(1718208107.524:59): apparmor="STATUS" operation="profile_replace" profile="unconfined" name="/snap/snapd/21761/usr/lib/snapd/snap-confine//mount-namespace-capture-helper" pid=838 comm="apparmor_parser"
Jun 12 16:01:47 ubuntu avahi-daemon[629]: Server startup complete. Host name is ubuntu.local. Local service cookie is 3826403104.
