Jun 12 16:01:46 ubuntu kernel: [    0.000000] Booting Linux on physical CPU 0x0000000000 [0x410f0000]
Jun 12 16:01:46 ubuntu kernel: [    0.000000] Linux version 6.5.0-41-generic (buildd@bos02-arm64-008) (aarch64-linux-gnu-gcc-12 (Ubuntu 12.3.0-1ubuntu1~22.04) 12.3.0, GNU ld (GNU Binutils for Ubuntu) 2.38) #41~22.04.2-Ubuntu SMP PREEMPT_DYNAMIC Mon Jun  3 16:28:24 UTC 2 (Ubuntu 6.5.0-41.41~22.04.2-generic 6.5.13)
Jun 12 16:01:46 ubuntu kernel: [    0.000000] KASLR disabled due to lack of seed
Jun 12 16:01:46 ubuntu kernel: [    0.000000] efi: EFI v2.7 by EDK II
Jun 12 16:01:46 ubuntu kernel: [    0.000000] efi: SMBIOS 3.0=0x13f7f0000 ACPI 2.0=0x13c120000 MEMATTR=0x13dc3fa98 MEMRESERVE=0x13bd3c918 
Jun 12 16:01:46 ubuntu kernel: [    0.000000] secureboot: Secure boot disabled
Jun 12 16:01:46 ubuntu kernel: [    0.000000] ACPI: Early table checksum verification disabled
Jun 12 16:01:46 ubuntu kernel: [    0.000000] ACPI: RSDP 0x000000013C120000 000024 (v02 PRLS  )
Jun 12 16:01:46 ubuntu kernel: [    0.000000] ACPI: XSDT 0x000000013C110000 000044 (v01 PRLS   PRLS_OEM 00000002      01000013)
Jun 12 16:01:46 ubuntu kernel: [    0.000000] ACPI: FACP 0x000000013C040000 000114 (v06 PRLS   PRLS_OEM 00000002 PRLS 00000002)
Jun 12 16:01:46 ubuntu kernel: [    0.000000] ACPI: DSDT 0x000000013BFF0000 0010D4 (v02 PRLS   PRLS_OEM 00000003 INTL 20160527)
Jun 12 16:01:46 ubuntu kernel: [    0.000000] ACPI: GTDT 0x000000013C030000 000050 (v01 PRLS   PRLS_OEM 00000002 PRLS 00000002)
Jun 12 16:01:46 ubuntu kernel: [    0.000000] ACPI: MCFG 0x000000013C020000 00003C (v01                 00000001      00000000)
Jun 12 16:01:46 ubuntu kernel: [    0.000000] ACPI: APIC 0x000000013BFE0000 00010C (v04 PRLS   PRLS_OEM 00000002 PRLS 00000002)
Jun 12 16:01:46 ubuntu kernel: [    0.000000] NUMA: Failed to initialise from firmware
Jun 12 16:01:46 ubuntu kernel: [    0.000000] NUMA: Faking a node at [mem 0x0000000040000000-0x000000013fffffff]
Jun 12 16:01:46 ubuntu kernel: [    0.000000] NUMA: NODE_DATA [mem 0x13f41a5c0-0x13f41ffff]
Jun 12 16:01:46 ubuntu kernel: [    0.000000] Zone ranges:
Jun 12 16:01:46 ubuntu kernel: [    0.000000]   DMA      [mem 0x0000000040000000-0x00000000ffffffff]
Jun 12 16:01:46 ubuntu kernel: [    0.000000]   DMA32    empty
Jun 12 16:01:46 ubuntu kernel: [    0.000000]   Normal   [mem 0x0000000100000000-0x000000013fffffff]
Jun 12 16:01:46 ubuntu kernel: [    0.000000]   Device   empty
Jun 12 16:01:46 ubuntu kernel: [    0.000000] Movable zone start for each node
Jun 12 16:01:46 ubuntu kernel: [    0.000000] Early memory node ranges
Jun 12 16:01:46 ubuntu kernel: [    0.000000]   node   0: [mem 0x0000000040000000-0x00000000fffeffff]
Jun 12 16:01:46 ubuntu kernel: [    0.000000]   node   0: [mem 0x00000000ffff0000-0x00000000ffffffff]
Jun 12 16:01:46 ubuntu kernel: [    0.000000]   node   0: [mem 0x0000000100000000-0x000000013c04ffff]
Jun 12 16:01:46 ubuntu kernel: [    0.000000]   node   0: [mem 0x000000013c050000-0x000000013c10ffff]
Jun 12 16:01:46 ubuntu kernel: [    0.000000]   node   0: [mem 0x000000013c110000-0x000000013f5fffff]
Jun 12 16:01:46 ubuntu kernel: [    0.000000]   node   0: [mem 0x000000013f600000-0x000000013f9dffff]
Jun 12 16:01:46 ubuntu kernel: [    0.000000]   node   0: [mem 0x000000013f9e0000-0x000000013fffffff]
Jun 12 16:01:46 ubuntu kernel: [    0.000000] Initmem setup node 0 [mem 0x0000000040000000-0x000000013fffffff]
Jun 12 16:01:46 ubuntu kernel: [    0.000000] cma: Reserved 32 MiB at 0x00000000fde00000
Jun 12 16:01:46 ubuntu kernel: [    0.000000] psci: probing for conduit method from ACPI.
Jun 12 16:01:46 ubuntu kernel: [    0.000000] psci: PSCIv1.0 detected in firmware.
Jun 12 16:01:46 ubuntu kernel: [    0.000000] psci: Using standard PSCI v0.2 function IDs
Jun 12 16:01:46 ubuntu kernel: [    0.000000] psci: Trusted OS migration not required
Jun 12 16:01:46 ubuntu kernel: [    0.000000] psci: SMC Calling Convention v1.0
Jun 12 16:01:46 ubuntu kernel: [    0.000000] percpu: Embedded 32 pages/cpu s92968 r8192 d29912 u131072
Jun 12 16:01:46 ubuntu kernel: [    0.000000] pcpu-alloc: s92968 r8192 d29912 u131072 alloc=32*4096
Jun 12 16:01:46 ubuntu kernel: [    0.000000] pcpu-alloc: [0] 0 [0] 1 
Jun 12 16:01:46 ubuntu kernel: [    0.000000] Detected PIPT I-cache on CPU0
Jun 12 16:01:46 ubuntu kernel: [    0.000000] CPU features: detected: Address authentication (IMP DEF algorithm)
Jun 12 16:01:46 ubuntu kernel: [    0.000000] CPU features: detected: Spectre-v4
Jun 12 16:01:46 ubuntu kernel: [    0.000000] alternatives: applying boot alternatives
Jun 12 16:01:46 ubuntu kernel: [    0.000000] Kernel command line: BOOT_IMAGE=/boot/vmlinuz-6.5.0-41-generic root=/dev/mapper/server--vg-root ro quiet splash vt.handoff=7
Jun 12 16:01:46 ubuntu kernel: [    0.000000] Unknown kernel command line parameters "splash BOOT_IMAGE=/boot/vmlinuz-6.5.0-41-generic", will be passed to user space.
Jun 12 16:01:46 ubuntu kernel: [    0.000000] Dentry cache hash table entries: 524288 (order: 10, 4194304 bytes, linear)
Jun 12 16:01:46 ubuntu kernel: [    0.000000] Inode-cache hash table entries: 262144 (order: 9, 2097152 bytes, linear)
Jun 12 16:01:46 ubuntu kernel: [    0.000000] Fallback order for Node 0: 0 
Jun 12 16:01:46 ubuntu kernel: [    0.000000] Built 1 zonelists, mobility grouping on.  Total pages: 1032192
Jun 12 16:01:46 ubuntu kernel: [    0.000000] Policy zone: Normal
Jun 12 16:01:46 ubuntu kernel: [    0.000000] mem auto-init: stack:all(zero), heap alloc:on, heap free:off
Jun 12 16:01:46 ubuntu kernel: [    0.000000] software IO TLB: area num 2.
Jun 12 16:01:46 ubuntu kernel: [    0.000000] software IO TLB: mapped [mem 0x00000000f9e00000-0x00000000fde00000] (64MB)
Jun 12 16:01:46 ubuntu kernel: [    0.000000] Memory: 3882716K/4194304K available (21888K kernel code, 4936K rwdata, 15296K rodata, 11712K init, 1330K bss, 278820K reserved, 32768K cma-reserved)
Jun 12 16:01:46 ubuntu kernel: [    0.000000] SLUB: HWalign=64, Order=0-3, MinObjects=0, CPUs=2, Nodes=1
Jun 12 16:01:46 ubuntu kernel: [    0.000000] ftrace: allocating 59741 entries in 234 pages
Jun 12 16:01:46 ubuntu kernel: [    0.000000] ftrace: allocated 234 pages with 5 groups
Jun 12 16:01:46 ubuntu kernel: [    0.000000] trace event string verifier disabled
Jun 12 16:01:46 ubuntu kernel: [    0.000000] Dynamic Preempt: voluntary
Jun 12 16:01:46 ubuntu kernel: [    0.000000] rcu: Preemptible hierarchical RCU implementation.
Jun 12 16:01:46 ubuntu kernel: [    0.000000] rcu: 	RCU restricting CPUs from NR_CPUS=256 to nr_cpu_ids=2.
Jun 12 16:01:46 ubuntu kernel: [    0.000000] 	Trampoline variant of Tasks RCU enabled.
Jun 12 16:01:46 ubuntu kernel: [    0.000000] 	Rude variant of Tasks RCU enabled.
Jun 12 16:01:46 ubuntu kernel: [    0.000000] 	Tracing variant of Tasks RCU enabled.
Jun 12 16:01:46 ubuntu kernel: [    0.000000] rcu: RCU calculated value of scheduler-enlistment delay is 25 jiffies.
Jun 12 16:01:46 ubuntu kernel: [    0.000000] rcu: Adjusting geometry for rcu_fanout_leaf=16, nr_cpu_ids=2
Jun 12 16:01:46 ubuntu kernel: [    0.000000] NR_IRQS: 64, nr_irqs: 64, preallocated irqs: 0
Jun 12 16:01:46 ubuntu kernel: [    0.000000] GICv3: 96 SPIs implemented
Jun 12 16:01:46 ubuntu kernel: [    0.000000] GICv3: 0 Extended SPIs implemented
Jun 12 16:01:46 ubuntu kernel: [    0.000000] Root IRQ handler: gic_handle_irq
Jun 12 16:01:46 ubuntu kernel: [    0.000000] GICv3: GICv3 features: 16 PPIs, RSS
Jun 12 16:01:46 ubuntu kernel: [    0.000000] GICv3: CPU0: found redistributor 0 region 0:0x0000000002500000
Jun 12 16:01:46 ubuntu kernel: [    0.000000] GICv2m: range[mem 0x02250000-0x02250fff], SPI[53:116]
Jun 12 16:01:46 ubuntu kernel: [    0.000000] rcu: srcu_init: Setting srcu_struct sizes based on contention.
Jun 12 16:01:46 ubuntu kernel: [    0.000000] ACPI GTDT: Revision:1 doesn't support Platform Timers.
Jun 12 16:01:46 ubuntu kernel: [    0.000000] arch_timer: cp15 timer(s) running at 24.00MHz (virt).
Jun 12 16:01:46 ubuntu kernel: [    0.000000] clocksource: arch_sys_counter: mask: 0xffffffffffffff max_cycles: 0x588fe9dc0, max_idle_ns: 440795202592 ns
Jun 12 16:01:46 ubuntu kernel: [    0.000000] sched_clock: 56 bits at 24MHz, resolution 41ns, wraps every 4398046511097ns
Jun 12 16:01:46 ubuntu kernel: [    0.000187] Console: colour dummy device 80x25
Jun 12 16:01:46 ubuntu kernel: [    0.000188] printk: console [tty0] enabled
Jun 12 16:01:46 ubuntu kernel: [    0.001409] ACPI: Core revision 20230331
Jun 12 16:01:46 ubuntu kernel: [    0.001732] Calibrating delay loop (skipped), value calculated using timer frequency.. 48.00 BogoMIPS (lpj=96000)
Jun 12 16:01:46 ubuntu kernel: [    0.001733] pid_max: default: 32768 minimum: 301
Jun 12 16:01:46 ubuntu kernel: [    0.003934] LSM: initializing lsm=lockdown,capability,landlock,yama,apparmor,integrity
Jun 12 16:01:46 ubuntu kernel: [    0.003938] landlock: Up and running.
Jun 12 16:01:46 ubuntu kernel: [    0.003938] Yama: becoming mindful.
Jun 12 16:01:46 ubuntu kernel: [    0.004093] AppArmor: AppArmor initialized
Jun 12 16:01:46 ubuntu kernel: [    0.004748] Mount-cache hash table entries: 8192 (order: 4, 65536 bytes, linear)
Jun 12 16:01:46 ubuntu kernel: [    0.004766] Mountpoint-cache hash table entries: 8192 (order: 4, 65536 bytes, linear)
Jun 12 16:01:46 ubuntu kernel: [    0.006540] ACPI PPTT: No PPTT table found, CPU and cache topology may be inaccurate
Jun 12 16:01:46 ubuntu kernel: [    0.006542] cacheinfo: Unable to detect cache hierarchy for CPU 0
Jun 12 16:01:46 ubuntu kernel: [    0.006792] RCU Tasks: Setting shift to 1 and lim to 1 rcu_task_cb_adjust=1.
Jun 12 16:01:46 ubuntu kernel: [    0.006823] RCU Tasks Rude: Setting shift to 1 and lim to 1 rcu_task_cb_adjust=1.
Jun 12 16:01:46 ubuntu kernel: [    0.006845] RCU Tasks Trace: Setting shift to 1 and lim to 1 rcu_task_cb_adjust=1.
Jun 12 16:01:46 ubuntu kernel: [    0.006932] rcu: Hierarchical SRCU implementation.
Jun 12 16:01:46 ubuntu kernel: [    0.006933] rcu: 	Max phase no-delay instances is 1000.
Jun 12 16:01:46 ubuntu kernel: [    0.007217] Remapping and enabling EFI services.
Jun 12 16:01:46 ubuntu kernel: [    0.007386] smp: Bringing up secondary CPUs ...
Jun 12 16:01:46 ubuntu kernel: [    0.007634] Detected PIPT I-cache on CPU1
Jun 12 16:01:46 ubuntu kernel: [    0.007644] GICv3: CPU1: found redistributor 1 region 0:0x0000000002520000
Jun 12 16:01:46 ubuntu kernel: [    0.007678] CPU1: Booted secondary processor 0x0000000001 [0x410f0000]
Jun 12 16:01:46 ubuntu kernel: [    0.007741] smp: Brought up 1 node, 2 CPUs
Jun 12 16:01:46 ubuntu kernel: [    0.007743] SMP: Total of 2 processors activated.
Jun 12 16:01:46 ubuntu kernel: [    0.007744] CPU features: detected: ARMv8.4 Translation Table Level
Jun 12 16:01:46 ubuntu kernel: [    0.007745] CPU features: detected: Data cache clean to the PoU not required for I/D coherence
Jun 12 16:01:46 ubuntu kernel: [    0.007746] CPU features: detected: Common not Private translations
Jun 12 16:01:46 ubuntu kernel: [    0.007746] CPU features: detected: CRC32 instructions
Jun 12 16:01:46 ubuntu kernel: [    0.007747] CPU features: detected: Data cache clean to Point of Deep Persistence
Jun 12 16:01:46 ubuntu kernel: [    0.007747] CPU features: detected: Data cache clean to Point of Persistence
Jun 12 16:01:46 ubuntu kernel: [    0.007747] CPU features: detected: Data independent timing control (DIT)
Jun 12 16:01:46 ubuntu kernel: [    0.007748] CPU features: detected: E0PD
Jun 12 16:01:46 ubuntu kernel: [    0.007748] CPU features: detected: Generic authentication (IMP DEF algorithm)
Jun 12 16:01:46 ubuntu kernel: [    0.007749] CPU features: detected: RCpc load-acquire (LDAPR)
Jun 12 16:01:46 ubuntu kernel: [    0.007749] CPU features: detected: LSE atomic instructions
Jun 12 16:01:46 ubuntu kernel: [    0.007750] CPU features: detected: Privileged Access Never
Jun 12 16:01:46 ubuntu kernel: [    0.007750] CPU features: detected: RAS Extension Support
Jun 12 16:01:46 ubuntu kernel: [    0.007751] CPU features: detected: Speculation barrier (SB)
Jun 12 16:01:46 ubuntu kernel: [    0.007751] CPU features: detected: TLB range maintenance instructions
Jun 12 16:01:46 ubuntu kernel: [    0.007753] CPU features: detected: Speculative Store Bypassing Safe (SSBS)
Jun 12 16:01:46 ubuntu kernel: [    0.007782] CPU: All CPU(s) started at EL1
Jun 12 16:01:46 ubuntu kernel: [    0.007790] alternatives: applying system-wide alternatives
Jun 12 16:01:46 ubuntu kernel: [    0.008373] devtmpfs: initialized
Jun 12 16:01:46 ubuntu kernel: [    0.008719] setend instruction emulation is not supported on this system
Jun 12 16:01:46 ubuntu kernel: [    0.008768] clocksource: jiffies: mask: 0xffffffff max_cycles: 0xffffffff, max_idle_ns: 7645041785100000 ns
Jun 12 16:01:46 ubuntu kernel: [    0.008778] futex hash table entries: 512 (order: 3, 32768 bytes, linear)
Jun 12 16:01:46 ubuntu kernel: [    0.008896] pinctrl core: initialized pinctrl subsystem
Jun 12 16:01:46 ubuntu kernel: [    0.009039] SMBIOS 3.0.0 present.
Jun 12 16:01:46 ubuntu kernel: [    0.009042] DMI: Parallels International GmbH. Parallels ARM Virtual Machine/Parallels ARM Virtual Platform, BIOS 19.4.0 (54962) Mon, 20 May 202
Jun 12 16:01:46 ubuntu kernel: [    0.009247] NET: Registered PF_NETLINK/PF_ROUTE protocol family
Jun 12 16:01:46 ubuntu kernel: [    0.009429] DMA: preallocated 512 KiB GFP_KERNEL pool for atomic allocations
Jun 12 16:01:46 ubuntu kernel: [    0.009506] DMA: preallocated 512 KiB GFP_KERNEL|GFP_DMA pool for atomic allocations
Jun 12 16:01:46 ubuntu kernel: [    0.009600] DMA: preallocated 512 KiB GFP_KERNEL|GFP_DMA32 pool for atomic allocations
Jun 12 16:01:46 ubuntu kernel: [    0.009603] audit: initializing netlink subsys (disabled)
Jun 12 16:01:46 ubuntu kernel: [    0.009653] audit: type=2000 audit(0.008:1): state=initialized audit_enabled=0 res=1
Jun 12 16:01:46 ubuntu kernel: [    0.009730] thermal_sys: Registered thermal governor 'fair_share'
Jun 12 16:01:46 ubuntu kernel: [    0.009731] thermal_sys: Registered thermal governor 'bang_bang'
Jun 12 16:01:46 ubuntu kernel: [    0.009731] thermal_sys: Registered thermal governor 'step_wise'
Jun 12 16:01:46 ubuntu kernel: [    0.009732] thermal_sys: Registered thermal governor 'user_space'
Jun 12 16:01:46 ubuntu kernel: [    0.009732] thermal_sys: Registered thermal governor 'power_allocator'
Jun 12 16:01:46 ubuntu kernel: [    0.009735] cpuidle: using governor ladder
Jun 12 16:01:46 ubuntu kernel: [    0.009736] cpuidle: using governor menu
Jun 12 16:01:46 ubuntu kernel: [    0.009756] hw-breakpoint: found 6 breakpoint and 4 watchpoint registers.
Jun 12 16:01:46 ubuntu kernel: [    0.009786] ASID allocator initialised with 256 entries
Jun 12 16:01:46 ubuntu kernel: [    0.009849] acpiphp: ACPI Hot Plug PCI Controller Driver version: 0.5
Jun 12 16:01:46 ubuntu kernel: [    0.009964] Serial: AMBA PL011 UART driver
Jun 12 16:01:46 ubuntu kernel: [    0.010010] Modules: 18928 pages in range for non-PLT usage
Jun 12 16:01:46 ubuntu kernel: [    0.010010] Modules: 510448 pages in range for PLT usage
Jun 12 16:01:46 ubuntu kernel: [    0.012212] HugeTLB: registered 1.00 GiB page size, pre-allocated 0 pages
Jun 12 16:01:46 ubuntu kernel: [    0.012213] HugeTLB: 0 KiB vmemmap can be freed for a 1.00 GiB page
Jun 12 16:01:46 ubuntu kernel: [    0.012214] HugeTLB: registered 32.0 MiB page size, pre-allocated 0 pages
Jun 12 16:01:46 ubuntu kernel: [    0.012214] HugeTLB: 0 KiB vmemmap can be freed for a 32.0 MiB page
Jun 12 16:01:46 ubuntu kernel: [    0.012215] HugeTLB: registered 2.00 MiB page size, pre-allocated 0 pages
Jun 12 16:01:46 ubuntu kernel: [    0.012215] HugeTLB: 0 KiB vmemmap can be freed for a 2.00 MiB page
Jun 12 16:01:46 ubuntu kernel: [    0.012216] HugeTLB: registered 64.0 KiB page size, pre-allocated 0 pages
Jun 12 16:01:46 ubuntu kernel: [    0.012216] HugeTLB: 0 KiB vmemmap can be freed for a 64.0 KiB page
Jun 12 16:01:46 ubuntu kernel: [    0.012674] ACPI: Added _OSI(Module Device)
Jun 12 16:01:46 ubuntu kernel: [    0.012675] ACPI: Added _OSI(Processor Device)
Jun 12 16:01:46 ubuntu kernel: [    0.012676] ACPI: Added _OSI(3.0 _SCP Extensions)
Jun 12 16:01:46 ubuntu kernel: [    0.012676] ACPI: Added _OSI(Processor Aggregator Device)
Jun 12 16:01:46 ubuntu kernel: [    0.012891] ACPI: 1 ACPI AML tables successfully acquired and loaded
Jun 12 16:01:46 ubuntu kernel: [    0.013045] ACPI: Interpreter enabled
Jun 12 16:01:46 ubuntu kernel: [    0.013046] ACPI: Using GIC for interrupt routing
Jun 12 16:01:46 ubuntu kernel: [    0.013072] ACPI: MCFG table detected, 1 entries
Jun 12 16:01:46 ubuntu kernel: [    0.013930] ACPI: PCI Root Bridge [PCI0] (domain 0000 [bus 00])
Jun 12 16:01:46 ubuntu kernel: [    0.013933] acpi PNP0A08:00: _OSC: OS supports [ExtendedConfig ASPM ClockPM Segments MSI EDR HPX-Type3]
Jun 12 16:01:46 ubuntu kernel: [    0.013935] acpi PNP0A08:00: _OSC: OS requested [PCIeHotplug SHPCHotplug PME AER PCIeCapability LTR DPC]
Jun 12 16:01:46 ubuntu kernel: [    0.013936] acpi PNP0A08:00: _OSC: platform willing to grant [PCIeHotplug SHPCHotplug PME AER PCIeCapability LTR DPC]
Jun 12 16:01:46 ubuntu kernel: [    0.013937] acpi PNP0A08:00: _OSC: platform retains control of PCIe features (AE_NOT_FOUND)
Jun 12 16:01:46 ubuntu kernel: [    0.014016] acpi PNP0A08:00: [Firmware Bug]: ECAM area [mem 0x02300000-0x023fffff] not reserved in ACPI namespace
Jun 12 16:01:46 ubuntu kernel: [    0.014021] acpi PNP0A08:00: ECAM at [mem 0x02300000-0x023fffff] for [bus 00]
Jun 12 16:01:46 ubuntu kernel: [    0.014034] ACPI: Remapped I/O 0x0000000002400000 to [io  0x0000-0xfffff window]
Jun 12 16:01:46 ubuntu kernel: [    0.014048] PCI host bridge to bus 0000:00
Jun 12 16:01:46 ubuntu kernel: [    0.014049] pci_bus 0000:00: root bus resource [io  0x0000-0xfffff window] (bus address [0x2400000-0x24fffff])
Jun 12 16:01:46 ubuntu kernel: [    0.014049] pci_bus 0000:00: root bus resource [mem 0x10000000-0x1fffffff window]
Jun 12 16:01:46 ubuntu kernel: [    0.014050] pci_bus 0000:00: root bus resource [bus 00]
Jun 12 16:01:46 ubuntu kernel: [    0.014066] pci 0000:00:01.0: [8086:293e] type 00 class 0x040300
Jun 12 16:01:46 ubuntu kernel: [    0.014077] pci 0000:00:01.0: reg 0x10: [mem 0x14004000-0x14007fff]
Jun 12 16:01:46 ubuntu kernel: [    0.014167] pci 0000:00:02.0: [8086:265c] type 00 class 0x0c0320
Jun 12 16:01:46 ubuntu kernel: [    0.014185] pci 0000:00:02.0: reg 0x10: [mem 0x1400d000-0x1400d3ff]
Jun 12 16:01:46 ubuntu kernel: [    0.014272] pci 0000:00:03.0: [1033:0194] type 00 class 0x0c0330
Jun 12 16:01:46 ubuntu kernel: [    0.014281] pci 0000:00:03.0: reg 0x10: [mem 0x1400c000-0x1400cfff]
Jun 12 16:01:46 ubuntu kernel: [    0.014342] pci 0000:00:05.0: [1af4:1000] type 00 class 0x020000
Jun 12 16:01:46 ubuntu kernel: [    0.014360] pci 0000:00:05.0: reg 0x10: [mem 0x1400b000-0x1400bfff]
Jun 12 16:01:46 ubuntu kernel: [    0.014370] pci 0000:00:05.0: reg 0x14: [mem 0x1400a000-0x1400afff]
Jun 12 16:01:46 ubuntu kernel: [    0.014486] pci 0000:00:09.0: [1ab8:4000] type 00 class 0xff0000
Jun 12 16:01:46 ubuntu kernel: [    0.014499] pci 0000:00:09.0: reg 0x10: [mem 0x14009000-0x14009fff]
Jun 12 16:01:46 ubuntu kernel: [    0.014565] pci 0000:00:0a.0: [1af4:1050] type 00 class 0x030000
Jun 12 16:01:46 ubuntu kernel: [    0.014635] pci 0000:00:0a.0: reg 0x10: [mem 0x10000000-0x13ffffff pref]
Jun 12 16:01:46 ubuntu kernel: [    0.014649] pci 0000:00:0a.0: reg 0x14: [mem 0x14008000-0x14008fff]
Jun 12 16:01:46 ubuntu kernel: [    0.014686] pci 0000:00:0a.0: reg 0x20: [mem 0x14000000-0x14003fff]
Jun 12 16:01:46 ubuntu kernel: [    0.014714] pci 0000:00:0a.0: BAR 0: assigned to efifb
Jun 12 16:01:46 ubuntu kernel: [    0.014781] pci 0000:00:0a.0: BAR 0: assigned [mem 0x10000000-0x13ffffff pref]
Jun 12 16:01:46 ubuntu kernel: [    0.014789] pci 0000:00:01.0: BAR 0: assigned [mem 0x14000000-0x14003fff]
Jun 12 16:01:46 ubuntu kernel: [    0.014791] pci 0000:00:0a.0: BAR 4: assigned [mem 0x14004000-0x14007fff]
Jun 12 16:01:46 ubuntu kernel: [    0.014799] pci 0000:00:03.0: BAR 0: assigned [mem 0x14008000-0x14008fff]
Jun 12 16:01:46 ubuntu kernel: [    0.014801] pci 0000:00:05.0: BAR 0: assigned [mem 0x14009000-0x14009fff]
Jun 12 16:01:46 ubuntu kernel: [    0.014805] pci 0000:00:05.0: BAR 1: assigned [mem 0x1400a000-0x1400afff]
Jun 12 16:01:46 ubuntu kernel: [    0.014811] pci 0000:00:09.0: BAR 0: assigned [mem 0x1400b000-0x1400bfff]
Jun 12 16:01:46 ubuntu kernel: [    0.014813] pci 0000:00:0a.0: BAR 1: assigned [mem 0x1400c000-0x1400cfff]
Jun 12 16:01:46 ubuntu kernel: [    0.014822] pci 0000:00:02.0: BAR 0: assigned [mem 0x1400d000-0x1400d3ff]
Jun 12 16:01:46 ubuntu kernel: [    0.014827] pci_bus 0000:00: resource 4 [io  0x0000-0xfffff window]
Jun 12 16:01:46 ubuntu kernel: [    0.014828] pci_bus 0000:00: resource 5 [mem 0x10000000-0x1fffffff window]
Jun 12 16:01:46 ubuntu kernel: [    0.015298] iommu: Default domain type: Translated
Jun 12 16:01:46 ubuntu kernel: [    0.015299] iommu: DMA domain TLB invalidation policy: strict mode
Jun 12 16:01:46 ubuntu kernel: [    0.015423] SCSI subsystem initialized
Jun 12 16:01:46 ubuntu kernel: [    0.015490] libata version 3.00 loaded.
Jun 12 16:01:46 ubuntu kernel: [    0.015502] ACPI: bus type USB registered
Jun 12 16:01:46 ubuntu kernel: [    0.015507] usbcore: registered new interface driver usbfs
Jun 12 16:01:46 ubuntu kernel: [    0.015511] usbcore: registered new interface driver hub
Jun 12 16:01:46 ubuntu kernel: [    0.015514] usbcore: registered new device driver usb
Jun 12 16:01:46 ubuntu kernel: [    0.015533] pps_core: LinuxPPS API ver. 1 registered
Jun 12 16:01:46 ubuntu kernel: [    0.015534] pps_core: Software ver. 5.3.6 - Copyright 2005-2007 Rodolfo Giometti <giometti@linux.it>
Jun 12 16:01:46 ubuntu kernel: [    0.015536] PTP clock support registered
Jun 12 16:01:46 ubuntu kernel: [    0.015614] EDAC MC: Ver: 3.0.0
Jun 12 16:01:46 ubuntu kernel: [    0.015709] scmi_core: SCMI protocol bus registered
Jun 12 16:01:46 ubuntu kernel: [    0.015746] efivars: Registered efivars operations
Jun 12 16:01:46 ubuntu kernel: [    0.015972] NetLabel: Initializing
Jun 12 16:01:46 ubuntu kernel: [    0.015973] NetLabel:  domain hash size = 128
Jun 12 16:01:46 ubuntu kernel: [    0.015973] NetLabel:  protocols = UNLABELED CIPSOv4 CALIPSO
Jun 12 16:01:46 ubuntu kernel: [    0.015980] NetLabel:  unlabeled traffic allowed by default
Jun 12 16:01:46 ubuntu kernel: [    0.016040] mctp: management component transport protocol core
Jun 12 16:01:46 ubuntu kernel: [    0.016041] NET: Registered PF_MCTP protocol family
Jun 12 16:01:46 ubuntu kernel: [    0.016097] pci 0000:00:0a.0: vgaarb: setting as boot VGA device
Jun 12 16:01:46 ubuntu kernel: [    0.016099] pci 0000:00:0a.0: vgaarb: bridge control possible
Jun 12 16:01:46 ubuntu kernel: [    0.016099] pci 0000:00:0a.0: vgaarb: VGA device added: decodes=io+mem,owns=io+mem,locks=none
Jun 12 16:01:46 ubuntu kernel: [    0.016100] vgaarb: loaded
Jun 12 16:01:46 ubuntu kernel: [    0.016190] clocksource: Switched to clocksource arch_sys_counter
Jun 12 16:01:46 ubuntu kernel: [    0.025806] VFS: Disk quotas dquot_6.6.0
Jun 12 16:01:46 ubuntu kernel: [    0.025822] VFS: Dquot-cache hash table entries: 512 (order 0, 4096 bytes)
Jun 12 16:01:46 ubuntu kernel: [    0.025942] AppArmor: AppArmor Filesystem Enabled
Jun 12 16:01:46 ubuntu kernel: [    0.025953] pnp: PnP ACPI init
Jun 12 16:01:46 ubuntu kernel: [    0.026045] pnp: PnP ACPI: found 0 devices
Jun 12 16:01:46 ubuntu kernel: [    0.028559] NET: Registered PF_INET protocol family
Jun 12 16:01:46 ubuntu kernel: [    0.028736] IP idents hash table entries: 65536 (order: 7, 524288 bytes, linear)
Jun 12 16:01:46 ubuntu kernel: [    0.029465] tcp_listen_portaddr_hash hash table entries: 2048 (order: 3, 32768 bytes, linear)
Jun 12 16:01:46 ubuntu kernel: [    0.029551] Table-perturb hash table entries: 65536 (order: 6, 262144 bytes, linear)
Jun 12 16:01:46 ubuntu kernel: [    0.029640] TCP established hash table entries: 32768 (order: 6, 262144 bytes, linear)
Jun 12 16:01:46 ubuntu kernel: [    0.029928] TCP bind hash table entries: 32768 (order: 8, 1048576 bytes, linear)
Jun 12 16:01:46 ubuntu kernel: [    0.029957] TCP: Hash tables configured (established 32768 bind 32768)
Jun 12 16:01:46 ubuntu kernel: [    0.030081] MPTCP token hash table entries: 4096 (order: 4, 98304 bytes, linear)
Jun 12 16:01:46 ubuntu kernel: [    0.030127] UDP hash table entries: 2048 (order: 4, 65536 bytes, linear)
Jun 12 16:01:46 ubuntu kernel: [    0.030148] UDP-Lite hash table entries: 2048 (order: 4, 65536 bytes, linear)
Jun 12 16:01:46 ubuntu kernel: [    0.030187] NET: Registered PF_UNIX/PF_LOCAL protocol family
Jun 12 16:01:46 ubuntu kernel: [    0.030191] NET: Registered PF_XDP protocol family
Jun 12 16:01:46 ubuntu kernel: [    0.030217] pci 0000:00:03.0: enabling device (0010 -> 0012)
Jun 12 16:01:46 ubuntu kernel: [    0.030235] PCI: CLS 0 bytes, default 64
Jun 12 16:01:46 ubuntu kernel: [    0.030275] Trying to unpack rootfs image as initramfs...
Jun 12 16:01:46 ubuntu kernel: [    0.036260] kvm [1]: HYP mode not available
Jun 12 16:01:46 ubuntu kernel: [    0.036401] Initialise system trusted keyrings
Jun 12 16:01:46 ubuntu kernel: [    0.036409] Key type blacklist registered
Jun 12 16:01:46 ubuntu kernel: [    0.036436] workingset: timestamp_bits=40 max_order=20 bucket_order=0
Jun 12 16:01:46 ubuntu kernel: [    0.036450] zbud: loaded
Jun 12 16:01:46 ubuntu kernel: [    0.037301] squashfs: version 4.0 (2009/01/31) Phillip Lougher
Jun 12 16:01:46 ubuntu kernel: [    0.037637] fuse: init (API version 7.38)
Jun 12 16:01:46 ubuntu kernel: [    0.037739] integrity: Platform Keyring initialized
Jun 12 16:01:46 ubuntu kernel: [    0.037741] integrity: Machine keyring initialized
Jun 12 16:01:46 ubuntu kernel: [    0.040821] Key type asymmetric registered
Jun 12 16:01:46 ubuntu kernel: [    0.040821] Asymmetric key parser 'x509' registered
Jun 12 16:01:46 ubuntu kernel: [    0.040848] Block layer SCSI generic (bsg) driver version 0.4 loaded (major 242)
Jun 12 16:01:46 ubuntu kernel: [    0.040873] io scheduler mq-deadline registered
Jun 12 16:01:46 ubuntu kernel: [    0.041258] shpchp: Standard Hot Plug PCI Controller Driver version: 0.4
Jun 12 16:01:46 ubuntu kernel: [    0.041474] ACPI: AC: AC Adapter [ADP0] (off-line)
Jun 12 16:01:46 ubuntu kernel: [    0.041503] input: Power Button as /devices/LNXSYSTM:00/LNXSYBUS:00/PNP0C0C:00/input/input0
Jun 12 16:01:46 ubuntu kernel: [    0.041519] ACPI: button: Power Button [PWRB]
Jun 12 16:01:46 ubuntu kernel: [    0.041598] ACPI GTDT: Revision:1 doesn't support Platform Timers.
Jun 12 16:01:46 ubuntu kernel: [    0.042194] virtio-pci 0000:00:05.0: virtio_pci: leaving for legacy driver
Jun 12 16:01:46 ubuntu kernel: [    0.042559] Serial: 8250/16550 driver, 32 ports, IRQ sharing enabled
Jun 12 16:01:46 ubuntu kernel: [    0.043399] SuperH (H)SCI(F) driver initialized
Jun 12 16:01:46 ubuntu kernel: [    0.043421] msm_serial: driver initialized
Jun 12 16:01:46 ubuntu kernel: [    0.043590] ACPI: battery: Slot [BAT0] (battery present)
Jun 12 16:01:46 ubuntu kernel: [    0.044922] loop: module loaded
Jun 12 16:01:46 ubuntu kernel: [    0.045289] tun: Universal TUN/TAP device driver, 1.6
Jun 12 16:01:46 ubuntu kernel: [    0.045662] PPP generic driver version 2.4.2
Jun 12 16:01:46 ubuntu kernel: [    0.045763] ehci-pci 0000:00:02.0: EHCI Host Controller
Jun 12 16:01:46 ubuntu kernel: [    0.045766] ehci-pci 0000:00:02.0: new USB bus registered, assigned bus number 1
Jun 12 16:01:46 ubuntu kernel: [    0.045823] ehci-pci 0000:00:02.0: Enabling legacy PCI PM
Jun 12 16:01:46 ubuntu kernel: [    0.045842] ehci-pci 0000:00:02.0: irq 21, io mem 0x1400d000
Jun 12 16:01:46 ubuntu kernel: [    0.045922] mousedev: PS/2 mouse device common for all mice
Jun 12 16:01:46 ubuntu kernel: [    0.046359] rtc-efi rtc-efi.0: registered as rtc0
Jun 12 16:01:46 ubuntu kernel: [    0.046386] rtc-efi rtc-efi.0: setting system clock to 2024-06-12T16:01:35 UTC (1718208095)
Jun 12 16:01:46 ubuntu kernel: [    0.046409] i2c_dev: i2c /dev entries driver
Jun 12 16:01:46 ubuntu kernel: [    0.046493] device-mapper: core: CONFIG_IMA_DISABLE_HTABLE is disabled. Duplicate IMA measurements will not be recorded in the IMA log.
Jun 12 16:01:46 ubuntu kernel: [    0.046505] device-mapper: uevent: version 1.0.3
Jun 12 16:01:46 ubuntu kernel: [    0.046648] device-mapper: ioctl: 4.48.0-ioctl (2023-03-01) initialised: dm-devel@redhat.com
Jun 12 16:01:46 ubuntu kernel: [    0.046749] ledtrig-cpu: registered to indicate activity on CPUs
Jun 12 16:01:46 ubuntu kernel: [    0.046853] No ACPI PMU IRQ for CPU0
Jun 12 16:01:46 ubuntu kernel: [    0.046854] No ACPI PMU IRQ for CPU1
Jun 12 16:01:46 ubuntu kernel: [    0.046890] drop_monitor: Initializing network drop monitor service
Jun 12 16:01:46 ubuntu kernel: [    0.056491] NET: Registered PF_INET6 protocol family
Jun 12 16:01:46 ubuntu kernel: [    0.064230] ehci-pci 0000:00:02.0: USB 2.0 started, EHCI 1.00
Jun 12 16:01:46 ubuntu kernel: [    0.064274] usb usb1: New USB device found, idVendor=1d6b, idProduct=0002, bcdDevice= 6.05
Jun 12 16:01:46 ubuntu kernel: [    0.064275] usb usb1: New USB device strings: Mfr=3, Product=2, SerialNumber=1
Jun 12 16:01:46 ubuntu kernel: [    0.064276] usb usb1: Product: EHCI Host Controller
Jun 12 16:01:46 ubuntu kernel: [    0.064276] usb usb1: Manufacturer: Linux 6.5.0-41-generic ehci_hcd
Jun 12 16:01:46 ubuntu kernel: [    0.064277] usb usb1: SerialNumber: 0000:00:02.0
Jun 12 16:01:46 ubuntu kernel: [    0.064332] hub 1-0:1.0: USB hub found
Jun 12 16:01:46 ubuntu kernel: [    0.064335] hub 1-0:1.0: 15 ports detected
Jun 12 16:01:46 ubuntu kernel: [    0.301891] Freeing initrd memory: 71608K
Jun 12 16:01:46 ubuntu kernel: [    0.305621] Segment Routing with IPv6
Jun 12 16:01:46 ubuntu kernel: [    0.305639] In-situ OAM (IOAM) with IPv6
Jun 12 16:01:46 ubuntu kernel: [    0.305657] NET: Registered PF_PACKET protocol family
Jun 12 16:01:46 ubuntu kernel: [    0.305714] Key type dns_resolver registered
Jun 12 16:01:46 ubuntu kernel: [    0.306391] registered taskstats version 1
Jun 12 16:01:46 ubuntu kernel: [    0.306515] Loading compiled-in X.509 certificates
Jun 12 16:01:46 ubuntu kernel: [    0.306845] Loaded X.509 cert 'Build time autogenerated kernel key: 951537c0248d43aea89ac197d037e00728922a32'
Jun 12 16:01:46 ubuntu kernel: [    0.307088] Loaded X.509 cert 'Canonical Ltd. Live Patch Signing: 14df34d1a87cf37625abec039ef2bf521249b969'
Jun 12 16:01:46 ubuntu kernel: [    0.307326] Loaded X.509 cert 'Canonical Ltd. Kernel Module Signing: 88f752e560a1e0737e31163a466ad7b70a850c19'
Jun 12 16:01:46 ubuntu kernel: [    0.307327] blacklist: Loading compiled-in revocation X.509 certificates
Jun 12 16:01:46 ubuntu kernel: [    0.307336] Loaded X.509 cert 'Canonical Ltd. Secure Boot Signing: 61482aa2830d0ab2ad5af10b7250da9033ddcef0'
Jun 12 16:01:46 ubuntu kernel: [    0.307344] Loaded X.509 cert 'Canonical Ltd. Secure Boot Signing (2017): 242ade75ac4a15e50d50c84b0d45ff3eae707a03'
Jun 12 16:01:46 ubuntu kernel: [    0.307351] Loaded X.509 cert 'Canonical Ltd. Secure Boot Signing (ESM 2018): 365188c1d374d6b07c3c8f240f8ef722433d6a8b'
Jun 12 16:01:46 ubuntu kernel: [    0.307358] Loaded X.509 cert 'Canonical Ltd. Secure Boot Signing (2019): c0746fd6c5da3ae827864651ad66ae47fe24b3e8'
Jun 12 16:01:46 ubuntu kernel: [    0.307366] Loaded X.509 cert 'Canonical Ltd. Secure Boot Signing (2021 v1): a8d54bbb3825cfb94fa13c9f8a594a195c107b8d'
Jun 12 16:01:46 ubuntu kernel: [    0.307382] Loaded X.509 cert 'Canonical Ltd. Secure Boot Signing (2021 v2): 4cf046892d6fd3c9a5b03f98d845f90851dc6a8c'
Jun 12 16:01:46 ubuntu kernel: [    0.307393] Loaded X.509 cert 'Canonical Ltd. Secure Boot Signing (2021 v3): 100437bb6de6e469b581e61cd66bce3ef4ed53af'
Jun 12 16:01:46 ubuntu kernel: [    0.307408] Loaded X.509 cert 'Canonical Ltd. Secure Boot Signing (Ubuntu Core 2019): c1d57b8f6b743f23ee41f4f7ee292f06eecadfb9'
Jun 12 16:01:46 ubuntu kernel: [    0.308438] Key type .fscrypt registered
Jun 12 16:01:46 ubuntu kernel: [    0.308438] Key type fscrypt-provisioning registered
Jun 12 16:01:46 ubuntu kernel: [    0.309934] Key type encrypted registered
Jun 12 16:01:46 ubuntu kernel: [    0.309937] AppArmor: AppArmor sha1 policy hashing enabled
Jun 12 16:01:46 ubuntu kernel: [    0.310049] ima: secureboot mode disabled
Jun 12 16:01:46 ubuntu kernel: [    0.310052] ima: No TPM chip found, activating TPM-bypass!
Jun 12 16:01:46 ubuntu kernel: [    0.310057] Loading compiled-in module X.509 certificates
Jun 12 16:01:46 ubuntu kernel: [    0.310317] Loaded X.509 cert 'Build time autogenerated kernel key: 951537c0248d43aea89ac197d037e00728922a32'
Jun 12 16:01:46 ubuntu kernel: [    0.310318] ima: Allocated hash algorithm: sha1
Jun 12 16:01:46 ubuntu kernel: [    0.310323] ima: No architecture policies found
Jun 12 16:01:46 ubuntu kernel: [    0.310332] evm: Initialising EVM extended attributes:
Jun 12 16:01:46 ubuntu kernel: [    0.310332] evm: security.selinux
Jun 12 16:01:46 ubuntu kernel: [    0.310333] evm: security.SMACK64
Jun 12 16:01:46 ubuntu kernel: [    0.310333] evm: security.SMACK64EXEC
Jun 12 16:01:46 ubuntu kernel: [    0.310334] evm: security.SMACK64TRANSMUTE
Jun 12 16:01:46 ubuntu kernel: [    0.310334] evm: security.SMACK64MMAP
Jun 12 16:01:46 ubuntu kernel: [    0.310334] evm: security.apparmor
Jun 12 16:01:46 ubuntu kernel: [    0.310335] evm: security.ima
Jun 12 16:01:46 ubuntu kernel: [    0.310335] evm: security.capability
Jun 12 16:01:46 ubuntu kernel: [    0.310335] evm: HMAC attrs: 0x1
Jun 12 16:01:46 ubuntu kernel: [    0.311974] clk: Disabling unused clocks
Jun 12 16:01:46 ubuntu kernel: [    0.313083] Freeing unused kernel memory: 11712K
Jun 12 16:01:46 ubuntu kernel: [    0.329444] Checked W+X mappings: passed, no W+X pages found
Jun 12 16:01:46 ubuntu kernel: [    0.329448] Run /init as init process
Jun 12 16:01:46 ubuntu kernel: [    0.329449]   with arguments:
Jun 12 16:01:46 ubuntu kernel: [    0.329450]     /init
Jun 12 16:01:46 ubuntu kernel: [    0.329451]     splash
Jun 12 16:01:46 ubuntu kernel: [    0.329451]   with environment:
Jun 12 16:01:46 ubuntu kernel: [    0.329451]     HOME=/
Jun 12 16:01:46 ubuntu kernel: [    0.329452]     TERM=linux
Jun 12 16:01:46 ubuntu kernel: [    0.329452]     BOOT_IMAGE=/boot/vmlinuz-6.5.0-41-generic
Jun 12 16:01:46 ubuntu kernel: [    0.428601] ahci PRL4010:00: supply ahci not found, using dummy regulator
Jun 12 16:01:46 ubuntu kernel: [    0.428626] ahci PRL4010:00: supply phy not found, using dummy regulator
Jun 12 16:01:46 ubuntu kernel: [    0.428630] ahci PRL4010:00: supply target not found, using dummy regulator
Jun 12 16:01:46 ubuntu kernel: [    0.428702] ahci PRL4010:00: SSS flag set, parallel bus scan disabled
Jun 12 16:01:46 ubuntu kernel: [    0.428779] ahci PRL4010:00: AHCI 0001.0100 32 slots 6 ports 3 Gbps 0x3f impl platform mode
Jun 12 16:01:46 ubuntu kernel: [    0.428781] ahci PRL4010:00: flags: 64bit ncq stag pm led only slum part 
Jun 12 16:01:46 ubuntu kernel: [    0.431285] xhci_hcd 0000:00:03.0: xHCI Host Controller
Jun 12 16:01:46 ubuntu kernel: [    0.431288] xhci_hcd 0000:00:03.0: new USB bus registered, assigned bus number 2
Jun 12 16:01:46 ubuntu kernel: [    0.431510] xhci_hcd 0000:00:03.0: hcc params 0x01c15001 hci version 0x110 quirks 0x0000000000000014
Jun 12 16:01:46 ubuntu kernel: [    0.431623] xhci_hcd 0000:00:03.0: xHCI Host Controller
Jun 12 16:01:46 ubuntu kernel: [    0.431625] xhci_hcd 0000:00:03.0: new USB bus registered, assigned bus number 3
Jun 12 16:01:46 ubuntu kernel: [    0.431627] xhci_hcd 0000:00:03.0: Host supports USB 3.1 Enhanced SuperSpeed
Jun 12 16:01:46 ubuntu kernel: [    0.431695] usb usb2: New USB device found, idVendor=1d6b, idProduct=0002, bcdDevice= 6.05
Jun 12 16:01:46 ubuntu kernel: [    0.431697] usb usb2: New USB device strings: Mfr=3, Product=2, SerialNumber=1
Jun 12 16:01:46 ubuntu kernel: [    0.431698] usb usb2: Product: xHCI Host Controller
Jun 12 16:01:46 ubuntu kernel: [    0.431699] usb usb2: Manufacturer: Linux 6.5.0-41-generic xhci-hcd
Jun 12 16:01:46 ubuntu kernel: [    0.431700] usb usb2: SerialNumber: 0000:00:03.0
Jun 12 16:01:46 ubuntu kernel: [    0.431886] hub 2-0:1.0: USB hub found
Jun 12 16:01:46 ubuntu kernel: [    0.431891] hub 2-0:1.0: 2 ports detected
Jun 12 16:01:46 ubuntu kernel: [    0.432018] usb usb3: We don't know the algorithms for LPM for this host, disabling LPM.
Jun 12 16:01:46 ubuntu kernel: [    0.432029] usb usb3: New USB device found, idVendor=1d6b, idProduct=0003, bcdDevice= 6.05
Jun 12 16:01:46 ubuntu kernel: [    0.432030] usb usb3: New USB device strings: Mfr=3, Product=2, SerialNumber=1
Jun 12 16:01:46 ubuntu kernel: [    0.432031] usb usb3: Product: xHCI Host Controller
Jun 12 16:01:46 ubuntu kernel: [    0.432031] usb usb3: Manufacturer: Linux 6.5.0-41-generic xhci-hcd
Jun 12 16:01:46 ubuntu kernel: [    0.432032] usb usb3: SerialNumber: 0000:00:03.0
Jun 12 16:01:46 ubuntu kernel: [    0.432493] hub 3-0:1.0: USB hub found
Jun 12 16:01:46 ubuntu kernel: [    0.432504] hub 3-0:1.0: 12 ports detected
Jun 12 16:01:46 ubuntu kernel: [    0.439642] scsi host0: ahci
Jun 12 16:01:46 ubuntu kernel: [    0.439808] scsi host1: ahci
Jun 12 16:01:46 ubuntu kernel: [    0.439923] scsi host2: ahci
Jun 12 16:01:46 ubuntu kernel: [    0.440259] scsi host3: ahci
Jun 12 16:01:46 ubuntu kernel: [    0.440499] scsi host4: ahci
Jun 12 16:01:46 ubuntu kernel: [    0.441543] scsi host5: ahci
Jun 12 16:01:46 ubuntu kernel: [    0.441976] ata1: SATA max UDMA/133 mmio [mem 0x02140000-0x02141fff] port 0x100 irq 15
Jun 12 16:01:46 ubuntu kernel: [    0.441978] ata2: SATA max UDMA/133 mmio [mem 0x02140000-0x02141fff] port 0x180 irq 15
Jun 12 16:01:46 ubuntu kernel: [    0.441979] ata3: SATA max UDMA/133 mmio [mem 0x02140000-0x02141fff] port 0x200 irq 15
Jun 12 16:01:46 ubuntu kernel: [    0.441981] ata4: SATA max UDMA/133 mmio [mem 0x02140000-0x02141fff] port 0x280 irq 15
Jun 12 16:01:46 ubuntu kernel: [    0.441982] ata5: SATA max UDMA/133 mmio [mem 0x02140000-0x02141fff] port 0x300 irq 15
Jun 12 16:01:46 ubuntu kernel: [    0.441983] ata6: SATA max UDMA/133 mmio [mem 0x02140000-0x02141fff] port 0x380 irq 15
Jun 12 16:01:46 ubuntu kernel: [    0.448443] virtio_net virtio1 enp0s5: renamed from eth0
Jun 12 16:01:46 ubuntu kernel: [    0.755068] ata1: SATA link up 1.5 Gbps (SStatus 113 SControl 300)
Jun 12 16:01:46 ubuntu kernel: [    0.755332] ata1.00: ATA-8: elrond-0 SSD, F.A3NZ64, max UDMA/100
Jun 12 16:01:46 ubuntu kernel: [    0.755345] ata1.00: 134217728 sectors, multi 0: LBA48 NCQ (depth 32)
Jun 12 16:01:46 ubuntu kernel: [    0.755520] ata1.00: configured for UDMA/100
Jun 12 16:01:46 ubuntu kernel: [    0.755936] scsi 0:0:0:0: Direct-Access     ATA      elrond-0 SSD     NZ64 PQ: 0 ANSI: 5
Jun 12 16:01:46 ubuntu kernel: [    0.756531] sd 0:0:0:0: [sda] 134217728 512-byte logical blocks: (68.7 GB/64.0 GiB)
Jun 12 16:01:46 ubuntu kernel: [    0.756536] sd 0:0:0:0: [sda] 4096-byte physical blocks
Jun 12 16:01:46 ubuntu kernel: [    0.756548] sd 0:0:0:0: [sda] Write Protect is off
Jun 12 16:01:46 ubuntu kernel: [    0.756552] sd 0:0:0:0: [sda] Mode Sense: 00 3a 00 00
Jun 12 16:01:46 ubuntu kernel: [    0.756566] sd 0:0:0:0: [sda] Write cache: enabled, read cache: enabled, doesn't support DPO or FUA
Jun 12 16:01:46 ubuntu kernel: [    0.756587] sd 0:0:0:0: [sda] Preferred minimum I/O size 4096 bytes
Jun 12 16:01:46 ubuntu kernel: [    0.757804] sd 0:0:0:0: Attached scsi generic sg0 type 0
Jun 12 16:01:46 ubuntu kernel: [    0.758410]  sda: sda1 sda2
Jun 12 16:01:46 ubuntu kernel: [    0.758668] sd 0:0:0:0: [sda] Attached SCSI disk
Jun 12 16:01:46 ubuntu kernel: [    0.768720] usb 3-1: new SuperSpeed USB device number 2 using xhci_hcd
Jun 12 16:01:46 ubuntu kernel: [    0.790315] usb 3-1: LPM exit latency is zeroed, disabling LPM.
Jun 12 16:01:46 ubuntu kernel: [    0.790770] usb 3-1: New USB device found, idVendor=203a, idProduct=fffc, bcdDevice= 1.00
Jun 12 16:01:46 ubuntu kernel: [    0.790777] usb 3-1: New USB device strings: Mfr=1, Product=2, SerialNumber=3
Jun 12 16:01:46 ubuntu kernel: [    0.790780] usb 3-1: Product: Virtual Mouse
Jun 12 16:01:46 ubuntu kernel: [    0.790783] usb 3-1: Manufacturer: Parallels
Jun 12 16:01:46 ubuntu kernel: [    0.790785] usb 3-1: SerialNumber: PW3.0
Jun 12 16:01:46 ubuntu kernel: [    0.926655] usb 3-2: new SuperSpeed USB device number 3 using xhci_hcd
Jun 12 16:01:46 ubuntu kernel: [    0.945652] usb 3-2: LPM exit latency is zeroed, disabling LPM.
Jun 12 16:01:46 ubuntu kernel: [    0.946230] usb 3-2: New USB device found, idVendor=203a, idProduct=fffb, bcdDevice= 1.10
Jun 12 16:01:46 ubuntu kernel: [    0.946240] usb 3-2: New USB device strings: Mfr=1, Product=2, SerialNumber=3
Jun 12 16:01:46 ubuntu kernel: [    0.946245] usb 3-2: Product: Virtual Keyboard
Jun 12 16:01:46 ubuntu kernel: [    0.946249] usb 3-2: Manufacturer: Parallels
Jun 12 16:01:46 ubuntu kernel: [    0.946253] usb 3-2: SerialNumber: KBD1.1
Jun 12 16:01:46 ubuntu kernel: [    1.075699] ata2: SATA link up 1.5 Gbps (SStatus 113 SControl 300)
Jun 12 16:01:46 ubuntu kernel: [    1.075915] ata2.00: ATAPI: Virtual DVD-ROM [1], FWR1, max UDMA/25
Jun 12 16:01:46 ubuntu kernel: [    1.076042] ata2.00: configured for UDMA/25
Jun 12 16:01:46 ubuntu kernel: [    1.076395] usb 3-3: new SuperSpeed USB device number 4 using xhci_hcd
Jun 12 16:01:46 ubuntu kernel: [    1.076570] scsi 1:0:0:0: CD-ROM                     Virtual DVD-ROM  R103 PQ: 0 ANSI: 5
Jun 12 16:01:46 ubuntu kernel: [    1.096802] usb 3-3: LPM exit latency is zeroed, disabling LPM.
Jun 12 16:01:46 ubuntu kernel: [    1.097290] usb 3-3: New USB device found, idVendor=203a, idProduct=fff9, bcdDevice= 1.00
Jun 12 16:01:46 ubuntu kernel: [    1.097300] usb 3-3: New USB device strings: Mfr=1, Product=2, SerialNumber=3
Jun 12 16:01:46 ubuntu kernel: [    1.097304] usb 3-3: Product: FaceTime HD Camera
Jun 12 16:01:46 ubuntu kernel: [    1.097307] usb 3-3: Manufacturer: Parallels
Jun 12 16:01:46 ubuntu kernel: [    1.097309] usb 3-3: SerialNumber: 3F45E80A-0176-46F7-B185-BB9E2C0E82E3
Jun 12 16:01:46 ubuntu kernel: [    1.126974] sr 1:0:0:0: [sr0] scsi3-mmc drive: 44x/44x cd/rw xa/form2 cdda tray
Jun 12 16:01:46 ubuntu kernel: [    1.126999] cdrom: Uniform CD-ROM driver Revision: 3.20
Jun 12 16:01:46 ubuntu kernel: [    1.128955] sr 1:0:0:0: Attached scsi CD-ROM sr0
Jun 12 16:01:46 ubuntu kernel: [    1.129917] sr 1:0:0:0: Attached scsi generic sg1 type 5
Jun 12 16:01:46 ubuntu kernel: [    1.226931] usb 3-4: new SuperSpeed USB device number 5 using xhci_hcd
Jun 12 16:01:46 ubuntu kernel: [    1.248074] usb 3-4: LPM exit latency is zeroed, disabling LPM.
Jun 12 16:01:46 ubuntu kernel: [    1.248496] usb 3-4: New USB device found, idVendor=203a, idProduct=fff9, bcdDevice= 1.00
Jun 12 16:01:46 ubuntu kernel: [    1.248503] usb 3-4: New USB device strings: Mfr=1, Product=2, SerialNumber=3
Jun 12 16:01:46 ubuntu kernel: [    1.248506] usb 3-4: Product: iPhone 14 Camera
Jun 12 16:01:46 ubuntu kernel: [    1.248508] usb 3-4: Manufacturer: Parallels
Jun 12 16:01:46 ubuntu kernel: [    1.248510] usb 3-4: SerialNumber: 43E971E6-99A6-4C48-B0F1-998900000001
Jun 12 16:01:46 ubuntu kernel: [    1.258895] hid: raw HID events driver (C) Jiri Kosina
Jun 12 16:01:46 ubuntu kernel: [    1.448842] ata3: SATA link up 1.5 Gbps (SStatus 113 SControl 300)
Jun 12 16:01:46 ubuntu kernel: [    1.449123] ata3.00: ATA-8: elrond-1 SSD, F.V4W3X0, max UDMA/100
Jun 12 16:01:46 ubuntu kernel: [    1.449135] ata3.00: 134217728 sectors, multi 0: LBA48 NCQ (depth 32)
Jun 12 16:01:46 ubuntu kernel: [    1.449379] ata3.00: configured for UDMA/100
Jun 12 16:01:46 ubuntu kernel: [    1.449851] scsi 2:0:0:0: Direct-Access     ATA      elrond-1 SSD     W3X0 PQ: 0 ANSI: 5
Jun 12 16:01:46 ubuntu kernel: [    1.450407] sd 2:0:0:0: Attached scsi generic sg2 type 0
Jun 12 16:01:46 ubuntu kernel: [    1.450502] sd 2:0:0:0: [sdb] 134217728 512-byte logical blocks: (68.7 GB/64.0 GiB)
Jun 12 16:01:46 ubuntu kernel: [    1.450509] sd 2:0:0:0: [sdb] 4096-byte physical blocks
Jun 12 16:01:46 ubuntu kernel: [    1.450844] sd 2:0:0:0: [sdb] Write Protect is off
Jun 12 16:01:46 ubuntu kernel: [    1.450849] sd 2:0:0:0: [sdb] Mode Sense: 00 3a 00 00
Jun 12 16:01:46 ubuntu kernel: [    1.450874] sd 2:0:0:0: [sdb] Write cache: enabled, read cache: enabled, doesn't support DPO or FUA
Jun 12 16:01:46 ubuntu kernel: [    1.450894] sd 2:0:0:0: [sdb] Preferred minimum I/O size 4096 bytes
Jun 12 16:01:46 ubuntu kernel: [    1.452698] sd 2:0:0:0: [sdb] Attached SCSI disk
Jun 12 16:01:46 ubuntu kernel: [    1.765841] ata4: SATA link up 1.5 Gbps (SStatus 113 SControl 300)
Jun 12 16:01:46 ubuntu kernel: [    1.766099] ata4.00: ATAPI: Virtual DVD-ROM [3], FWR1, max UDMA/25
Jun 12 16:01:46 ubuntu kernel: [    1.766269] ata4.00: configured for UDMA/25
Jun 12 16:01:46 ubuntu kernel: [    1.766951] scsi 3:0:0:0: CD-ROM                     Virtual DVD-ROM  R103 PQ: 0 ANSI: 5
Jun 12 16:01:46 ubuntu kernel: [    1.797730] sr 3:0:0:0: [sr1] scsi3-mmc drive: 44x/44x cd/rw xa/form2 cdda tray
Jun 12 16:01:46 ubuntu kernel: [    1.798968] sr 3:0:0:0: Attached scsi CD-ROM sr1
Jun 12 16:01:46 ubuntu kernel: [    1.799138] sr 3:0:0:0: Attached scsi generic sg3 type 5
Jun 12 16:01:46 ubuntu kernel: [    2.112966] ata5: SATA link down (SStatus 0 SControl 300)
Jun 12 16:01:46 ubuntu kernel: [    2.425649] ata6: SATA link down (SStatus 0 SControl 300)
Jun 12 16:01:46 ubuntu kernel: [    2.446080] usbcore: registered new interface driver usbhid
Jun 12 16:01:46 ubuntu kernel: [    2.446090] usbhid: USB HID core driver
Jun 12 16:01:46 ubuntu kernel: [    2.452760] input: Parallels Virtual Mouse as /devices/pci0000:00/0000:00:03.0/usb3/3-1/3-1:1.0/0003:203A:FFFC.0001/input/input1
Jun 12 16:01:46 ubuntu kernel: [    2.452888] hid-generic 0003:203A:FFFC.0001: input,hidraw0: USB HID v1.10 Mouse [Parallels Virtual Mouse] on usb-0000:00:03.0-1/input0
Jun 12 16:01:46 ubuntu kernel: [    2.453905] input: Parallels Virtual Mouse as /devices/pci0000:00/0000:00:03.0/usb3/3-1/3-1:1.1/0003:203A:FFFC.0002/input/input2
Jun 12 16:01:46 ubuntu kernel: [    2.454573] hid-generic 0003:203A:FFFC.0002: input,hidraw1: USB HID v1.10 Mouse [Parallels Virtual Mouse] on usb-0000:00:03.0-1/input1
Jun 12 16:01:46 ubuntu kernel: [    2.454699] input: Parallels Virtual Keyboard as /devices/pci0000:00/0000:00:03.0/usb3/3-2/3-2:1.0/0003:203A:FFFB.0003/input/input3
Jun 12 16:01:46 ubuntu kernel: [    2.516991] hid-generic 0003:203A:FFFB.0003: input,hidraw2: USB HID v10.01 Keyboard [Parallels Virtual Keyboard] on usb-0000:00:03.0-2/input0
Jun 12 16:01:46 ubuntu kernel: [    2.517183] input: Parallels Virtual Keyboard as /devices/pci0000:00/0000:00:03.0/usb3/3-2/3-2:1.1/0003:203A:FFFB.0004/input/input4
Jun 12 16:01:46 ubuntu kernel: [    2.576579] hid-generic 0003:203A:FFFB.0004: input,hidraw3: USB HID v10.01 Keyboard [Parallels Virtual Keyboard] on usb-0000:00:03.0-2/input1
Jun 12 16:01:46 ubuntu kernel: [    5.556231] random: crng init done
Jun 12 16:01:46 ubuntu kernel: [    5.724310] fbcon: Taking over console
Jun 12 16:01:46 ubuntu kernel: [    5.898537] EXT4-fs (dm-0): mounted filesystem a9862ff4-03cf-483d-8ac1-7d5c4a22955d ro with ordered data mode. Quota mode: none.
Jun 12 16:01:46 ubuntu kernel: [    5.998288] systemd[1]: memfd_create() called without MFD_EXEC or MFD_NOEXEC_SEAL set
Jun 12 16:01:46 ubuntu kernel: [    6.012567] block sda: the capability attribute has been deprecated.
Jun 12 16:01:46 ubuntu kernel: [    6.097011] pstore: Using crash dump compression: deflate
Jun 12 16:01:46 ubuntu kernel: [    6.097726] pstore: Registered efi_pstore as persistent store backend
Jun 12 16:01:46 ubuntu kernel: [    6.102390] ACPI: bus type drm_connector registered
Jun 12 16:01:46 ubuntu kernel: [    6.122278] EXT4-fs (dm-0): re-mounted a9862ff4-03cf-483d-8ac1-7d5c4a22955d r/w. Quota mode: none.
Jun 12 16:01:46 ubuntu kernel: [    6.147222] loop0: detected capacity change from 0 to 8
Jun 12 16:01:46 ubuntu kernel: [    6.147369] loop1: detected capacity change from 0 to 904
Jun 12 16:01:46 ubuntu kernel: [    6.147997] loop2: detected capacity change from 0 to 25096
Jun 12 16:01:46 ubuntu kernel: [    6.148452] loop3: detected capacity change from 0 to 187776
Jun 12 16:01:46 ubuntu kernel: [    6.150212] loop4: detected capacity change from 0 to 69032
Jun 12 16:01:46 ubuntu kernel: [    6.151173] loop5: detected capacity change from 0 to 989864
Jun 12 16:01:46 ubuntu kernel: [    6.152931] loop6: detected capacity change from 0 to 141760
Jun 12 16:01:46 ubuntu kernel: [    6.154012] loop7: detected capacity change from 0 to 506192
Jun 12 16:01:46 ubuntu kernel: [    6.306844] acpi-tad ACPI000E:00: Unsupported capabilities
Jun 12 16:01:46 ubuntu kernel: [    6.332247] mc: Linux media interface: v0.10
Jun 12 16:01:46 ubuntu kernel: [    6.332398] snd_hda_intel 0000:00:01.0: enabling device (0000 -> 0002)
Jun 12 16:01:46 ubuntu kernel: [    6.332418] snd_hda_intel 0000:00:01.0: Force to snoop mode by module option
Jun 12 16:01:46 ubuntu kernel: [    6.338635] videodev: Linux video capture interface: v2.00
Jun 12 16:01:46 ubuntu kernel: [    6.347785] [drm] pci: virtio-vga detected at 0000:00:0a.0
Jun 12 16:01:46 ubuntu kernel: [    6.347820] [drm] features: +virgl -edid -resource_blob -host_visible
Jun 12 16:01:46 ubuntu kernel: [    6.347821] [drm] features: -context_init
Jun 12 16:01:46 ubuntu kernel: [    6.349618] usb 3-3: Found UVC 1.00 device FaceTime HD Camera (203a:fff9)
Jun 12 16:01:46 ubuntu kernel: [    6.349799] [drm] number of scanouts: 16
Jun 12 16:01:46 ubuntu kernel: [    6.349802] [drm] number of cap sets: 1
Jun 12 16:01:46 ubuntu kernel: [    6.349879] [drm] cap set 0: id 2, max-version 2, max-size 768
Jun 12 16:01:46 ubuntu kernel: [    6.351048] snd_hda_codec_generic hdaudioC0D0: autoconfig for Generic: line_outs=5 (0xa/0xc/0xb/0xf/0xd) type:speaker
Jun 12 16:01:46 ubuntu kernel: [    6.351051] snd_hda_codec_generic hdaudioC0D0:    speaker_outs=0 (0x0/0x0/0x0/0x0/0x0)
Jun 12 16:01:46 ubuntu kernel: [    6.351051] snd_hda_codec_generic hdaudioC0D0:    hp_outs=0 (0x0/0x0/0x0/0x0/0x0)
Jun 12 16:01:46 ubuntu kernel: [    6.351052] snd_hda_codec_generic hdaudioC0D0:    mono: mono_out=0x0
Jun 12 16:01:46 ubuntu kernel: [    6.351053] snd_hda_codec_generic hdaudioC0D0:    inputs:
Jun 12 16:01:46 ubuntu kernel: [    6.351053] snd_hda_codec_generic hdaudioC0D0:      Mic=0xe
Jun 12 16:01:46 ubuntu kernel: [    6.351440] [drm] Initialized virtio_gpu 0.1.0 0 for 0000:00:0a.0 on minor 0
Jun 12 16:01:46 ubuntu kernel: [    6.352939] usb 3-4: Found UVC 1.00 device iPhone 14 Camera (203a:fff9)
Jun 12 16:01:46 ubuntu kernel: [    6.352998] input: HDA Intel Mic as /devices/pci0000:00/0000:00:01.0/sound/card0/input5
Jun 12 16:01:46 ubuntu kernel: [    6.353023] input: HDA Intel Speaker as /devices/pci0000:00/0000:00:01.0/sound/card0/input6
Jun 12 16:01:46 ubuntu kernel: [    6.353057] input: HDA Intel Speaker as /devices/pci0000:00/0000:00:01.0/sound/card0/input7
Jun 12 16:01:46 ubuntu kernel: [    6.353084] input: HDA Intel Speaker as /devices/pci0000:00/0000:00:01.0/sound/card0/input8
Jun 12 16:01:46 ubuntu kernel: [    6.353107] input: HDA Intel Speaker as /devices/pci0000:00/0000:00:01.0/sound/card0/input9
Jun 12 16:01:46 ubuntu kernel: [    6.353128] input: HDA Intel Speaker as /devices/pci0000:00/0000:00:01.0/sound/card0/input10
Jun 12 16:01:46 ubuntu kernel: [    6.353896] usbcore: registered new interface driver uvcvideo
Jun 12 16:01:46 ubuntu kernel: [    6.354081] Console: switching to colour frame buffer device 128x48
Jun 12 16:01:46 ubuntu kernel: [    6.354530] virtio-pci 0000:00:0a.0: [drm] fb0: virtio_gpudrmfb frame buffer device
Jun 12 16:01:46 ubuntu kernel: [    6.497445] Adding 4095996k swap on /dev/mapper/server--vg-swap_1.  Priority:-2 extents:1 across:4095996k SSFS
Jun 12 16:01:46 ubuntu kernel: [    6.579870] audit: type=1400 audit(1718208102.028:2): apparmor="STATUS" operation="profile_load" profile="unconfined" name="lsb_release" pid=409 comm="apparmor_parser"
Jun 12 16:01:46 ubuntu kernel: [    6.635019] audit: type=1400 audit(1718208102.084:3): apparmor="STATUS" operation="profile_load" profile="unconfined" name="nvidia_modprobe" pid=410 comm="apparmor_parser"
Jun 12 16:01:46 ubuntu kernel: [    6.635275] audit: type=1400 audit(1718208102.084:4): apparmor="STATUS" operation="profile_load" profile="unconfined" name="nvidia_modprobe//kmod" pid=410 comm="apparmor_parser"
Jun 12 16:01:46 ubuntu kernel: [    6.731370] audit: type=1400 audit(1718208102.180:5): apparmor="STATUS" operation="profile_load" profile="unconfined" name="ubuntu_pro_apt_news" pid=471 comm="apparmor_parser"
Jun 12 16:01:46 ubuntu kernel: [    6.732742] audit: type=1400 audit(1718208102.184:6): apparmor="STATUS" operation="profile_load" profile="unconfined" name="/usr/lib/NetworkManager/nm-dhcp-client.action" pid=436 comm="apparmor_parser"
Jun 12 16:01:46 ubuntu kernel: [    6.733039] audit: type=1400 audit(1718208102.184:7): apparmor="STATUS" operation="profile_load" profile="unconfined" name="/usr/lib/NetworkManager/nm-dhcp-helper" pid=436 comm="apparmor_parser"
Jun 12 16:01:46 ubuntu kernel: [    6.733341] audit: type=1400 audit(1718208102.184:8): apparmor="STATUS" operation="profile_load" profile="unconfined" name="/usr/lib/connman/scripts/dhclient-script" pid=436 comm="apparmor_parser"
Jun 12 16:01:46 ubuntu kernel: [    6.733889] audit: type=1400 audit(1718208102.184:9): apparmor="STATUS" operation="profile_load" profile="unconfined" name="/{,usr/}sbin/dhclient" pid=436 comm="apparmor_parser"
Jun 12 16:01:46 ubuntu kernel: [    6.996721] audit: type=1400 audit(1718208102.448:10): apparmor="STATUS" operation="profile_load" profile="unconfined" name="ubuntu_pro_esm_cache" pid=587 comm="apparmor_parser"
Jun 12 16:01:46 ubuntu kernel: [    6.997252] audit: type=1400 audit(1718208102.448:11): apparmor="STATUS" operation="profile_load" profile="unconfined" name="ubuntu_pro_esm_cache//apt_methods" pid=587 comm="apparmor_parser"
Jun 12 16:01:47 ubuntu kernel: [   11.960318] loop8: detected capacity change from 0 to 8
Jun 12 16:01:47 ubuntu kernel: [   12.054698] kauditd_printk_skb: 46 callbacks suppressed
Jun 12 16:01:47 ubuntu kernel: [   12.054700] audit: type=1400 audit(1718208107.504:58): apparmor="STATUS" operation="profile_replace" profile="unconfined" name="/snap/snapd/21761/usr/lib/snapd/snap-confine" pid=838 comm="apparmor_parser"
Jun 12 16:01:47 ubuntu kernel: [   12.073034] audit: type=1400 audit(1718208107.524:59): apparmor="STATUS" operation="profile_replace" profile="unconfined" name="/snap/snapd/21761/usr/lib/snapd/snap-confine//mount-namespace-capture-helper" pid=838 comm="apparmor_parser"
Jun 12 16:01:47 ubuntu kernel: [   12.355220] audit: type=1400 audit(1718208107.804:60): apparmor="STATUS" operation="profile_replace" info="same as current profile, skipping" profile="unconfined" name="snap-update-ns.snap-store" pid=840 comm="apparmor_parser"
Jun 12 16:01:48 ubuntu kernel: [   12.679004] audit: type=1400 audit(1718208108.128:61): apparmor="STATUS" operation="profile_replace" info="same as current profile, skipping" profile="unconfined" name="snap-update-ns.snapd-desktop-integration" pid=841 comm="apparmor_parser"
Jun 12 16:01:48 ubuntu kernel: [   12.891820] audit: type=1400 audit(1718208108.340:62): apparmor="STATUS" operation="profile_replace" info="same as current profile, skipping" profile="unconfined" name="snap-update-ns.firefox" pid=845 comm="apparmor_parser"
Jun 12 16:01:48 ubuntu kernel: [   12.896527] audit: type=1400 audit(1718208108.348:63): apparmor="STATUS" operation="profile_replace" info="same as current profile, skipping" profile="unconfined" name="snap.snap-store.hook.configure" pid=847 comm="apparmor_parser"
Jun 12 16:01:48 ubuntu kernel: [   12.901198] audit: type=1400 audit(1718208108.352:64): apparmor="STATUS" operation="profile_replace" info="same as current profile, skipping" profile="unconfined" name="snap.snap-store.snap-store" pid=848 comm="apparmor_parser"
Jun 12 16:01:48 ubuntu kernel: [   12.905568] audit: type=1400 audit(1718208108.356:65): apparmor="STATUS" operation="profile_replace" info="same as current profile, skipping" profile="unconfined" name="snap.snap-store.ubuntu-software" pid=849 comm="apparmor_parser"
Jun 12 16:01:48 ubuntu kernel: [   12.909894] audit: type=1400 audit(1718208108.360:66): apparmor="STATUS" operation="profile_replace" info="same as current profile, skipping" profile="unconfined" name="snap.snap-store.ubuntu-software-local-file" pid=850 comm="apparmor_parser"
Jun 12 16:01:48 ubuntu kernel: [   12.912466] audit: type=1400 audit(1718208108.364:67): apparmor="STATUS" operation="profile_replace" info="same as current profile, skipping" profile="unconfined" name="snap.snapd-desktop-integration.hook.configure" pid=851 comm="apparmor_parser"
Jun 12 16:04:31 ubuntu kernel: [  175.674788] prl_tg: loading out-of-tree module taints kernel.
Jun 12 16:04:31 ubuntu kernel: [  175.674791] prl_tg: module license 'Parallels' taints kernel.
Jun 12 16:04:31 ubuntu kernel: [  175.674792] Disabling lock debugging due to kernel taint
Jun 12 16:04:31 ubuntu kernel: [  175.674792] prl_tg: module verification failed: signature and/or required key missing - tainting kernel
Jun 12 16:04:31 ubuntu kernel: [  175.674793] prl_tg: module license taints kernel.
Jun 12 16:04:31 ubuntu kernel: [  175.675103] Parallels ToolGate driver 1.10.2 loaded
Jun 12 16:04:31 ubuntu kernel: [  175.675151] prl_tg 0000:00:09.0: enabling device (0010 -> 0012)
Jun 12 16:04:31 ubuntu kernel: [  175.675236] Detected Parallels ToolGate device, IRQ 29
Jun 12 16:04:36 ubuntu kernel: [  181.031704] Parallels Linux shared folders filesystem driver 2.1.2 loaded
Jun 12 17:04:50 ubuntu kernel: [    0.000000] Booting Linux on physical CPU 0x0000000000 [0x410f0000]
Jun 12 17:04:50 ubuntu kernel: [    0.000000] Linux version 6.5.0-41-generic (buildd@bos02-arm64-008) (aarch64-linux-gnu-gcc-12 (Ubuntu 12.3.0-1ubuntu1~22.04) 12.3.0, GNU ld (GNU Binutils for Ubuntu) 2.38) #41~22.04.2-Ubuntu SMP PREEMPT_DYNAMIC Mon Jun  3 16:28:24 UTC 2 (Ubuntu 6.5.0-41.41~22.04.2-generic 6.5.13)
Jun 12 17:04:50 ubuntu kernel: [    0.000000] KASLR disabled due to lack of seed
Jun 12 17:04:50 ubuntu kernel: [    0.000000] efi: EFI v2.7 by EDK II
Jun 12 17:04:50 ubuntu kernel: [    0.000000] efi: SMBIOS 3.0=0x13f7f0000 ACPI 2.0=0x13c120000 MEMATTR=0x13dc3fa98 MEMRESERVE=0x13bd3c918 
Jun 12 17:04:50 ubuntu kernel: [    0.000000] secureboot: Secure boot disabled
Jun 12 17:04:50 ubuntu kernel: [    0.000000] ACPI: Early table checksum verification disabled
Jun 12 17:04:50 ubuntu kernel: [    0.000000] ACPI: RSDP 0x000000013C120000 000024 (v02 PRLS  )
Jun 12 17:04:50 ubuntu kernel: [    0.000000] ACPI: XSDT 0x000000013C110000 000044 (v01 PRLS   PRLS_OEM 00000002      01000013)
Jun 12 17:04:50 ubuntu kernel: [    0.000000] ACPI: FACP 0x000000013C040000 000114 (v06 PRLS   PRLS_OEM 00000002 PRLS 00000002)
Jun 12 17:04:50 ubuntu kernel: [    0.000000] ACPI: DSDT 0x000000013BFF0000 0010D4 (v02 PRLS   PRLS_OEM 00000003 INTL 20160527)
Jun 12 17:04:50 ubuntu kernel: [    0.000000] ACPI: GTDT 0x000000013C030000 000050 (v01 PRLS   PRLS_OEM 00000002 PRLS 00000002)
Jun 12 17:04:50 ubuntu kernel: [    0.000000] ACPI: MCFG 0x000000013C020000 00003C (v01                 00000001      00000000)
Jun 12 17:04:50 ubuntu kernel: [    0.000000] ACPI: APIC 0x000000013BFE0000 00010C (v04 PRLS   PRLS_OEM 00000002 PRLS 00000002)
Jun 12 17:04:50 ubuntu kernel: [    0.000000] NUMA: Failed to initialise from firmware
Jun 12 17:04:50 ubuntu kernel: [    0.000000] NUMA: Faking a node at [mem 0x0000000040000000-0x000000013fffffff]
Jun 12 17:04:50 ubuntu kernel: [    0.000000] NUMA: NODE_DATA [mem 0x13f41a5c0-0x13f41ffff]
Jun 12 17:04:50 ubuntu kernel: [    0.000000] Zone ranges:
Jun 12 17:04:50 ubuntu kernel: [    0.000000]   DMA      [mem 0x0000000040000000-0x00000000ffffffff]
Jun 12 17:04:50 ubuntu kernel: [    0.000000]   DMA32    empty
Jun 12 17:04:50 ubuntu kernel: [    0.000000]   Normal   [mem 0x0000000100000000-0x000000013fffffff]
Jun 12 17:04:50 ubuntu kernel: [    0.000000]   Device   empty
Jun 12 17:04:50 ubuntu kernel: [    0.000000] Movable zone start for each node
Jun 12 17:04:50 ubuntu kernel: [    0.000000] Early memory node ranges
Jun 12 17:04:50 ubuntu kernel: [    0.000000]   node   0: [mem 0x0000000040000000-0x00000000fffeffff]
Jun 12 17:04:50 ubuntu kernel: [    0.000000]   node   0: [mem 0x00000000ffff0000-0x00000000ffffffff]
Jun 12 17:04:50 ubuntu kernel: [    0.000000]   node   0: [mem 0x0000000100000000-0x000000013c04ffff]
Jun 12 17:04:50 ubuntu kernel: [    0.000000]   node   0: [mem 0x000000013c050000-0x000000013c10ffff]
Jun 12 17:04:50 ubuntu kernel: [    0.000000]   node   0: [mem 0x000000013c110000-0x000000013f5fffff]
Jun 12 17:04:50 ubuntu kernel: [    0.000000]   node   0: [mem 0x000000013f600000-0x000000013f9dffff]
Jun 12 17:04:50 ubuntu kernel: [    0.000000]   node   0: [mem 0x000000013f9e0000-0x000000013fffffff]
Jun 12 17:04:50 ubuntu kernel: [    0.000000] Initmem setup node 0 [mem 0x0000000040000000-0x000000013fffffff]
Jun 12 17:04:50 ubuntu kernel: [    0.000000] cma: Reserved 32 MiB at 0x00000000fde00000
Jun 12 17:04:50 ubuntu kernel: [    0.000000] psci: probing for conduit method from ACPI.
Jun 12 17:04:50 ubuntu kernel: [    0.000000] psci: PSCIv1.0 detected in firmware.
Jun 12 17:04:50 ubuntu kernel: [    0.000000] psci: Using standard PSCI v0.2 function IDs
Jun 12 17:04:50 ubuntu kernel: [    0.000000] psci: Trusted OS migration not required
Jun 12 17:04:50 ubuntu kernel: [    0.000000] psci: SMC Calling Convention v1.0
Jun 12 17:04:50 ubuntu kernel: [    0.000000] percpu: Embedded 32 pages/cpu s92968 r8192 d29912 u131072
Jun 12 17:04:50 ubuntu kernel: [    0.000000] pcpu-alloc: s92968 r8192 d29912 u131072 alloc=32*4096
Jun 12 17:04:50 ubuntu kernel: [    0.000000] pcpu-alloc: [0] 0 [0] 1 
Jun 12 17:04:50 ubuntu kernel: [    0.000000] Detected PIPT I-cache on CPU0
Jun 12 17:04:50 ubuntu kernel: [    0.000000] CPU features: detected: Address authentication (IMP DEF algorithm)
Jun 12 17:04:50 ubuntu kernel: [    0.000000] CPU features: detected: Spectre-v4
Jun 12 17:04:50 ubuntu kernel: [    0.000000] alternatives: applying boot alternatives
Jun 12 17:04:50 ubuntu kernel: [    0.000000] Kernel command line: BOOT_IMAGE=/boot/vmlinuz-6.5.0-41-generic root=/dev/mapper/server--vg-root ro quiet splash vt.handoff=7
Jun 12 17:04:50 ubuntu kernel: [    0.000000] Unknown kernel command line parameters "splash BOOT_IMAGE=/boot/vmlinuz-6.5.0-41-generic", will be passed to user space.
Jun 12 17:04:50 ubuntu kernel: [    0.000000] Dentry cache hash table entries: 524288 (order: 10, 4194304 bytes, linear)
Jun 12 17:04:50 ubuntu kernel: [    0.000000] Inode-cache hash table entries: 262144 (order: 9, 2097152 bytes, linear)
Jun 12 17:04:50 ubuntu kernel: [    0.000000] Fallback order for Node 0: 0 
Jun 12 17:04:50 ubuntu kernel: [    0.000000] Built 1 zonelists, mobility grouping on.  Total pages: 1032192
Jun 12 17:04:50 ubuntu kernel: [    0.000000] Policy zone: Normal
Jun 12 17:04:50 ubuntu kernel: [    0.000000] mem auto-init: stack:all(zero), heap alloc:on, heap free:off
Jun 12 17:04:50 ubuntu kernel: [    0.000000] software IO TLB: area num 2.
Jun 12 17:04:50 ubuntu kernel: [    0.000000] software IO TLB: mapped [mem 0x00000000f9e00000-0x00000000fde00000] (64MB)
Jun 12 17:04:50 ubuntu kernel: [    0.000000] Memory: 3882708K/4194304K available (21888K kernel code, 4936K rwdata, 15296K rodata, 11712K init, 1330K bss, 278828K reserved, 32768K cma-reserved)
Jun 12 17:04:50 ubuntu kernel: [    0.000000] SLUB: HWalign=64, Order=0-3, MinObjects=0, CPUs=2, Nodes=1
Jun 12 17:04:50 ubuntu kernel: [    0.000000] ftrace: allocating 59741 entries in 234 pages
Jun 12 17:04:50 ubuntu kernel: [    0.000000] ftrace: allocated 234 pages with 5 groups
Jun 12 17:04:50 ubuntu kernel: [    0.000000] trace event string verifier disabled
Jun 12 17:04:50 ubuntu kernel: [    0.000000] Dynamic Preempt: voluntary
Jun 12 17:04:50 ubuntu kernel: [    0.000000] rcu: Preemptible hierarchical RCU implementation.
Jun 12 17:04:50 ubuntu kernel: [    0.000000] rcu: 	RCU restricting CPUs from NR_CPUS=256 to nr_cpu_ids=2.
Jun 12 17:04:50 ubuntu kernel: [    0.000000] 	Trampoline variant of Tasks RCU enabled.
Jun 12 17:04:50 ubuntu kernel: [    0.000000] 	Rude variant of Tasks RCU enabled.
Jun 12 17:04:50 ubuntu kernel: [    0.000000] 	Tracing variant of Tasks RCU enabled.
Jun 12 17:04:50 ubuntu kernel: [    0.000000] rcu: RCU calculated value of scheduler-enlistment delay is 25 jiffies.
Jun 12 17:04:50 ubuntu kernel: [    0.000000] rcu: Adjusting geometry for rcu_fanout_leaf=16, nr_cpu_ids=2
Jun 12 17:04:50 ubuntu kernel: [    0.000000] NR_IRQS: 64, nr_irqs: 64, preallocated irqs: 0
Jun 12 17:04:50 ubuntu kernel: [    0.000000] GICv3: 96 SPIs implemented
Jun 12 17:04:50 ubuntu kernel: [    0.000000] GICv3: 0 Extended SPIs implemented
Jun 12 17:04:50 ubuntu kernel: [    0.000000] Root IRQ handler: gic_handle_irq
Jun 12 17:04:50 ubuntu kernel: [    0.000000] GICv3: GICv3 features: 16 PPIs, RSS
Jun 12 17:04:50 ubuntu kernel: [    0.000000] GICv3: CPU0: found redistributor 0 region 0:0x0000000002500000
Jun 12 17:04:50 ubuntu kernel: [    0.000000] GICv2m: range[mem 0x02250000-0x02250fff], SPI[53:116]
Jun 12 17:04:50 ubuntu kernel: [    0.000000] rcu: srcu_init: Setting srcu_struct sizes based on contention.
Jun 12 17:04:50 ubuntu kernel: [    0.000000] ACPI GTDT: Revision:1 doesn't support Platform Timers.
Jun 12 17:04:50 ubuntu kernel: [    0.000000] arch_timer: cp15 timer(s) running at 24.00MHz (virt).
Jun 12 17:04:50 ubuntu kernel: [    0.000000] clocksource: arch_sys_counter: mask: 0xffffffffffffff max_cycles: 0x588fe9dc0, max_idle_ns: 440795202592 ns
Jun 12 17:04:50 ubuntu kernel: [    0.000000] sched_clock: 56 bits at 24MHz, resolution 41ns, wraps every 4398046511097ns
Jun 12 17:04:50 ubuntu kernel: [    0.000185] Console: colour dummy device 80x25
Jun 12 17:04:50 ubuntu kernel: [    0.000186] printk: console [tty0] enabled
Jun 12 17:04:50 ubuntu kernel: [    0.001462] ACPI: Core revision 20230331
Jun 12 17:04:50 ubuntu kernel: [    0.001797] Calibrating delay loop (skipped), value calculated using timer frequency.. 48.00 BogoMIPS (lpj=96000)
Jun 12 17:04:50 ubuntu kernel: [    0.001798] pid_max: default: 32768 minimum: 301
Jun 12 17:04:50 ubuntu kernel: [    0.004044] LSM: initializing lsm=lockdown,capability,landlock,yama,apparmor,integrity
Jun 12 17:04:50 ubuntu kernel: [    0.004047] landlock: Up and running.
Jun 12 17:04:50 ubuntu kernel: [    0.004048] Yama: becoming mindful.
Jun 12 17:04:50 ubuntu kernel: [    0.004190] AppArmor: AppArmor initialized
Jun 12 17:04:50 ubuntu kernel: [    0.004846] Mount-cache hash table entries: 8192 (order: 4, 65536 bytes, linear)
Jun 12 17:04:50 ubuntu kernel: [    0.004869] Mountpoint-cache hash table entries: 8192 (order: 4, 65536 bytes, linear)
Jun 12 17:04:50 ubuntu kernel: [    0.006639] ACPI PPTT: No PPTT table found, CPU and cache topology may be inaccurate
Jun 12 17:04:50 ubuntu kernel: [    0.006641] cacheinfo: Unable to detect cache hierarchy for CPU 0
Jun 12 17:04:50 ubuntu kernel: [    0.006879] RCU Tasks: Setting shift to 1 and lim to 1 rcu_task_cb_adjust=1.
Jun 12 17:04:50 ubuntu kernel: [    0.006907] RCU Tasks Rude: Setting shift to 1 and lim to 1 rcu_task_cb_adjust=1.
Jun 12 17:04:50 ubuntu kernel: [    0.006929] RCU Tasks Trace: Setting shift to 1 and lim to 1 rcu_task_cb_adjust=1.
Jun 12 17:04:50 ubuntu kernel: [    0.007023] rcu: Hierarchical SRCU implementation.
Jun 12 17:04:50 ubuntu kernel: [    0.007024] rcu: 	Max phase no-delay instances is 1000.
Jun 12 17:04:50 ubuntu kernel: [    0.007284] Remapping and enabling EFI services.
Jun 12 17:04:50 ubuntu kernel: [    0.007444] smp: Bringing up secondary CPUs ...
Jun 12 17:04:50 ubuntu kernel: [    0.007706] Detected PIPT I-cache on CPU1
Jun 12 17:04:50 ubuntu kernel: [    0.007715] GICv3: CPU1: found redistributor 1 region 0:0x0000000002520000
Jun 12 17:04:50 ubuntu kernel: [    0.007749] CPU1: Booted secondary processor 0x0000000001 [0x410f0000]
Jun 12 17:04:50 ubuntu kernel: [    0.007803] smp: Brought up 1 node, 2 CPUs
Jun 12 17:04:50 ubuntu kernel: [    0.007805] SMP: Total of 2 processors activated.
Jun 12 17:04:50 ubuntu kernel: [    0.007807] CPU features: detected: ARMv8.4 Translation Table Level
Jun 12 17:04:50 ubuntu kernel: [    0.007808] CPU features: detected: Data cache clean to the PoU not required for I/D coherence
Jun 12 17:04:50 ubuntu kernel: [    0.007808] CPU features: detected: Common not Private translations
Jun 12 17:04:50 ubuntu kernel: [    0.007809] CPU features: detected: CRC32 instructions
Jun 12 17:04:50 ubuntu kernel: [    0.007809] CPU features: detected: Data cache clean to Point of Deep Persistence
Jun 12 17:04:50 ubuntu kernel: [    0.007810] CPU features: detected: Data cache clean to Point of Persistence
Jun 12 17:04:50 ubuntu kernel: [    0.007810] CPU features: detected: Data independent timing control (DIT)
Jun 12 17:04:50 ubuntu kernel: [    0.007810] CPU features: detected: E0PD
Jun 12 17:04:50 ubuntu kernel: [    0.007811] CPU features: detected: Generic authentication (IMP DEF algorithm)
Jun 12 17:04:50 ubuntu kernel: [    0.007812] CPU features: detected: RCpc load-acquire (LDAPR)
Jun 12 17:04:50 ubuntu kernel: [    0.007812] CPU features: detected: LSE atomic instructions
Jun 12 17:04:50 ubuntu kernel: [    0.007812] CPU features: detected: Privileged Access Never
Jun 12 17:04:50 ubuntu kernel: [    0.007813] CPU features: detected: RAS Extension Support
Jun 12 17:04:50 ubuntu kernel: [    0.007813] CPU features: detected: Speculation barrier (SB)
Jun 12 17:04:50 ubuntu kernel: [    0.007814] CPU features: detected: TLB range maintenance instructions
Jun 12 17:04:50 ubuntu kernel: [    0.007815] CPU features: detected: Speculative Store Bypassing Safe (SSBS)
Jun 12 17:04:50 ubuntu kernel: [    0.007844] CPU: All CPU(s) started at EL1
Jun 12 17:04:50 ubuntu kernel: [    0.007855] alternatives: applying system-wide alternatives
Jun 12 17:04:50 ubuntu kernel: [    0.008462] devtmpfs: initialized
Jun 12 17:04:50 ubuntu kernel: [    0.008804] setend instruction emulation is not supported on this system
Jun 12 17:04:50 ubuntu kernel: [    0.008848] clocksource: jiffies: mask: 0xffffffff max_cycles: 0xffffffff, max_idle_ns: 7645041785100000 ns
Jun 12 17:04:50 ubuntu kernel: [    0.008857] futex hash table entries: 512 (order: 3, 32768 bytes, linear)
Jun 12 17:04:50 ubuntu kernel: [    0.008974] pinctrl core: initialized pinctrl subsystem
Jun 12 17:04:50 ubuntu kernel: [    0.009103] SMBIOS 3.0.0 present.
Jun 12 17:04:50 ubuntu kernel: [    0.009106] DMI: Parallels International GmbH. Parallels ARM Virtual Machine/Parallels ARM Virtual Platform, BIOS 19.4.0 (54962) Mon, 20 May 202
Jun 12 17:04:50 ubuntu kernel: [    0.009292] NET: Registered PF_NETLINK/PF_ROUTE protocol family
Jun 12 17:04:50 ubuntu kernel: [    0.009472] DMA: preallocated 512 KiB GFP_KERNEL pool for atomic allocations
Jun 12 17:04:50 ubuntu kernel: [    0.009543] DMA: preallocated 512 KiB GFP_KERNEL|GFP_DMA pool for atomic allocations
Jun 12 17:04:50 ubuntu kernel: [    0.009629] DMA: preallocated 512 KiB GFP_KERNEL|GFP_DMA32 pool for atomic allocations
Jun 12 17:04:50 ubuntu kernel: [    0.009632] audit: initializing netlink subsys (disabled)
Jun 12 17:04:50 ubuntu kernel: [    0.009683] audit: type=2000 audit(0.008:1): state=initialized audit_enabled=0 res=1
Jun 12 17:04:50 ubuntu kernel: [    0.009766] thermal_sys: Registered thermal governor 'fair_share'
Jun 12 17:04:50 ubuntu kernel: [    0.009766] thermal_sys: Registered thermal governor 'bang_bang'
Jun 12 17:04:50 ubuntu kernel: [    0.009767] thermal_sys: Registered thermal governor 'step_wise'
Jun 12 17:04:50 ubuntu kernel: [    0.009767] thermal_sys: Registered thermal governor 'user_space'
Jun 12 17:04:50 ubuntu kernel: [    0.009767] thermal_sys: Registered thermal governor 'power_allocator'
Jun 12 17:04:50 ubuntu kernel: [    0.009771] cpuidle: using governor ladder
Jun 12 17:04:50 ubuntu kernel: [    0.009772] cpuidle: using governor menu
Jun 12 17:04:50 ubuntu kernel: [    0.009792] hw-breakpoint: found 6 breakpoint and 4 watchpoint registers.
Jun 12 17:04:50 ubuntu kernel: [    0.009822] ASID allocator initialised with 256 entries
Jun 12 17:04:50 ubuntu kernel: [    0.009886] acpiphp: ACPI Hot Plug PCI Controller Driver version: 0.5
Jun 12 17:04:50 ubuntu kernel: [    0.010001] Serial: AMBA PL011 UART driver
Jun 12 17:04:50 ubuntu kernel: [    0.010047] Modules: 18928 pages in range for non-PLT usage
Jun 12 17:04:50 ubuntu kernel: [    0.010048] Modules: 510448 pages in range for PLT usage
Jun 12 17:04:50 ubuntu kernel: [    0.012310] HugeTLB: registered 1.00 GiB page size, pre-allocated 0 pages
Jun 12 17:04:50 ubuntu kernel: [    0.012311] HugeTLB: 0 KiB vmemmap can be freed for a 1.00 GiB page
Jun 12 17:04:50 ubuntu kernel: [    0.012312] HugeTLB: registered 32.0 MiB page size, pre-allocated 0 pages
Jun 12 17:04:50 ubuntu kernel: [    0.012312] HugeTLB: 0 KiB vmemmap can be freed for a 32.0 MiB page
Jun 12 17:04:50 ubuntu kernel: [    0.012313] HugeTLB: registered 2.00 MiB page size, pre-allocated 0 pages
Jun 12 17:04:50 ubuntu kernel: [    0.012313] HugeTLB: 0 KiB vmemmap can be freed for a 2.00 MiB page
Jun 12 17:04:50 ubuntu kernel: [    0.012313] HugeTLB: registered 64.0 KiB page size, pre-allocated 0 pages
Jun 12 17:04:50 ubuntu kernel: [    0.012314] HugeTLB: 0 KiB vmemmap can be freed for a 64.0 KiB page
Jun 12 17:04:50 ubuntu kernel: [    0.012780] ACPI: Added _OSI(Module Device)
Jun 12 17:04:50 ubuntu kernel: [    0.012781] ACPI: Added _OSI(Processor Device)
Jun 12 17:04:50 ubuntu kernel: [    0.012781] ACPI: Added _OSI(3.0 _SCP Extensions)
Jun 12 17:04:50 ubuntu kernel: [    0.012782] ACPI: Added _OSI(Processor Aggregator Device)
Jun 12 17:04:50 ubuntu kernel: [    0.012996] ACPI: 1 ACPI AML tables successfully acquired and loaded
Jun 12 17:04:50 ubuntu kernel: [    0.013153] ACPI: Interpreter enabled
Jun 12 17:04:50 ubuntu kernel: [    0.013153] ACPI: Using GIC for interrupt routing
Jun 12 17:04:50 ubuntu kernel: [    0.013179] ACPI: MCFG table detected, 1 entries
Jun 12 17:04:50 ubuntu kernel: [    0.014042] ACPI: PCI Root Bridge [PCI0] (domain 0000 [bus 00])
Jun 12 17:04:50 ubuntu kernel: [    0.014045] acpi PNP0A08:00: _OSC: OS supports [ExtendedConfig ASPM ClockPM Segments MSI EDR HPX-Type3]
Jun 12 17:04:50 ubuntu kernel: [    0.014048] acpi PNP0A08:00: _OSC: OS requested [PCIeHotplug SHPCHotplug PME AER PCIeCapability LTR DPC]
Jun 12 17:04:50 ubuntu kernel: [    0.014049] acpi PNP0A08:00: _OSC: platform willing to grant [PCIeHotplug SHPCHotplug PME AER PCIeCapability LTR DPC]
Jun 12 17:04:50 ubuntu kernel: [    0.014049] acpi PNP0A08:00: _OSC: platform retains control of PCIe features (AE_NOT_FOUND)
Jun 12 17:04:50 ubuntu kernel: [    0.014129] acpi PNP0A08:00: [Firmware Bug]: ECAM area [mem 0x02300000-0x023fffff] not reserved in ACPI namespace
Jun 12 17:04:50 ubuntu kernel: [    0.014135] acpi PNP0A08:00: ECAM at [mem 0x02300000-0x023fffff] for [bus 00]
Jun 12 17:04:50 ubuntu kernel: [    0.014150] ACPI: Remapped I/O 0x0000000002400000 to [io  0x0000-0xfffff window]
Jun 12 17:04:50 ubuntu kernel: [    0.014164] PCI host bridge to bus 0000:00
Jun 12 17:04:50 ubuntu kernel: [    0.014165] pci_bus 0000:00: root bus resource [io  0x0000-0xfffff window] (bus address [0x2400000-0x24fffff])
Jun 12 17:04:50 ubuntu kernel: [    0.014166] pci_bus 0000:00: root bus resource [mem 0x10000000-0x1fffffff window]
Jun 12 17:04:50 ubuntu kernel: [    0.014166] pci_bus 0000:00: root bus resource [bus 00]
Jun 12 17:04:50 ubuntu kernel: [    0.014183] pci 0000:00:01.0: [8086:293e] type 00 class 0x040300
Jun 12 17:04:50 ubuntu kernel: [    0.014193] pci 0000:00:01.0: reg 0x10: [mem 0x14004000-0x14007fff]
Jun 12 17:04:50 ubuntu kernel: [    0.014285] pci 0000:00:02.0: [8086:265c] type 00 class 0x0c0320
Jun 12 17:04:50 ubuntu kernel: [    0.014304] pci 0000:00:02.0: reg 0x10: [mem 0x1400d000-0x1400d3ff]
Jun 12 17:04:50 ubuntu kernel: [    0.014391] pci 0000:00:03.0: [1033:0194] type 00 class 0x0c0330
Jun 12 17:04:50 ubuntu kernel: [    0.014403] pci 0000:00:03.0: reg 0x10: [mem 0x1400c000-0x1400cfff]
Jun 12 17:04:50 ubuntu kernel: [    0.014474] pci 0000:00:05.0: [1af4:1000] type 00 class 0x020000
Jun 12 17:04:50 ubuntu kernel: [    0.014492] pci 0000:00:05.0: reg 0x10: [mem 0x1400b000-0x1400bfff]
Jun 12 17:04:50 ubuntu kernel: [    0.014502] pci 0000:00:05.0: reg 0x14: [mem 0x1400a000-0x1400afff]
Jun 12 17:04:50 ubuntu kernel: [    0.014619] pci 0000:00:09.0: [1ab8:4000] type 00 class 0xff0000
Jun 12 17:04:50 ubuntu kernel: [    0.014628] pci 0000:00:09.0: reg 0x10: [mem 0x14009000-0x14009fff]
Jun 12 17:04:50 ubuntu kernel: [    0.014696] pci 0000:00:0a.0: [1af4:1050] type 00 class 0x030000
Jun 12 17:04:50 ubuntu kernel: [    0.014766] pci 0000:00:0a.0: reg 0x10: [mem 0x10000000-0x13ffffff pref]
Jun 12 17:04:50 ubuntu kernel: [    0.014780] pci 0000:00:0a.0: reg 0x14: [mem 0x14008000-0x14008fff]
Jun 12 17:04:50 ubuntu kernel: [    0.014820] pci 0000:00:0a.0: reg 0x20: [mem 0x14000000-0x14003fff]
Jun 12 17:04:50 ubuntu kernel: [    0.014848] pci 0000:00:0a.0: BAR 0: assigned to efifb
Jun 12 17:04:50 ubuntu kernel: [    0.014916] pci 0000:00:0a.0: BAR 0: assigned [mem 0x10000000-0x13ffffff pref]
Jun 12 17:04:50 ubuntu kernel: [    0.014924] pci 0000:00:01.0: BAR 0: assigned [mem 0x14000000-0x14003fff]
Jun 12 17:04:50 ubuntu kernel: [    0.014926] pci 0000:00:0a.0: BAR 4: assigned [mem 0x14004000-0x14007fff]
Jun 12 17:04:50 ubuntu kernel: [    0.014934] pci 0000:00:03.0: BAR 0: assigned [mem 0x14008000-0x14008fff]
Jun 12 17:04:50 ubuntu kernel: [    0.014936] pci 0000:00:05.0: BAR 0: assigned [mem 0x14009000-0x14009fff]
Jun 12 17:04:50 ubuntu kernel: [    0.014940] pci 0000:00:05.0: BAR 1: assigned [mem 0x1400a000-0x1400afff]
Jun 12 17:04:50 ubuntu kernel: [    0.014946] pci 0000:00:09.0: BAR 0: assigned [mem 0x1400b000-0x1400bfff]
Jun 12 17:04:50 ubuntu kernel: [    0.014948] pci 0000:00:0a.0: BAR 1: assigned [mem 0x1400c000-0x1400cfff]
Jun 12 17:04:50 ubuntu kernel: [    0.014957] pci 0000:00:02.0: BAR 0: assigned [mem 0x1400d000-0x1400d3ff]
Jun 12 17:04:50 ubuntu kernel: [    0.014962] pci_bus 0000:00: resource 4 [io  0x0000-0xfffff window]
Jun 12 17:04:50 ubuntu kernel: [    0.014963] pci_bus 0000:00: resource 5 [mem 0x10000000-0x1fffffff window]
Jun 12 17:04:50 ubuntu kernel: [    0.015448] iommu: Default domain type: Translated
Jun 12 17:04:50 ubuntu kernel: [    0.015449] iommu: DMA domain TLB invalidation policy: strict mode
Jun 12 17:04:50 ubuntu kernel: [    0.015582] SCSI subsystem initialized
Jun 12 17:04:50 ubuntu kernel: [    0.015639] libata version 3.00 loaded.
Jun 12 17:04:50 ubuntu kernel: [    0.015651] ACPI: bus type USB registered
Jun 12 17:04:50 ubuntu kernel: [    0.015657] usbcore: registered new interface driver usbfs
Jun 12 17:04:50 ubuntu kernel: [    0.015661] usbcore: registered new interface driver hub
Jun 12 17:04:50 ubuntu kernel: [    0.015663] usbcore: registered new device driver usb
Jun 12 17:04:50 ubuntu kernel: [    0.015683] pps_core: LinuxPPS API ver. 1 registered
Jun 12 17:04:50 ubuntu kernel: [    0.015683] pps_core: Software ver. 5.3.6 - Copyright 2005-2007 Rodolfo Giometti <giometti@linux.it>
Jun 12 17:04:50 ubuntu kernel: [    0.015686] PTP clock support registered
Jun 12 17:04:50 ubuntu kernel: [    0.015759] EDAC MC: Ver: 3.0.0
Jun 12 17:04:50 ubuntu kernel: [    0.015850] scmi_core: SCMI protocol bus registered
Jun 12 17:04:50 ubuntu kernel: [    0.015885] efivars: Registered efivars operations
Jun 12 17:04:50 ubuntu kernel: [    0.016104] NetLabel: Initializing
Jun 12 17:04:50 ubuntu kernel: [    0.016105] NetLabel:  domain hash size = 128
Jun 12 17:04:50 ubuntu kernel: [    0.016105] NetLabel:  protocols = UNLABELED CIPSOv4 CALIPSO
Jun 12 17:04:50 ubuntu kernel: [    0.016112] NetLabel:  unlabeled traffic allowed by default
Jun 12 17:04:50 ubuntu kernel: [    0.016177] mctp: management component transport protocol core
Jun 12 17:04:50 ubuntu kernel: [    0.016178] NET: Registered PF_MCTP protocol family
Jun 12 17:04:50 ubuntu kernel: [    0.016215] pci 0000:00:0a.0: vgaarb: setting as boot VGA device
Jun 12 17:04:50 ubuntu kernel: [    0.016222] pci 0000:00:0a.0: vgaarb: bridge control possible
Jun 12 17:04:50 ubuntu kernel: [    0.016223] pci 0000:00:0a.0: vgaarb: VGA device added: decodes=io+mem,owns=io+mem,locks=none
Jun 12 17:04:50 ubuntu kernel: [    0.016224] vgaarb: loaded
Jun 12 17:04:50 ubuntu kernel: [    0.016321] clocksource: Switched to clocksource arch_sys_counter
Jun 12 17:04:50 ubuntu kernel: [    0.026010] VFS: Disk quotas dquot_6.6.0
Jun 12 17:04:50 ubuntu kernel: [    0.026025] VFS: Dquot-cache hash table entries: 512 (order 0, 4096 bytes)
Jun 12 17:04:50 ubuntu kernel: [    0.026136] AppArmor: AppArmor Filesystem Enabled
Jun 12 17:04:50 ubuntu kernel: [    0.026143] pnp: PnP ACPI init
Jun 12 17:04:50 ubuntu kernel: [    0.026235] pnp: PnP ACPI: found 0 devices
Jun 12 17:04:50 ubuntu kernel: [    0.028763] NET: Registered PF_INET protocol family
Jun 12 17:04:50 ubuntu kernel: [    0.028950] IP idents hash table entries: 65536 (order: 7, 524288 bytes, linear)
Jun 12 17:04:50 ubuntu kernel: [    0.029671] tcp_listen_portaddr_hash hash table entries: 2048 (order: 3, 32768 bytes, linear)
Jun 12 17:04:50 ubuntu kernel: [    0.029745] Table-perturb hash table entries: 65536 (order: 6, 262144 bytes, linear)
Jun 12 17:04:50 ubuntu kernel: [    0.029840] TCP established hash table entries: 32768 (order: 6, 262144 bytes, linear)
Jun 12 17:04:50 ubuntu kernel: [    0.030145] TCP bind hash table entries: 32768 (order: 8, 1048576 bytes, linear)
Jun 12 17:04:50 ubuntu kernel: [    0.030173] TCP: Hash tables configured (established 32768 bind 32768)
Jun 12 17:04:50 ubuntu kernel: [    0.030299] MPTCP token hash table entries: 4096 (order: 4, 98304 bytes, linear)
Jun 12 17:04:50 ubuntu kernel: [    0.030336] UDP hash table entries: 2048 (order: 4, 65536 bytes, linear)
Jun 12 17:04:50 ubuntu kernel: [    0.030363] UDP-Lite hash table entries: 2048 (order: 4, 65536 bytes, linear)
Jun 12 17:04:50 ubuntu kernel: [    0.030408] NET: Registered PF_UNIX/PF_LOCAL protocol family
Jun 12 17:04:50 ubuntu kernel: [    0.030411] NET: Registered PF_XDP protocol family
Jun 12 17:04:50 ubuntu kernel: [    0.030437] pci 0000:00:03.0: enabling device (0010 -> 0012)
Jun 12 17:04:50 ubuntu kernel: [    0.030455] PCI: CLS 0 bytes, default 64
Jun 12 17:04:50 ubuntu kernel: [    0.030496] Trying to unpack rootfs image as initramfs...
Jun 12 17:04:50 ubuntu kernel: [    0.032428] kvm [1]: HYP mode not available
Jun 12 17:04:50 ubuntu kernel: [    0.032548] Initialise system trusted keyrings
Jun 12 17:04:50 ubuntu kernel: [    0.032554] Key type blacklist registered
Jun 12 17:04:50 ubuntu kernel: [    0.032575] workingset: timestamp_bits=40 max_order=20 bucket_order=0
Jun 12 17:04:50 ubuntu kernel: [    0.032588] zbud: loaded
Jun 12 17:04:50 ubuntu kernel: [    0.033447] squashfs: version 4.0 (2009/01/31) Phillip Lougher
Jun 12 17:04:50 ubuntu kernel: [    0.033808] fuse: init (API version 7.38)
Jun 12 17:04:50 ubuntu kernel: [    0.033905] integrity: Platform Keyring initialized
Jun 12 17:04:50 ubuntu kernel: [    0.033906] integrity: Machine keyring initialized
Jun 12 17:04:50 ubuntu kernel: [    0.037077] Key type asymmetric registered
Jun 12 17:04:50 ubuntu kernel: [    0.037077] Asymmetric key parser 'x509' registered
Jun 12 17:04:50 ubuntu kernel: [    0.037104] Block layer SCSI generic (bsg) driver version 0.4 loaded (major 242)
Jun 12 17:04:50 ubuntu kernel: [    0.037128] io scheduler mq-deadline registered
Jun 12 17:04:50 ubuntu kernel: [    0.037535] shpchp: Standard Hot Plug PCI Controller Driver version: 0.4
Jun 12 17:04:50 ubuntu kernel: [    0.037746] ACPI: AC: AC Adapter [ADP0] (off-line)
Jun 12 17:04:50 ubuntu kernel: [    0.037767] input: Power Button as /devices/LNXSYSTM:00/LNXSYBUS:00/PNP0C0C:00/input/input0
Jun 12 17:04:50 ubuntu kernel: [    0.037782] ACPI: button: Power Button [PWRB]
Jun 12 17:04:50 ubuntu kernel: [    0.037858] ACPI GTDT: Revision:1 doesn't support Platform Timers.
Jun 12 17:04:50 ubuntu kernel: [    0.038451] virtio-pci 0000:00:05.0: virtio_pci: leaving for legacy driver
Jun 12 17:04:50 ubuntu kernel: [    0.038791] Serial: 8250/16550 driver, 32 ports, IRQ sharing enabled
Jun 12 17:04:50 ubuntu kernel: [    0.039584] SuperH (H)SCI(F) driver initialized
Jun 12 17:04:50 ubuntu kernel: [    0.039607] msm_serial: driver initialized
Jun 12 17:04:50 ubuntu kernel: [    0.039771] ACPI: battery: Slot [BAT0] (battery present)
Jun 12 17:04:50 ubuntu kernel: [    0.041269] loop: module loaded
Jun 12 17:04:50 ubuntu kernel: [    0.041638] tun: Universal TUN/TAP device driver, 1.6
Jun 12 17:04:50 ubuntu kernel: [    0.042039] PPP generic driver version 2.4.2
Jun 12 17:04:50 ubuntu kernel: [    0.042273] ehci-pci 0000:00:02.0: EHCI Host Controller
Jun 12 17:04:50 ubuntu kernel: [    0.042276] mousedev: PS/2 mouse device common for all mice
Jun 12 17:04:50 ubuntu kernel: [    0.042276] ehci-pci 0000:00:02.0: new USB bus registered, assigned bus number 1
Jun 12 17:04:50 ubuntu kernel: [    0.042343] ehci-pci 0000:00:02.0: Enabling legacy PCI PM
Jun 12 17:04:50 ubuntu kernel: [    0.042402] ehci-pci 0000:00:02.0: irq 21, io mem 0x1400d000
Jun 12 17:04:50 ubuntu kernel: [    0.042664] rtc-efi rtc-efi.0: registered as rtc0
Jun 12 17:04:50 ubuntu kernel: [    0.042691] rtc-efi rtc-efi.0: setting system clock to 2024-06-12T16:04:44 UTC (1718208284)
Jun 12 17:04:50 ubuntu kernel: [    0.042714] i2c_dev: i2c /dev entries driver
Jun 12 17:04:50 ubuntu kernel: [    0.042812] device-mapper: core: CONFIG_IMA_DISABLE_HTABLE is disabled. Duplicate IMA measurements will not be recorded in the IMA log.
Jun 12 17:04:50 ubuntu kernel: [    0.042824] device-mapper: uevent: version 1.0.3
Jun 12 17:04:50 ubuntu kernel: [    0.042844] device-mapper: ioctl: 4.48.0-ioctl (2023-03-01) initialised: dm-devel@redhat.com
Jun 12 17:04:50 ubuntu kernel: [    0.042955] ledtrig-cpu: registered to indicate activity on CPUs
Jun 12 17:04:50 ubuntu kernel: [    0.043076] No ACPI PMU IRQ for CPU0
Jun 12 17:04:50 ubuntu kernel: [    0.043077] No ACPI PMU IRQ for CPU1
Jun 12 17:04:50 ubuntu kernel: [    0.043116] drop_monitor: Initializing network drop monitor service
Jun 12 17:04:50 ubuntu kernel: [    0.052619] NET: Registered PF_INET6 protocol family
Jun 12 17:04:50 ubuntu kernel: [    0.060350] ehci-pci 0000:00:02.0: USB 2.0 started, EHCI 1.00
Jun 12 17:04:50 ubuntu kernel: [    0.060390] usb usb1: New USB device found, idVendor=1d6b, idProduct=0002, bcdDevice= 6.05
Jun 12 17:04:50 ubuntu kernel: [    0.060391] usb usb1: New USB device strings: Mfr=3, Product=2, SerialNumber=1
Jun 12 17:04:50 ubuntu kernel: [    0.060392] usb usb1: Product: EHCI Host Controller
Jun 12 17:04:50 ubuntu kernel: [    0.060392] usb usb1: Manufacturer: Linux 6.5.0-41-generic ehci_hcd
Jun 12 17:04:50 ubuntu kernel: [    0.060393] usb usb1: SerialNumber: 0000:00:02.0
Jun 12 17:04:50 ubuntu kernel: [    0.060483] hub 1-0:1.0: USB hub found
Jun 12 17:04:50 ubuntu kernel: [    0.060486] hub 1-0:1.0: 15 ports detected
Jun 12 17:04:50 ubuntu kernel: [    0.304504] Freeing initrd memory: 71616K
Jun 12 17:04:50 ubuntu kernel: [    0.308188] Segment Routing with IPv6
Jun 12 17:04:50 ubuntu kernel: [    0.308210] In-situ OAM (IOAM) with IPv6
Jun 12 17:04:50 ubuntu kernel: [    0.308230] NET: Registered PF_PACKET protocol family
Jun 12 17:04:50 ubuntu kernel: [    0.308294] Key type dns_resolver registered
Jun 12 17:04:50 ubuntu kernel: [    0.308979] registered taskstats version 1
Jun 12 17:04:50 ubuntu kernel: [    0.309101] Loading compiled-in X.509 certificates
Jun 12 17:04:50 ubuntu kernel: [    0.309466] Loaded X.509 cert 'Build time autogenerated kernel key: 951537c0248d43aea89ac197d037e00728922a32'
Jun 12 17:04:50 ubuntu kernel: [    0.309719] Loaded X.509 cert 'Canonical Ltd. Live Patch Signing: 14df34d1a87cf37625abec039ef2bf521249b969'
Jun 12 17:04:50 ubuntu kernel: [    0.309974] Loaded X.509 cert 'Canonical Ltd. Kernel Module Signing: 88f752e560a1e0737e31163a466ad7b70a850c19'
Jun 12 17:04:50 ubuntu kernel: [    0.309975] blacklist: Loading compiled-in revocation X.509 certificates
Jun 12 17:04:50 ubuntu kernel: [    0.309983] Loaded X.509 cert 'Canonical Ltd. Secure Boot Signing: 61482aa2830d0ab2ad5af10b7250da9033ddcef0'
Jun 12 17:04:50 ubuntu kernel: [    0.309990] Loaded X.509 cert 'Canonical Ltd. Secure Boot Signing (2017): 242ade75ac4a15e50d50c84b0d45ff3eae707a03'
Jun 12 17:04:50 ubuntu kernel: [    0.309996] Loaded X.509 cert 'Canonical Ltd. Secure Boot Signing (ESM 2018): 365188c1d374d6b07c3c8f240f8ef722433d6a8b'
Jun 12 17:04:50 ubuntu kernel: [    0.310002] Loaded X.509 cert 'Canonical Ltd. Secure Boot Signing (2019): c0746fd6c5da3ae827864651ad66ae47fe24b3e8'
Jun 12 17:04:50 ubuntu kernel: [    0.310012] Loaded X.509 cert 'Canonical Ltd. Secure Boot Signing (2021 v1): a8d54bbb3825cfb94fa13c9f8a594a195c107b8d'
Jun 12 17:04:50 ubuntu kernel: [    0.310022] Loaded X.509 cert 'Canonical Ltd. Secure Boot Signing (2021 v2): 4cf046892d6fd3c9a5b03f98d845f90851dc6a8c'
Jun 12 17:04:50 ubuntu kernel: [    0.310029] Loaded X.509 cert 'Canonical Ltd. Secure Boot Signing (2021 v3): 100437bb6de6e469b581e61cd66bce3ef4ed53af'
Jun 12 17:04:50 ubuntu kernel: [    0.310044] Loaded X.509 cert 'Canonical Ltd. Secure Boot Signing (Ubuntu Core 2019): c1d57b8f6b743f23ee41f4f7ee292f06eecadfb9'
Jun 12 17:04:50 ubuntu kernel: [    0.311076] Key type .fscrypt registered
Jun 12 17:04:50 ubuntu kernel: [    0.311077] Key type fscrypt-provisioning registered
Jun 12 17:04:50 ubuntu kernel: [    0.312492] Key type encrypted registered
Jun 12 17:04:50 ubuntu kernel: [    0.312494] AppArmor: AppArmor sha1 policy hashing enabled
Jun 12 17:04:50 ubuntu kernel: [    0.312605] ima: secureboot mode disabled
Jun 12 17:04:50 ubuntu kernel: [    0.312607] ima: No TPM chip found, activating TPM-bypass!
Jun 12 17:04:50 ubuntu kernel: [    0.312612] Loading compiled-in module X.509 certificates
Jun 12 17:04:50 ubuntu kernel: [    0.312857] Loaded X.509 cert 'Build time autogenerated kernel key: 951537c0248d43aea89ac197d037e00728922a32'
Jun 12 17:04:50 ubuntu kernel: [    0.312858] ima: Allocated hash algorithm: sha1
Jun 12 17:04:50 ubuntu kernel: [    0.312865] ima: No architecture policies found
Jun 12 17:04:50 ubuntu kernel: [    0.312870] evm: Initialising EVM extended attributes:
Jun 12 17:04:50 ubuntu kernel: [    0.312870] evm: security.selinux
Jun 12 17:04:50 ubuntu kernel: [    0.312871] evm: security.SMACK64
Jun 12 17:04:50 ubuntu kernel: [    0.312871] evm: security.SMACK64EXEC
Jun 12 17:04:50 ubuntu kernel: [    0.312871] evm: security.SMACK64TRANSMUTE
Jun 12 17:04:50 ubuntu kernel: [    0.312871] evm: security.SMACK64MMAP
Jun 12 17:04:50 ubuntu kernel: [    0.312872] evm: security.apparmor
Jun 12 17:04:50 ubuntu kernel: [    0.312872] evm: security.ima
Jun 12 17:04:50 ubuntu kernel: [    0.312872] evm: security.capability
Jun 12 17:04:50 ubuntu kernel: [    0.312873] evm: HMAC attrs: 0x1
Jun 12 17:04:50 ubuntu kernel: [    0.314515] clk: Disabling unused clocks
Jun 12 17:04:50 ubuntu kernel: [    0.315447] Freeing unused kernel memory: 11712K
Jun 12 17:04:50 ubuntu kernel: [    0.341826] Checked W+X mappings: passed, no W+X pages found
Jun 12 17:04:50 ubuntu kernel: [    0.341833] Run /init as init process
Jun 12 17:04:50 ubuntu kernel: [    0.341834]   with arguments:
Jun 12 17:04:50 ubuntu kernel: [    0.341835]     /init
Jun 12 17:04:50 ubuntu kernel: [    0.341835]     splash
Jun 12 17:04:50 ubuntu kernel: [    0.341836]   with environment:
Jun 12 17:04:50 ubuntu kernel: [    0.341836]     HOME=/
Jun 12 17:04:50 ubuntu kernel: [    0.341836]     TERM=linux
Jun 12 17:04:50 ubuntu kernel: [    0.341837]     BOOT_IMAGE=/boot/vmlinuz-6.5.0-41-generic
Jun 12 17:04:50 ubuntu kernel: [    0.448415] ahci PRL4010:00: supply ahci not found, using dummy regulator
Jun 12 17:04:50 ubuntu kernel: [    0.448428] ahci PRL4010:00: supply phy not found, using dummy regulator
Jun 12 17:04:50 ubuntu kernel: [    0.448433] ahci PRL4010:00: supply target not found, using dummy regulator
Jun 12 17:04:50 ubuntu kernel: [    0.448518] ahci PRL4010:00: SSS flag set, parallel bus scan disabled
Jun 12 17:04:50 ubuntu kernel: [    0.448593] ahci PRL4010:00: AHCI 0001.0100 32 slots 6 ports 3 Gbps 0x3f impl platform mode
Jun 12 17:04:50 ubuntu kernel: [    0.448594] ahci PRL4010:00: flags: 64bit ncq stag pm led only slum part 
Jun 12 17:04:50 ubuntu kernel: [    0.453584] xhci_hcd 0000:00:03.0: xHCI Host Controller
Jun 12 17:04:50 ubuntu kernel: [    0.453588] xhci_hcd 0000:00:03.0: new USB bus registered, assigned bus number 2
Jun 12 17:04:50 ubuntu kernel: [    0.453745] xhci_hcd 0000:00:03.0: hcc params 0x01c15001 hci version 0x110 quirks 0x0000000000000014
Jun 12 17:04:50 ubuntu kernel: [    0.453859] xhci_hcd 0000:00:03.0: xHCI Host Controller
Jun 12 17:04:50 ubuntu kernel: [    0.453861] xhci_hcd 0000:00:03.0: new USB bus registered, assigned bus number 3
Jun 12 17:04:50 ubuntu kernel: [    0.453862] xhci_hcd 0000:00:03.0: Host supports USB 3.1 Enhanced SuperSpeed
Jun 12 17:04:50 ubuntu kernel: [    0.453949] usb usb2: New USB device found, idVendor=1d6b, idProduct=0002, bcdDevice= 6.05
Jun 12 17:04:50 ubuntu kernel: [    0.453950] usb usb2: New USB device strings: Mfr=3, Product=2, SerialNumber=1
Jun 12 17:04:50 ubuntu kernel: [    0.453951] usb usb2: Product: xHCI Host Controller
Jun 12 17:04:50 ubuntu kernel: [    0.453951] usb usb2: Manufacturer: Linux 6.5.0-41-generic xhci-hcd
Jun 12 17:04:50 ubuntu kernel: [    0.453952] usb usb2: SerialNumber: 0000:00:03.0
Jun 12 17:04:50 ubuntu kernel: [    0.454232] prl_tg: loading out-of-tree module taints kernel.
Jun 12 17:04:50 ubuntu kernel: [    0.454233] prl_tg: module license 'Parallels' taints kernel.
Jun 12 17:04:50 ubuntu kernel: [    0.454234] Disabling lock debugging due to kernel taint
Jun 12 17:04:50 ubuntu kernel: [    0.454234] prl_tg: module verification failed: signature and/or required key missing - tainting kernel
Jun 12 17:04:50 ubuntu kernel: [    0.454235] prl_tg: module license taints kernel.
Jun 12 17:04:50 ubuntu kernel: [    0.454355] Parallels ToolGate driver 1.10.2 loaded
Jun 12 17:04:50 ubuntu kernel: [    0.454375] prl_tg 0000:00:09.0: enabling device (0010 -> 0012)
Jun 12 17:04:50 ubuntu kernel: [    0.454433] Detected Parallels ToolGate device, IRQ 25
Jun 12 17:04:50 ubuntu kernel: [    0.463960] scsi host0: ahci
Jun 12 17:04:50 ubuntu kernel: [    0.468058] scsi host1: ahci
Jun 12 17:04:50 ubuntu kernel: [    0.475988] hub 2-0:1.0: USB hub found
Jun 12 17:04:50 ubuntu kernel: [    0.475994] hub 2-0:1.0: 2 ports detected
Jun 12 17:04:50 ubuntu kernel: [    0.476209] scsi host2: ahci
Jun 12 17:04:50 ubuntu kernel: [    0.476263] usb usb3: We don't know the algorithms for LPM for this host, disabling LPM.
Jun 12 17:04:50 ubuntu kernel: [    0.476273] usb usb3: New USB device found, idVendor=1d6b, idProduct=0003, bcdDevice= 6.05
Jun 12 17:04:50 ubuntu kernel: [    0.476274] usb usb3: New USB device strings: Mfr=3, Product=2, SerialNumber=1
Jun 12 17:04:50 ubuntu kernel: [    0.476275] usb usb3: Product: xHCI Host Controller
Jun 12 17:04:50 ubuntu kernel: [    0.476275] usb usb3: Manufacturer: Linux 6.5.0-41-generic xhci-hcd
Jun 12 17:04:50 ubuntu kernel: [    0.476276] usb usb3: SerialNumber: 0000:00:03.0
Jun 12 17:04:50 ubuntu kernel: [    0.476340] hub 3-0:1.0: USB hub found
Jun 12 17:04:50 ubuntu kernel: [    0.476352] hub 3-0:1.0: 12 ports detected
Jun 12 17:04:50 ubuntu kernel: [    0.479557] scsi host3: ahci
Jun 12 17:04:50 ubuntu kernel: [    0.483604] scsi host4: ahci
Jun 12 17:04:50 ubuntu kernel: [    0.485173] scsi host5: ahci
Jun 12 17:04:50 ubuntu kernel: [    0.485219] ata1: SATA max UDMA/133 mmio [mem 0x02140000-0x02141fff] port 0x100 irq 15
Jun 12 17:04:50 ubuntu kernel: [    0.485221] ata2: SATA max UDMA/133 mmio [mem 0x02140000-0x02141fff] port 0x180 irq 15
Jun 12 17:04:50 ubuntu kernel: [    0.485223] ata3: SATA max UDMA/133 mmio [mem 0x02140000-0x02141fff] port 0x200 irq 15
Jun 12 17:04:50 ubuntu kernel: [    0.485224] ata4: SATA max UDMA/133 mmio [mem 0x02140000-0x02141fff] port 0x280 irq 15
Jun 12 17:04:50 ubuntu kernel: [    0.485225] ata5: SATA max UDMA/133 mmio [mem 0x02140000-0x02141fff] port 0x300 irq 15
Jun 12 17:04:50 ubuntu kernel: [    0.485227] ata6: SATA max UDMA/133 mmio [mem 0x02140000-0x02141fff] port 0x380 irq 15
Jun 12 17:04:50 ubuntu kernel: [    0.488502] virtio_net virtio1 enp0s5: renamed from eth0
Jun 12 17:04:50 ubuntu kernel: [    0.799420] ata1: SATA link up 1.5 Gbps (SStatus 113 SControl 300)
Jun 12 17:04:50 ubuntu kernel: [    0.799606] ata1.00: ATA-8: elrond-0 SSD, F.A3NZ64, max UDMA/100
Jun 12 17:04:50 ubuntu kernel: [    0.799612] ata1.00: 134217728 sectors, multi 0: LBA48 NCQ (depth 32)
Jun 12 17:04:50 ubuntu kernel: [    0.799724] ata1.00: configured for UDMA/100
Jun 12 17:04:50 ubuntu kernel: [    0.800064] scsi 0:0:0:0: Direct-Access     ATA      elrond-0 SSD     NZ64 PQ: 0 ANSI: 5
Jun 12 17:04:50 ubuntu kernel: [    0.800520] sd 0:0:0:0: [sda] 134217728 512-byte logical blocks: (68.7 GB/64.0 GiB)
Jun 12 17:04:50 ubuntu kernel: [    0.800524] sd 0:0:0:0: [sda] 4096-byte physical blocks
Jun 12 17:04:50 ubuntu kernel: [    0.800535] sd 0:0:0:0: [sda] Write Protect is off
Jun 12 17:04:50 ubuntu kernel: [    0.800538] sd 0:0:0:0: [sda] Mode Sense: 00 3a 00 00
Jun 12 17:04:50 ubuntu kernel: [    0.800551] sd 0:0:0:0: [sda] Write cache: enabled, read cache: enabled, doesn't support DPO or FUA
Jun 12 17:04:50 ubuntu kernel: [    0.800570] sd 0:0:0:0: [sda] Preferred minimum I/O size 4096 bytes
Jun 12 17:04:50 ubuntu kernel: [    0.801156] sd 0:0:0:0: Attached scsi generic sg0 type 0
Jun 12 17:04:50 ubuntu kernel: [    0.802422]  sda: sda1 sda2
Jun 12 17:04:50 ubuntu kernel: [    0.802661] sd 0:0:0:0: [sda] Attached SCSI disk
Jun 12 17:04:50 ubuntu kernel: [    0.813363] usb 3-1: new SuperSpeed USB device number 2 using xhci_hcd
Jun 12 17:04:50 ubuntu kernel: [    0.834554] usb 3-1: LPM exit latency is zeroed, disabling LPM.
Jun 12 17:04:50 ubuntu kernel: [    0.834843] usb 3-1: New USB device found, idVendor=203a, idProduct=fffc, bcdDevice= 1.00
Jun 12 17:04:50 ubuntu kernel: [    0.834848] usb 3-1: New USB device strings: Mfr=1, Product=2, SerialNumber=3
Jun 12 17:04:50 ubuntu kernel: [    0.834850] usb 3-1: Product: Virtual Mouse
Jun 12 17:04:50 ubuntu kernel: [    0.834851] usb 3-1: Manufacturer: Parallels
Jun 12 17:04:50 ubuntu kernel: [    0.834852] usb 3-1: SerialNumber: PW3.0
Jun 12 17:04:50 ubuntu kernel: [    0.966157] usb 3-2: new SuperSpeed USB device number 3 using xhci_hcd
Jun 12 17:04:50 ubuntu kernel: [    0.986284] usb 3-2: LPM exit latency is zeroed, disabling LPM.
Jun 12 17:04:50 ubuntu kernel: [    0.986742] usb 3-2: New USB device found, idVendor=203a, idProduct=fffb, bcdDevice= 1.10
Jun 12 17:04:50 ubuntu kernel: [    0.986749] usb 3-2: New USB device strings: Mfr=1, Product=2, SerialNumber=3
Jun 12 17:04:50 ubuntu kernel: [    0.986752] usb 3-2: Product: Virtual Keyboard
Jun 12 17:04:50 ubuntu kernel: [    0.986755] usb 3-2: Manufacturer: Parallels
Jun 12 17:04:50 ubuntu kernel: [    0.986757] usb 3-2: SerialNumber: KBD1.1
Jun 12 17:04:50 ubuntu kernel: [    1.114970] ata2: SATA link up 1.5 Gbps (SStatus 113 SControl 300)
Jun 12 17:04:50 ubuntu kernel: [    1.115196] ata2.00: ATAPI: Virtual DVD-ROM [1], FWR1, max UDMA/25
Jun 12 17:04:50 ubuntu kernel: [    1.115363] ata2.00: configured for UDMA/25
Jun 12 17:04:50 ubuntu kernel: [    1.115884] scsi 1:0:0:0: CD-ROM                     Virtual DVD-ROM  R103 PQ: 0 ANSI: 5
