[    0.000000] kernel: Booting Linux on physical CPU 0x0000000000 [0x410f0000]
[    0.000000] kernel: Linux version 6.5.0-41-generic (buildd@bos02-arm64-008) (aarch64-linux-gnu-gcc-12 (Ubuntu 12.3.0-1ubuntu1~22.04) 12.3.0, GNU ld (GNU Binutils for Ubuntu) 2.38) #41~22.04.2-Ubuntu SMP PREEMPT_DYNAMIC Mon Jun  3 16:28:24 UTC 2 (Ubuntu 6.5.0-41.41~22.04.2-generic 6.5.13)
[    0.000000] kernel: KASLR disabled due to lack of seed
[    0.000000] kernel: efi: EFI v2.7 by EDK II
[    0.000000] kernel: efi: SMBIOS 3.0=0x13f820000 ACPI 2.0=0x13c150000 MEMATTR=0x13deae218 MEMRESERVE=0x13c029918 
[    0.000000] kernel: secureboot: Secure boot disabled
[    0.000000] kernel: ACPI: Early table checksum verification disabled
[    0.000000] kernel: ACPI: RSDP 0x000000013C150000 000024 (v02 PRLS  )
[    0.000000] kernel: ACPI: XSDT 0x000000013C140000 000044 (v01 PRLS   PRLS_OEM 00000002      01000013)
[    0.000000] kernel: ACPI: FACP 0x000000013C070000 000114 (v06 PRLS   PRLS_OEM 00000002 PRLS 00000002)
[    0.000000] kernel: ACPI: DSDT 0x000000013C040000 0010F8 (v02 PRLS   PRLS_OEM 00000003 INTL 20160527)
[    0.000000] kernel: ACPI: GTDT 0x000000013C060000 000050 (v01 PRLS   PRLS_OEM 00000002 PRLS 00000002)
[    0.000000] kernel: ACPI: MCFG 0x000000013C050000 00003C (v01                 00000001      00000000)
[    0.000000] kernel: ACPI: APIC 0x000000013C030000 00010C (v04 PRLS   PRLS_OEM 00000002 PRLS 00000002)
[    0.000000] kernel: NUMA: Failed to initialise from firmware
[    0.000000] kernel: NUMA: Faking a node at [mem 0x0000000040000000-0x000000013fffffff]
[    0.000000] kernel: NUMA: NODE_DATA [mem 0x13f41a5c0-0x13f41ffff]
[    0.000000] kernel: Zone ranges:
[    0.000000] kernel:   DMA      [mem 0x0000000040000000-0x00000000ffffffff]
[    0.000000] kernel:   DMA32    empty
[    0.000000] kernel:   Normal   [mem 0x0000000100000000-0x000000013fffffff]
[    0.000000] kernel:   Device   empty
[    0.000000] kernel: Movable zone start for each node
[    0.000000] kernel: Early memory node ranges
[    0.000000] kernel:   node   0: [mem 0x0000000040000000-0x00000000fffeffff]
[    0.000000] kernel:   node   0: [mem 0x00000000ffff0000-0x00000000ffffffff]
[    0.000000] kernel:   node   0: [mem 0x0000000100000000-0x000000013bf5ffff]
[    0.000000] kernel:   node   0: [mem 0x000000013bf60000-0x000000013bffffff]
[    0.000000] kernel:   node   0: [mem 0x000000013c000000-0x000000013c07ffff]
[    0.000000] kernel:   node   0: [mem 0x000000013c080000-0x000000013c13ffff]
[    0.000000] kernel:   node   0: [mem 0x000000013c140000-0x000000013f62ffff]
[    0.000000] kernel:   node   0: [mem 0x000000013f630000-0x000000013fa0ffff]
[    0.000000] kernel:   node   0: [mem 0x000000013fa10000-0x000000013fffffff]
[    0.000000] kernel: Initmem setup node 0 [mem 0x0000000040000000-0x000000013fffffff]
[    0.000000] kernel: cma: Reserved 32 MiB at 0x00000000fde00000
[    0.000000] kernel: psci: probing for conduit method from ACPI.
[    0.000000] kernel: psci: PSCIv1.0 detected in firmware.
[    0.000000] kernel: psci: Using standard PSCI v0.2 function IDs
[    0.000000] kernel: psci: Trusted OS migration not required
[    0.000000] kernel: psci: SMC Calling Convention v1.0
[    0.000000] kernel: percpu: Embedded 32 pages/cpu s92968 r8192 d29912 u131072
[    0.000000] kernel: pcpu-alloc: s92968 r8192 d29912 u131072 alloc=32*4096
[    0.000000] kernel: pcpu-alloc: [0] 0 [0] 1 
[    0.000000] kernel: Detected PIPT I-cache on CPU0
[    0.000000] kernel: CPU features: detected: Address authentication (IMP DEF algorithm)
[    0.000000] kernel: CPU features: detected: Spectre-v4
[    0.000000] kernel: alternatives: applying boot alternatives
[    0.000000] kernel: Kernel command line: BOOT_IMAGE=/boot/vmlinuz-6.5.0-41-generic root=/dev/mapper/server--vg-root ro quiet splash vt.handoff=7
[    0.000000] kernel: Unknown kernel command line parameters "splash BOOT_IMAGE=/boot/vmlinuz-6.5.0-41-generic", will be passed to user space.
[    0.000000] kernel: Dentry cache hash table entries: 524288 (order: 10, 4194304 bytes, linear)
[    0.000000] kernel: Inode-cache hash table entries: 262144 (order: 9, 2097152 bytes, linear)
[    0.000000] kernel: Fallback order for Node 0: 0 
[    0.000000] kernel: Built 1 zonelists, mobility grouping on.  Total pages: 1032192
[    0.000000] kernel: Policy zone: Normal
[    0.000000] kernel: mem auto-init: stack:all(zero), heap alloc:on, heap free:off
[    0.000000] kernel: software IO TLB: area num 2.
[    0.000000] kernel: software IO TLB: mapped [mem 0x00000000f9e00000-0x00000000fde00000] (64MB)
[    0.000000] kernel: Memory: 3880704K/4194304K available (21888K kernel code, 4936K rwdata, 15296K rodata, 11712K init, 1330K bss, 280832K reserved, 32768K cma-reserved)
[    0.000000] kernel: SLUB: HWalign=64, Order=0-3, MinObjects=0, CPUs=2, Nodes=1
[    0.000000] kernel: ftrace: allocating 59741 entries in 234 pages
[    0.000000] kernel: ftrace: allocated 234 pages with 5 groups
[    0.000000] kernel: trace event string verifier disabled
[    0.000000] kernel: Dynamic Preempt: voluntary
[    0.000000] kernel: rcu: Preemptible hierarchical RCU implementation.
[    0.000000] kernel: rcu:         RCU restricting CPUs from NR_CPUS=256 to nr_cpu_ids=2.
[    0.000000] kernel:         Trampoline variant of Tasks RCU enabled.
[    0.000000] kernel:         Rude variant of Tasks RCU enabled.
[    0.000000] kernel:         Tracing variant of Tasks RCU enabled.
[    0.000000] kernel: rcu: RCU calculated value of scheduler-enlistment delay is 25 jiffies.
[    0.000000] kernel: rcu: Adjusting geometry for rcu_fanout_leaf=16, nr_cpu_ids=2
[    0.000000] kernel: NR_IRQS: 64, nr_irqs: 64, preallocated irqs: 0
[    0.000000] kernel: GICv3: 96 SPIs implemented
[    0.000000] kernel: GICv3: 0 Extended SPIs implemented
[    0.000000] kernel: Root IRQ handler: gic_handle_irq
[    0.000000] kernel: GICv3: GICv3 features: 16 PPIs, RSS
[    0.000000] kernel: GICv3: CPU0: found redistributor 0 region 0:0x0000000002500000
[    0.000000] kernel: GICv2m: range[mem 0x02250000-0x02250fff], SPI[53:116]
[    0.000000] kernel: rcu: srcu_init: Setting srcu_struct sizes based on contention.
[    0.000000] kernel: ACPI GTDT: Revision:1 doesn't support Platform Timers.
[    0.000000] kernel: arch_timer: cp15 timer(s) running at 24.00MHz (virt).
[    0.000000] kernel: clocksource: arch_sys_counter: mask: 0xffffffffffffff max_cycles: 0x588fe9dc0, max_idle_ns: 440795202592 ns
[    0.000000] kernel: sched_clock: 56 bits at 24MHz, resolution 41ns, wraps every 4398046511097ns
[    0.000189] kernel: Console: colour dummy device 80x25
[    0.000190] kernel: printk: console [tty0] enabled
[    0.001425] kernel: ACPI: Core revision 20230331
[    0.001751] kernel: Calibrating delay loop (skipped), value calculated using timer frequency.. 48.00 BogoMIPS (lpj=96000)
[    0.001753] kernel: pid_max: default: 32768 minimum: 301
[    0.003965] kernel: LSM: initializing lsm=lockdown,capability,landlock,yama,apparmor,integrity
[    0.003970] kernel: landlock: Up and running.
[    0.003970] kernel: Yama: becoming mindful.
[    0.004125] kernel: AppArmor: AppArmor initialized
[    0.004776] kernel: Mount-cache hash table entries: 8192 (order: 4, 65536 bytes, linear)
[    0.004792] kernel: Mountpoint-cache hash table entries: 8192 (order: 4, 65536 bytes, linear)
[    0.006542] kernel: ACPI PPTT: No PPTT table found, CPU and cache topology may be inaccurate
[    0.006544] kernel: cacheinfo: Unable to detect cache hierarchy for CPU 0
[    0.006775] kernel: RCU Tasks: Setting shift to 1 and lim to 1 rcu_task_cb_adjust=1.
[    0.006803] kernel: RCU Tasks Rude: Setting shift to 1 and lim to 1 rcu_task_cb_adjust=1.
[    0.006824] kernel: RCU Tasks Trace: Setting shift to 1 and lim to 1 rcu_task_cb_adjust=1.
[    0.006904] kernel: rcu: Hierarchical SRCU implementation.
[    0.006904] kernel: rcu:         Max phase no-delay instances is 1000.
[    0.007172] kernel: Remapping and enabling EFI services.
[    0.007348] kernel: smp: Bringing up secondary CPUs ...
[    0.007592] kernel: Detected PIPT I-cache on CPU1
[    0.007602] kernel: GICv3: CPU1: found redistributor 1 region 0:0x0000000002520000
[    0.007641] kernel: CPU1: Booted secondary processor 0x0000000001 [0x410f0000]
[    0.008503] kernel: smp: Brought up 1 node, 2 CPUs
[    0.008504] kernel: SMP: Total of 2 processors activated.
[    0.008505] kernel: CPU features: detected: ARMv8.4 Translation Table Level
[    0.008506] kernel: CPU features: detected: Data cache clean to the PoU not required for I/D coherence
[    0.008507] kernel: CPU features: detected: Common not Private translations
[    0.008507] kernel: CPU features: detected: CRC32 instructions
[    0.008507] kernel: CPU features: detected: Data cache clean to Point of Deep Persistence
[    0.008508] kernel: CPU features: detected: Data cache clean to Point of Persistence
[    0.008508] kernel: CPU features: detected: Data independent timing control (DIT)
[    0.008509] kernel: CPU features: detected: E0PD
[    0.008509] kernel: CPU features: detected: Generic authentication (IMP DEF algorithm)
[    0.008510] kernel: CPU features: detected: RCpc load-acquire (LDAPR)
[    0.008510] kernel: CPU features: detected: LSE atomic instructions
[    0.008511] kernel: CPU features: detected: Privileged Access Never
[    0.008511] kernel: CPU features: detected: RAS Extension Support
[    0.008512] kernel: CPU features: detected: Speculation barrier (SB)
[    0.008512] kernel: CPU features: detected: TLB range maintenance instructions
[    0.008541] kernel: CPU: All CPU(s) started at EL1
[    0.008550] kernel: alternatives: applying system-wide alternatives
[    0.009154] kernel: devtmpfs: initialized
[    0.009492] kernel: setend instruction emulation is not supported on this system
[    0.009532] kernel: clocksource: jiffies: mask: 0xffffffff max_cycles: 0xffffffff, max_idle_ns: 7645041785100000 ns
[    0.009543] kernel: futex hash table entries: 512 (order: 3, 32768 bytes, linear)
[    0.009664] kernel: pinctrl core: initialized pinctrl subsystem
[    0.009815] kernel: SMBIOS 3.0.0 present.
[    0.009817] kernel: DMI: Parallels International GmbH. Parallels ARM Virtual Machine/Parallels ARM Virtual Platform, BIOS 20.4.0 (55980) Fri, 13 Jun 202
[    0.010013] kernel: NET: Registered PF_NETLINK/PF_ROUTE protocol family
[    0.010201] kernel: DMA: preallocated 512 KiB GFP_KERNEL pool for atomic allocations
[    0.010281] kernel: DMA: preallocated 512 KiB GFP_KERNEL|GFP_DMA pool for atomic allocations
[    0.010359] kernel: DMA: preallocated 512 KiB GFP_KERNEL|GFP_DMA32 pool for atomic allocations
[    0.010363] kernel: audit: initializing netlink subsys (disabled)
[    0.010415] kernel: audit: type=2000 audit(0.008:1): state=initialized audit_enabled=0 res=1
[    0.010514] kernel: thermal_sys: Registered thermal governor 'fair_share'
[    0.010515] kernel: thermal_sys: Registered thermal governor 'bang_bang'
[    0.010515] kernel: thermal_sys: Registered thermal governor 'step_wise'
[    0.010516] kernel: thermal_sys: Registered thermal governor 'user_space'
[    0.010516] kernel: thermal_sys: Registered thermal governor 'power_allocator'
[    0.010520] kernel: cpuidle: using governor ladder
[    0.010522] kernel: cpuidle: using governor menu
[    0.010546] kernel: hw-breakpoint: found 6 breakpoint and 4 watchpoint registers.
[    0.010575] kernel: ASID allocator initialised with 256 entries
[    0.010669] kernel: acpiphp: ACPI Hot Plug PCI Controller Driver version: 0.5
[    0.010790] kernel: Serial: AMBA PL011 UART driver
[    0.010839] kernel: Modules: 18928 pages in range for non-PLT usage
[    0.010840] kernel: Modules: 510448 pages in range for PLT usage
[    0.013725] kernel: HugeTLB: registered 1.00 GiB page size, pre-allocated 0 pages
[    0.013726] kernel: HugeTLB: 0 KiB vmemmap can be freed for a 1.00 GiB page
[    0.013727] kernel: HugeTLB: registered 32.0 MiB page size, pre-allocated 0 pages
[    0.013727] kernel: HugeTLB: 0 KiB vmemmap can be freed for a 32.0 MiB page
[    0.013728] kernel: HugeTLB: registered 2.00 MiB page size, pre-allocated 0 pages
[    0.013728] kernel: HugeTLB: 0 KiB vmemmap can be freed for a 2.00 MiB page
[    0.013729] kernel: HugeTLB: registered 64.0 KiB page size, pre-allocated 0 pages
[    0.013729] kernel: HugeTLB: 0 KiB vmemmap can be freed for a 64.0 KiB page
[    0.014289] kernel: ACPI: Added _OSI(Module Device)
[    0.014290] kernel: ACPI: Added _OSI(Processor Device)
[    0.014290] kernel: ACPI: Added _OSI(3.0 _SCP Extensions)
[    0.014291] kernel: ACPI: Added _OSI(Processor Aggregator Device)
[    0.014502] kernel: ACPI: 1 ACPI AML tables successfully acquired and loaded
[    0.014601] kernel: ACPI: Interpreter enabled
[    0.014602] kernel: ACPI: Using GIC for interrupt routing
[    0.014627] kernel: ACPI: MCFG table detected, 1 entries
[    0.015510] kernel: ACPI: PCI Root Bridge [PCI0] (domain 0000 [bus 00])
[    0.015513] kernel: acpi PNP0A08:00: _OSC: OS supports [ExtendedConfig ASPM ClockPM Segments MSI EDR HPX-Type3]
[    0.015516] kernel: acpi PNP0A08:00: _OSC: OS requested [PCIeHotplug SHPCHotplug PME AER PCIeCapability LTR DPC]
[    0.015517] kernel: acpi PNP0A08:00: _OSC: platform willing to grant [PCIeHotplug SHPCHotplug PME AER PCIeCapability LTR DPC]
[    0.015518] kernel: acpi PNP0A08:00: _OSC: platform retains control of PCIe features (AE_NOT_FOUND)
[    0.015598] kernel: acpi PNP0A08:00: [Firmware Bug]: ECAM area [mem 0x02300000-0x023fffff] not reserved in ACPI namespace
[    0.015604] kernel: acpi PNP0A08:00: ECAM at [mem 0x02300000-0x023fffff] for [bus 00]
[    0.015612] kernel: ACPI: Remapped I/O 0x0000000002400000 to [io  0x0000-0xfffff window]
[    0.015631] kernel: PCI host bridge to bus 0000:00
[    0.015632] kernel: pci_bus 0000:00: root bus resource [io  0x0000-0xfffff window] (bus address [0x2400000-0x24fffff])
[    0.015633] kernel: pci_bus 0000:00: root bus resource [mem 0x10000000-0x1fffffff window]
[    0.015633] kernel: pci_bus 0000:00: root bus resource [bus 00]
[    0.015652] kernel: pci 0000:00:01.0: [8086:293e] type 00 class 0x040300
[    0.015663] kernel: pci 0000:00:01.0: reg 0x10: [mem 0x14004000-0x14007fff]
[    0.015761] kernel: pci 0000:00:02.0: [8086:265c] type 00 class 0x0c0320
[    0.015784] kernel: pci 0000:00:02.0: reg 0x10: [mem 0x1400d000-0x1400d3ff]
[    0.015870] kernel: pci 0000:00:03.0: [1033:0194] type 00 class 0x0c0330
[    0.015880] kernel: pci 0000:00:03.0: reg 0x10: [mem 0x1400c000-0x1400cfff]
[    0.015960] kernel: pci 0000:00:05.0: [1af4:1000] type 00 class 0x020000
[    0.015976] kernel: pci 0000:00:05.0: reg 0x10: [mem 0x1400b000-0x1400bfff]
[    0.015986] kernel: pci 0000:00:05.0: reg 0x14: [mem 0x1400a000-0x1400afff]
[    0.016108] kernel: pci 0000:00:09.0: [1ab8:4000] type 00 class 0xff0000
[    0.016117] kernel: pci 0000:00:09.0: reg 0x10: [mem 0x14009000-0x14009fff]
[    0.016182] kernel: pci 0000:00:0a.0: [1af4:1050] type 00 class 0x030000
[    0.016258] kernel: pci 0000:00:0a.0: reg 0x10: [mem 0x10000000-0x13ffffff pref]
[    0.016274] kernel: pci 0000:00:0a.0: reg 0x14: [mem 0x14008000-0x14008fff]
[    0.016313] kernel: pci 0000:00:0a.0: reg 0x20: [mem 0x14000000-0x14003fff]
[    0.016350] kernel: pci 0000:00:0a.0: BAR 0: assigned to efifb
[    0.016424] kernel: pci 0000:00:0a.0: BAR 0: assigned [mem 0x10000000-0x13ffffff pref]
[    0.016433] kernel: pci 0000:00:01.0: BAR 0: assigned [mem 0x14000000-0x14003fff]
[    0.016436] kernel: pci 0000:00:0a.0: BAR 4: assigned [mem 0x14004000-0x14007fff]
[    0.016443] kernel: pci 0000:00:03.0: BAR 0: assigned [mem 0x14008000-0x14008fff]
[    0.016445] kernel: pci 0000:00:05.0: BAR 0: assigned [mem 0x14009000-0x14009fff]
[    0.016450] kernel: pci 0000:00:05.0: BAR 1: assigned [mem 0x1400a000-0x1400afff]
[    0.016456] kernel: pci 0000:00:09.0: BAR 0: assigned [mem 0x1400b000-0x1400bfff]
[    0.016458] kernel: pci 0000:00:0a.0: BAR 1: assigned [mem 0x1400c000-0x1400cfff]
[    0.016478] kernel: pci 0000:00:02.0: BAR 0: assigned [mem 0x1400d000-0x1400d3ff]
[    0.016485] kernel: pci_bus 0000:00: resource 4 [io  0x0000-0xfffff window]
[    0.016486] kernel: pci_bus 0000:00: resource 5 [mem 0x10000000-0x1fffffff window]
[    0.016988] kernel: iommu: Default domain type: Translated
[    0.016989] kernel: iommu: DMA domain TLB invalidation policy: strict mode
[    0.017104] kernel: SCSI subsystem initialized
[    0.017164] kernel: libata version 3.00 loaded.
[    0.017177] kernel: ACPI: bus type USB registered
[    0.017189] kernel: usbcore: registered new interface driver usbfs
[    0.017192] kernel: usbcore: registered new interface driver hub
[    0.017194] kernel: usbcore: registered new device driver usb
[    0.017212] kernel: pps_core: LinuxPPS API ver. 1 registered
[    0.017212] kernel: pps_core: Software ver. 5.3.6 - Copyright 2005-2007 Rodolfo Giometti <giometti@linux.it>
[    0.017214] kernel: PTP clock support registered
[    0.017321] kernel: EDAC MC: Ver: 3.0.0
[    0.017402] kernel: scmi_core: SCMI protocol bus registered
[    0.017418] kernel: efivars: Registered efivars operations
[    0.017612] kernel: NetLabel: Initializing
[    0.017612] kernel: NetLabel:  domain hash size = 128
[    0.017613] kernel: NetLabel:  protocols = UNLABELED CIPSOv4 CALIPSO
[    0.017619] kernel: NetLabel:  unlabeled traffic allowed by default
[    0.017687] kernel: mctp: management component transport protocol core
[    0.017688] kernel: NET: Registered PF_MCTP protocol family
[    0.017736] kernel: pci 0000:00:0a.0: vgaarb: setting as boot VGA device
[    0.017737] kernel: pci 0000:00:0a.0: vgaarb: bridge control possible
[    0.017738] kernel: pci 0000:00:0a.0: vgaarb: VGA device added: decodes=io+mem,owns=io+mem,locks=none
[    0.017739] kernel: vgaarb: loaded
[    0.017830] kernel: clocksource: Switched to clocksource arch_sys_counter
[    0.027282] kernel: VFS: Disk quotas dquot_6.6.0
[    0.027304] kernel: VFS: Dquot-cache hash table entries: 512 (order 0, 4096 bytes)
[    0.027441] kernel: AppArmor: AppArmor Filesystem Enabled
[    0.027459] kernel: pnp: PnP ACPI init
[    0.027555] kernel: pnp: PnP ACPI: found 0 devices
[    0.030195] kernel: NET: Registered PF_INET protocol family
[    0.030372] kernel: IP idents hash table entries: 65536 (order: 7, 524288 bytes, linear)
[    0.031090] kernel: tcp_listen_portaddr_hash hash table entries: 2048 (order: 3, 32768 bytes, linear)
[    0.031158] kernel: Table-perturb hash table entries: 65536 (order: 6, 262144 bytes, linear)
[    0.031252] kernel: TCP established hash table entries: 32768 (order: 6, 262144 bytes, linear)
[    0.031512] kernel: TCP bind hash table entries: 32768 (order: 8, 1048576 bytes, linear)
[    0.031541] kernel: TCP: Hash tables configured (established 32768 bind 32768)
[    0.031655] kernel: MPTCP token hash table entries: 4096 (order: 4, 98304 bytes, linear)
[    0.031689] kernel: UDP hash table entries: 2048 (order: 4, 65536 bytes, linear)
[    0.031707] kernel: UDP-Lite hash table entries: 2048 (order: 4, 65536 bytes, linear)
[    0.031752] kernel: NET: Registered PF_UNIX/PF_LOCAL protocol family
[    0.031756] kernel: NET: Registered PF_XDP protocol family
[    0.031787] kernel: pci 0000:00:03.0: enabling device (0010 -> 0012)
[    0.031807] kernel: PCI: CLS 0 bytes, default 64
[    0.031852] kernel: Trying to unpack rootfs image as initramfs...
[    0.037961] kernel: kvm [1]: HYP mode not available
[    0.038205] kernel: Initialise system trusted keyrings
[    0.038215] kernel: Key type blacklist registered
[    0.038293] kernel: workingset: timestamp_bits=40 max_order=20 bucket_order=0
[    0.038306] kernel: zbud: loaded
[    0.039215] kernel: squashfs: version 4.0 (2009/01/31) Phillip Lougher
[    0.039580] kernel: fuse: init (API version 7.38)
[    0.039693] kernel: integrity: Platform Keyring initialized
[    0.039696] kernel: integrity: Machine keyring initialized
[    0.042782] kernel: Key type asymmetric registered
[    0.042784] kernel: Asymmetric key parser 'x509' registered
[    0.042804] kernel: Block layer SCSI generic (bsg) driver version 0.4 loaded (major 242)
[    0.042827] kernel: io scheduler mq-deadline registered
[    0.043192] kernel: shpchp: Standard Hot Plug PCI Controller Driver version: 0.4
[    0.043451] kernel: ACPI: AC: AC Adapter [ADP0] (off-line)
[    0.043482] kernel: input: Power Button as /devices/LNXSYSTM:00/LNXSYBUS:00/PNP0C0C:00/input/input0
[    0.043493] kernel: ACPI: button: Power Button [PWRB]
[    0.043559] kernel: ACPI GTDT: Revision:1 doesn't support Platform Timers.
[    0.044249] kernel: virtio-pci 0000:00:05.0: virtio_pci: leaving for legacy driver
[    0.044646] kernel: Serial: 8250/16550 driver, 32 ports, IRQ sharing enabled
[    0.045622] kernel: SuperH (H)SCI(F) driver initialized
[    0.045650] kernel: msm_serial: driver initialized
[    0.045861] kernel: ACPI: battery: Slot [BAT0] (battery present)
[    0.047052] kernel: loop: module loaded
[    0.047506] kernel: tun: Universal TUN/TAP device driver, 1.6
[    0.048055] kernel: PPP generic driver version 2.4.2
[    0.048186] kernel: ehci-pci 0000:00:02.0: EHCI Host Controller
[    0.048191] kernel: ehci-pci 0000:00:02.0: new USB bus registered, assigned bus number 1
[    0.048206] kernel: mousedev: PS/2 mouse device common for all mice
[    0.048271] kernel: ehci-pci 0000:00:02.0: Enabling legacy PCI PM
[    0.048315] kernel: ehci-pci 0000:00:02.0: irq 21, io mem 0x1400d000
[    0.049363] kernel: rtc-efi rtc-efi.0: registered as rtc0
[    0.049371] kernel: rtc-efi rtc-efi.0: setting system clock to 2025-07-12T17:17:04 UTC (1752340624)
[    0.049398] kernel: i2c_dev: i2c /dev entries driver
[    0.049490] kernel: device-mapper: core: CONFIG_IMA_DISABLE_HTABLE is disabled. Duplicate IMA measurements will not be recorded in the IMA log.
[    0.049503] kernel: device-mapper: uevent: version 1.0.3
[    0.049529] kernel: device-mapper: ioctl: 4.48.0-ioctl (2023-03-01) initialised: dm-devel@redhat.com
[    0.049740] kernel: ledtrig-cpu: registered to indicate activity on CPUs
[    0.049908] kernel: No ACPI PMU IRQ for CPU0
[    0.049909] kernel: No ACPI PMU IRQ for CPU1
[    0.049965] kernel: drop_monitor: Initializing network drop monitor service
[    0.060329] kernel: NET: Registered PF_INET6 protocol family
[    0.062181] kernel: ehci-pci 0000:00:02.0: USB 2.0 started, EHCI 1.00
[    0.062228] kernel: usb usb1: New USB device found, idVendor=1d6b, idProduct=0002, bcdDevice= 6.05
[    0.062230] kernel: usb usb1: New USB device strings: Mfr=3, Product=2, SerialNumber=1
[    0.062230] kernel: usb usb1: Product: EHCI Host Controller
[    0.062231] kernel: usb usb1: Manufacturer: Linux 6.5.0-41-generic ehci_hcd
[    0.062232] kernel: usb usb1: SerialNumber: 0000:00:02.0
[    0.062288] kernel: hub 1-0:1.0: USB hub found
[    0.062291] kernel: hub 1-0:1.0: 15 ports detected
[    0.325700] kernel: Freeing initrd memory: 72984K
[    0.330139] kernel: Segment Routing with IPv6
[    0.330155] kernel: In-situ OAM (IOAM) with IPv6
[    0.330178] kernel: NET: Registered PF_PACKET protocol family
[    0.330237] kernel: Key type dns_resolver registered
[    0.330962] kernel: registered taskstats version 1
[    0.331090] kernel: Loading compiled-in X.509 certificates
[    0.331434] kernel: Loaded X.509 cert 'Build time autogenerated kernel key: 951537c0248d43aea89ac197d037e00728922a32'
[    0.331677] kernel: Loaded X.509 cert 'Canonical Ltd. Live Patch Signing: 14df34d1a87cf37625abec039ef2bf521249b969'
[    0.331922] kernel: Loaded X.509 cert 'Canonical Ltd. Kernel Module Signing: 88f752e560a1e0737e31163a466ad7b70a850c19'
[    0.331923] kernel: blacklist: Loading compiled-in revocation X.509 certificates
[    0.331932] kernel: Loaded X.509 cert 'Canonical Ltd. Secure Boot Signing: 61482aa2830d0ab2ad5af10b7250da9033ddcef0'
[    0.331948] kernel: Loaded X.509 cert 'Canonical Ltd. Secure Boot Signing (2017): 242ade75ac4a15e50d50c84b0d45ff3eae707a03'
[    0.331955] kernel: Loaded X.509 cert 'Canonical Ltd. Secure Boot Signing (ESM 2018): 365188c1d374d6b07c3c8f240f8ef722433d6a8b'
[    0.331961] kernel: Loaded X.509 cert 'Canonical Ltd. Secure Boot Signing (2019): c0746fd6c5da3ae827864651ad66ae47fe24b3e8'
[    0.331976] kernel: Loaded X.509 cert 'Canonical Ltd. Secure Boot Signing (2021 v1): a8d54bbb3825cfb94fa13c9f8a594a195c107b8d'
[    0.331985] kernel: Loaded X.509 cert 'Canonical Ltd. Secure Boot Signing (2021 v2): 4cf046892d6fd3c9a5b03f98d845f90851dc6a8c'
[    0.331992] kernel: Loaded X.509 cert 'Canonical Ltd. Secure Boot Signing (2021 v3): 100437bb6de6e469b581e61cd66bce3ef4ed53af'
[    0.332006] kernel: Loaded X.509 cert 'Canonical Ltd. Secure Boot Signing (Ubuntu Core 2019): c1d57b8f6b743f23ee41f4f7ee292f06eecadfb9'
[    0.333189] kernel: Key type .fscrypt registered
[    0.333190] kernel: Key type fscrypt-provisioning registered
[    0.334646] kernel: Key type encrypted registered
[    0.334649] kernel: AppArmor: AppArmor sha1 policy hashing enabled
[    0.334773] kernel: ima: secureboot mode disabled
[    0.334778] kernel: ima: No TPM chip found, activating TPM-bypass!
[    0.334780] kernel: Loading compiled-in module X.509 certificates
[    0.335041] kernel: Loaded X.509 cert 'Build time autogenerated kernel key: 951537c0248d43aea89ac197d037e00728922a32'
[    0.335042] kernel: ima: Allocated hash algorithm: sha1
[    0.335049] kernel: ima: No architecture policies found
[    0.335056] kernel: evm: Initialising EVM extended attributes:
[    0.335056] kernel: evm: security.selinux
[    0.335056] kernel: evm: security.SMACK64
[    0.335057] kernel: evm: security.SMACK64EXEC
[    0.335057] kernel: evm: security.SMACK64TRANSMUTE
[    0.335057] kernel: evm: security.SMACK64MMAP
[    0.335058] kernel: evm: security.apparmor
[    0.335058] kernel: evm: security.ima
[    0.335058] kernel: evm: security.capability
[    0.335058] kernel: evm: HMAC attrs: 0x1
[    0.336950] kernel: clk: Disabling unused clocks
[    0.337913] kernel: Freeing unused kernel memory: 11712K
[    0.359081] kernel: Checked W+X mappings: passed, no W+X pages found
[    0.359088] kernel: Run /init as init process
[    0.359094] kernel:   with arguments:
[    0.359095] kernel:     /init
[    0.359096] kernel:     splash
[    0.359096] kernel:   with environment:
[    0.359096] kernel:     HOME=/
[    0.359097] kernel:     TERM=linux
[    0.359097] kernel:     BOOT_IMAGE=/boot/vmlinuz-6.5.0-41-generic
[    0.470080] kernel: ahci PRL4010:00: supply ahci not found, using dummy regulator
[    0.470102] kernel: ahci PRL4010:00: supply phy not found, using dummy regulator
[    0.470108] kernel: ahci PRL4010:00: supply target not found, using dummy regulator
[    0.470189] kernel: ahci PRL4010:00: SSS flag set, parallel bus scan disabled
[    0.470265] kernel: ahci PRL4010:00: AHCI 0001.0100 32 slots 6 ports 3 Gbps 0x3f impl platform mode
[    0.470267] kernel: ahci PRL4010:00: flags: 64bit ncq stag pm led only slum part 
[    0.471964] kernel: scsi host0: ahci
[    0.472355] kernel: prl_tg: loading out-of-tree module taints kernel.
[    0.472356] kernel: prl_tg: module license 'Parallels' taints kernel.
[    0.472357] kernel: Disabling lock debugging due to kernel taint
[    0.472358] kernel: prl_tg: module verification failed: signature and/or required key missing - tainting kernel
[    0.472358] kernel: prl_tg: module license taints kernel.
[    0.472505] kernel: Parallels ToolGate driver 1.10.2 loaded
[    0.472547] kernel: prl_tg 0000:00:09.0: enabling device (0010 -> 0012)
[    0.472645] kernel: Detected Parallels ToolGate device, IRQ 23
[    0.477015] kernel: xhci_hcd 0000:00:03.0: xHCI Host Controller
[    0.477018] kernel: xhci_hcd 0000:00:03.0: new USB bus registered, assigned bus number 2
[    0.477198] kernel: xhci_hcd 0000:00:03.0: hcc params 0x01c15001 hci version 0x110 quirks 0x0000000000000014
[    0.477842] kernel: xhci_hcd 0000:00:03.0: xHCI Host Controller
[    0.478137] kernel: xhci_hcd 0000:00:03.0: new USB bus registered, assigned bus number 3
[    0.478139] kernel: xhci_hcd 0000:00:03.0: Host supports USB 3.1 Enhanced SuperSpeed
[    0.478183] kernel: usb usb2: New USB device found, idVendor=1d6b, idProduct=0002, bcdDevice= 6.05
[    0.478189] kernel: usb usb2: New USB device strings: Mfr=3, Product=2, SerialNumber=1
[    0.478190] kernel: usb usb2: Product: xHCI Host Controller
[    0.478191] kernel: usb usb2: Manufacturer: Linux 6.5.0-41-generic xhci-hcd
[    0.478191] kernel: usb usb2: SerialNumber: 0000:00:03.0
[    0.480610] kernel: scsi host1: ahci
[    0.484131] kernel: scsi host2: ahci
[    0.486155] kernel: hub 2-0:1.0: USB hub found
[    0.486438] kernel: hub 2-0:1.0: 2 ports detected
[    0.488377] kernel: scsi host3: ahci
[    0.493958] kernel: scsi host4: ahci
[    0.497166] kernel: virtio_net virtio1 enp0s5: renamed from eth0
[    0.498082] kernel: scsi host5: ahci
[    0.498119] kernel: ata1: SATA max UDMA/133 mmio [mem 0x02140000-0x02141fff] port 0x100 irq 15
[    0.498121] kernel: ata2: SATA max UDMA/133 mmio [mem 0x02140000-0x02141fff] port 0x180 irq 15
[    0.498123] kernel: ata3: SATA max UDMA/133 mmio [mem 0x02140000-0x02141fff] port 0x200 irq 15
[    0.498124] kernel: ata4: SATA max UDMA/133 mmio [mem 0x02140000-0x02141fff] port 0x280 irq 15
[    0.498125] kernel: ata5: SATA max UDMA/133 mmio [mem 0x02140000-0x02141fff] port 0x300 irq 15
[    0.498127] kernel: ata6: SATA max UDMA/133 mmio [mem 0x02140000-0x02141fff] port 0x380 irq 15
[    0.498962] kernel: usb usb3: We don't know the algorithms for LPM for this host, disabling LPM.
[    0.498971] kernel: usb usb3: New USB device found, idVendor=1d6b, idProduct=0003, bcdDevice= 6.05
[    0.498972] kernel: usb usb3: New USB device strings: Mfr=3, Product=2, SerialNumber=1
[    0.498973] kernel: usb usb3: Product: xHCI Host Controller
[    0.498973] kernel: usb usb3: Manufacturer: Linux 6.5.0-41-generic xhci-hcd
[    0.498974] kernel: usb usb3: SerialNumber: 0000:00:03.0
[    0.499011] kernel: hub 3-0:1.0: USB hub found
[    0.499024] kernel: hub 3-0:1.0: 12 ports detected
[    0.812468] kernel: ata1: SATA link up 1.5 Gbps (SStatus 113 SControl 300)
[    0.812700] kernel: ata1.00: ATA-8: elrond-0 SSD, F.A3NZ64, max UDMA/100
[    0.812724] kernel: ata1.00: 134217728 sectors, multi 0: LBA48 NCQ (depth 32)
[    0.812865] kernel: ata1.00: configured for UDMA/100
[    0.813357] kernel: scsi 0:0:0:0: Direct-Access     ATA      elrond-0 SSD     NZ64 PQ: 0 ANSI: 5
[    0.814164] kernel: scsi 0:0:0:0: Attached scsi generic sg0 type 0
[    0.815657] kernel: sd 0:0:0:0: [sda] 134217728 512-byte logical blocks: (68.7 GB/64.0 GiB)
[    0.815667] kernel: sd 0:0:0:0: [sda] 4096-byte physical blocks
[    0.815768] kernel: sd 0:0:0:0: [sda] Write Protect is off
[    0.815775] kernel: sd 0:0:0:0: [sda] Mode Sense: 00 3a 00 00
[    0.815797] kernel: sd 0:0:0:0: [sda] Write cache: enabled, read cache: enabled, doesn't support DPO or FUA
[    0.815821] kernel: sd 0:0:0:0: [sda] Preferred minimum I/O size 4096 bytes
[    0.818645] kernel:  sda: sda1 sda2
[    0.818970] kernel: sd 0:0:0:0: [sda] Attached SCSI disk
[    0.834899] kernel: usb 3-1: new SuperSpeed USB device number 2 using xhci_hcd
[    0.855123] kernel: usb 3-1: LPM exit latency is zeroed, disabling LPM.
[    0.855633] kernel: usb 3-1: New USB device found, idVendor=203a, idProduct=fffc, bcdDevice= 1.00
[    0.855645] kernel: usb 3-1: New USB device strings: Mfr=1, Product=2, SerialNumber=3
[    0.855654] kernel: usb 3-1: Product: Virtual Mouse
[    0.855659] kernel: usb 3-1: Manufacturer: Parallels
[    0.855661] kernel: usb 3-1: SerialNumber: PW3.0
[    0.983756] kernel: usb 3-2: new SuperSpeed USB device number 3 using xhci_hcd
[    1.003017] kernel: usb 3-2: LPM exit latency is zeroed, disabling LPM.
[    1.003391] kernel: usb 3-2: New USB device found, idVendor=203a, idProduct=fffb, bcdDevice= 1.10
[    1.003399] kernel: usb 3-2: New USB device strings: Mfr=1, Product=2, SerialNumber=3
[    1.003402] kernel: usb 3-2: Product: Virtual Keyboard
[    1.003404] kernel: usb 3-2: Manufacturer: Parallels
[    1.003406] kernel: usb 3-2: SerialNumber: KBD1.1
[    1.134019] kernel: ata2: SATA link up 1.5 Gbps (SStatus 113 SControl 300)
[    1.134333] kernel: ata2.00: ATAPI: Virtual DVD-ROM [1], FWR1, max UDMA/25
[    1.134428] kernel: usb 3-3: new SuperSpeed USB device number 4 using xhci_hcd
[    1.134504] kernel: ata2.00: configured for UDMA/25
[    1.135701] kernel: scsi 1:0:0:0: CD-ROM                     Virtual DVD-ROM  R103 PQ: 0 ANSI: 5
[    1.154453] kernel: usb 3-3: LPM exit latency is zeroed, disabling LPM.
[    1.154862] kernel: usb 3-3: New USB device found, idVendor=203a, idProduct=fff9, bcdDevice= 1.00
[    1.154869] kernel: usb 3-3: New USB device strings: Mfr=1, Product=2, SerialNumber=3
[    1.154872] kernel: usb 3-3: Product: FaceTime HD Camera
[    1.154874] kernel: usb 3-3: Manufacturer: Parallels
[    1.154875] kernel: usb 3-3: SerialNumber: 3F45E80A-0176-46F7-B185-BB9E2C0E82E3
[    1.163663] kernel: sr 1:0:0:0: [sr0] scsi3-mmc drive: 44x/44x cd/rw xa/form2 cdda tray
[    1.163684] kernel: cdrom: Uniform CD-ROM driver Revision: 3.20
[    1.164840] kernel: sr 1:0:0:0: Attached scsi CD-ROM sr0
[    1.168666] kernel: sr 1:0:0:0: Attached scsi generic sg1 type 5
[    1.286739] kernel: usb 3-5: new SuperSpeed USB device number 5 using xhci_hcd
[    1.311148] kernel: usb 3-5: LPM exit latency is zeroed, disabling LPM.
[    1.311891] kernel: usb 3-5: New USB device found, idVendor=203a, idProduct=fff9, bcdDevice= 1.00
[    1.311899] kernel: usb 3-5: New USB device strings: Mfr=1, Product=2, SerialNumber=3
[    1.311901] kernel: usb 3-5: Product: iPhone 16 Camera
[    1.311903] kernel: usb 3-5: Manufacturer: Parallels
[    1.311904] kernel: usb 3-5: SerialNumber: 5AE9421A-B523-4981-8193-C02C00000001
[    1.482743] kernel: ata3: SATA link up 1.5 Gbps (SStatus 113 SControl 300)
[    1.482963] kernel: ata3.00: ATA-8: elrond-1 SSD, F.V4W3X0, max UDMA/100
[    1.482971] kernel: ata3.00: 134217728 sectors, multi 0: LBA48 NCQ (depth 32)
[    1.483122] kernel: ata3.00: configured for UDMA/100
[    1.492723] kernel: scsi 2:0:0:0: Direct-Access     ATA      elrond-1 SSD     W3X0 PQ: 0 ANSI: 5
[    1.494213] kernel: sd 2:0:0:0: Attached scsi generic sg2 type 0
[    1.494497] kernel: sd 2:0:0:0: [sdb] 134217728 512-byte logical blocks: (68.7 GB/64.0 GiB)
[    1.494504] kernel: sd 2:0:0:0: [sdb] 4096-byte physical blocks
[    1.494519] kernel: sd 2:0:0:0: [sdb] Write Protect is off
[    1.494523] kernel: sd 2:0:0:0: [sdb] Mode Sense: 00 3a 00 00
[    1.494539] kernel: sd 2:0:0:0: [sdb] Write cache: enabled, read cache: enabled, doesn't support DPO or FUA
[    1.494559] kernel: sd 2:0:0:0: [sdb] Preferred minimum I/O size 4096 bytes
[    1.496289] kernel: sd 2:0:0:0: [sdb] Attached SCSI disk
[    1.810235] kernel: ata4: SATA link up 1.5 Gbps (SStatus 113 SControl 300)
[    1.810432] kernel: ata4.00: ATAPI: Virtual DVD-ROM [3], FWR1, max UDMA/25
[    1.810646] kernel: ata4.00: configured for UDMA/25
[    1.811274] kernel: scsi 3:0:0:0: CD-ROM                     Virtual DVD-ROM  R103 PQ: 0 ANSI: 5
[    1.891054] kernel: sr 3:0:0:0: [sr1] scsi3-mmc drive: 44x/44x cd/rw xa/form2 cdda tray
[    1.924784] kernel: sr 3:0:0:0: Attached scsi CD-ROM sr1
[    1.924946] kernel: sr 3:0:0:0: Attached scsi generic sg3 type 5
[    2.241926] kernel: ata5: SATA link down (SStatus 0 SControl 300)
[    2.563481] kernel: ata6: SATA link down (SStatus 0 SControl 300)
[    2.617440] kernel: hid: raw HID events driver (C) Jiri Kosina
[    2.620682] kernel: usbcore: registered new interface driver usbhid
[    2.620687] kernel: usbhid: USB HID core driver
[    2.624860] kernel: input: Parallels Virtual Mouse as /devices/pci0000:00/0000:00:03.0/usb3/3-1/3-1:1.0/0003:203A:FFFC.0001/input/input1
[    2.624974] kernel: hid-generic 0003:203A:FFFC.0001: input,hidraw0: USB HID v1.10 Mouse [Parallels Virtual Mouse] on usb-0000:00:03.0-1/input0
[    2.625232] kernel: input: Parallels Virtual Mouse as /devices/pci0000:00/0000:00:03.0/usb3/3-1/3-1:1.1/0003:203A:FFFC.0002/input/input2
[    2.625458] kernel: hid-generic 0003:203A:FFFC.0002: input,hidraw1: USB HID v1.10 Mouse [Parallels Virtual Mouse] on usb-0000:00:03.0-1/input1
[    2.625610] kernel: input: Parallels Virtual Keyboard as /devices/pci0000:00/0000:00:03.0/usb3/3-2/3-2:1.0/0003:203A:FFFB.0003/input/input3
[    2.682272] kernel: hid-generic 0003:203A:FFFB.0003: input,hidraw2: USB HID v10.01 Keyboard [Parallels Virtual Keyboard] on usb-0000:00:03.0-2/input0
[    2.682491] kernel: input: Parallels Virtual Keyboard as /devices/pci0000:00/0000:00:03.0/usb3/3-2/3-2:1.1/0003:203A:FFFB.0004/input/input4
[    2.742126] kernel: hid-generic 0003:203A:FFFB.0004: input,hidraw3: USB HID v10.01 Keyboard [Parallels Virtual Keyboard] on usb-0000:00:03.0-2/input1
[    4.734037] kernel: random: crng init done
[    4.929835] kernel: raid6: neonx8   gen() 35260 MB/s
[    4.997833] kernel: raid6: neonx4   gen() 38207 MB/s
[    5.065832] kernel: raid6: neonx2   gen() 37962 MB/s
[    5.133835] kernel: raid6: neonx1   gen() 35648 MB/s
[    5.201833] kernel: raid6: int64x8  gen() 15380 MB/s
[    5.269834] kernel: raid6: int64x4  gen() 13252 MB/s
[    5.337833] kernel: raid6: int64x2  gen() 12328 MB/s
[    5.405833] kernel: raid6: int64x1  gen() 10809 MB/s
[    5.405834] kernel: raid6: using algorithm neonx4 gen() 38207 MB/s
[    5.473833] kernel: raid6: .... xor() 30521 MB/s, rmw enabled
[    5.473837] kernel: raid6: using neon recovery algorithm
[    5.475182] kernel: xor: measuring software checksum speed
[    5.475616] kernel:    8regs           : 23205 MB/sec
[    5.475841] kernel:    32regs          : 46866 MB/sec
[    5.476012] kernel:    arm64_neon      : 57740 MB/sec
[    5.476012] kernel: xor: using function: arm64_neon (57740 MB/sec)
[    5.476395] kernel: async_tx: api initialized (async)
[    5.534042] kernel: Btrfs loaded, zoned=yes, fsverity=yes
[    5.657693] kernel: fbcon: Taking over console
[    5.660978] kernel: EXT4-fs (dm-0): mounted filesystem a9862ff4-03cf-483d-8ac1-7d5c4a22955d ro with ordered data mode. Quota mode: none.
[    5.752955] systemd[1]: Inserted module 'autofs4'
[    5.764873] systemd[1]: systemd 249.11-0ubuntu3.12 running in system mode (+PAM +AUDIT +SELINUX +APPARMOR +IMA +SMACK +SECCOMP +GCRYPT +GNUTLS +OPENSSL +ACL +BLKID +CURL +ELFUTILS +FIDO2 +IDN2 -IDN +IPTC +KMOD +LIBCRYPTSETUP +LIBFDISK +PCRE2 -PWQUALITY -P11KIT -QRENCODE +BZIP2 +LZ4 +XZ +ZLIB +ZSTD -XKBCOMMON +UTMP +SYSVINIT default-hierarchy=unified)
[    5.764903] systemd[1]: Detected virtualization parallels.
[    5.764905] systemd[1]: Detected architecture arm64.
[    5.765670] systemd[1]: Hostname set to <elrond>.
[    5.783933] kernel: systemd[1]: memfd_create() called without MFD_EXEC or MFD_NOEXEC_SEAL set
[    5.803629] kernel: block sda: the capability attribute has been deprecated.
[    5.864536] systemd[1]: /etc/systemd/system/prltoolsd.service:14: PIDFile= references a path below legacy directory /var/run/, updating /var/run/prltoolsd.pid â†’ /run/prltoolsd.pid; please update the unit file accordingly.
[    5.869076] systemd[1]: /lib/systemd/system/clamav-freshclam.service:11: Standard output type syslog is obsolete, automatically updating to journal. Please update your unit file, and consider removing the setting altogether.
[    5.869384] systemd[1]: /lib/systemd/system/clamav-daemon.service:12: Standard output type syslog is obsolete, automatically updating to journal. Please update your unit file, and consider removing the setting altogether.
[    5.884174] systemd[1]: Queued start job for default target Graphical Interface.
[    5.902851] systemd[1]: Created slice Slice /system/modprobe.
[    5.902987] systemd[1]: Created slice Slice /system/systemd-fsck.
[    5.903059] systemd[1]: Created slice User and Session Slice.
[    5.903089] systemd[1]: Started Forward Password Requests to Wall Directory Watch.
[    5.903191] systemd[1]: Set up automount Arbitrary Executable File Formats File System Automount Point.
[    5.903224] systemd[1]: Reached target User and Group Name Lookups.
[    5.903229] systemd[1]: Reached target Remote File Systems.
[    5.903234] systemd[1]: Reached target Slice Units.
[    5.903240] systemd[1]: Reached target Mounting snaps.
[    5.903250] systemd[1]: Reached target System Time Set.
[    5.903272] systemd[1]: Reached target Local Verity Protected Volumes.
[    5.903303] systemd[1]: Listening on Device-mapper event daemon FIFOs.
[    5.903340] systemd[1]: Listening on LVM2 poll daemon socket.
[    5.903377] systemd[1]: Listening on Syslog Socket.
[    5.903416] systemd[1]: Listening on fsck to fsckd communication Socket.
[    5.903435] systemd[1]: Listening on initctl Compatibility Named Pipe.
[    5.903506] systemd[1]: Listening on Journal Audit Socket.
[    5.903536] systemd[1]: Listening on Journal Socket (/dev/log).
[    5.903574] systemd[1]: Listening on Journal Socket.
[    5.903978] systemd[1]: Listening on udev Control Socket.
[    5.904008] systemd[1]: Listening on udev Kernel Socket.
[    5.904372] systemd[1]: Mounting Huge Pages File System...
[    5.904691] systemd[1]: Mounting POSIX Message Queue File System...
[    5.905077] systemd[1]: Mounting Kernel Debug File System...
[    5.905510] systemd[1]: Mounting Kernel Trace File System...
[    5.906713] systemd[1]: Starting Journal Service...
[    5.906806] systemd[1]: Finished Availability of block devices.
[    5.907187] systemd[1]: Starting Set the console keyboard layout...
[    5.907592] systemd[1]: Starting Create List of Static Device Nodes...
[    5.907892] systemd[1]: Starting Monitoring of LVM2 mirrors, snapshots etc. using dmeventd or progress polling...
[    5.908246] systemd[1]: Starting Load Kernel Module configfs...
[    5.908558] systemd[1]: Starting Load Kernel Module drm...
[    5.908857] systemd[1]: Starting Load Kernel Module efi_pstore...
[    5.909152] systemd[1]: Starting Load Kernel Module fuse...
[    5.909228] systemd[1]: Condition check resulted in File System Check on Root Device being skipped.
[    5.909874] systemd[1]: Starting Load Kernel Modules...
[    5.910193] systemd[1]: Starting Remount Root and Kernel File Systems...
[    5.910511] systemd[1]: Starting Coldplug All udev Devices...
[    5.911080] systemd[1]: Mounted Huge Pages File System.
[    5.911119] systemd[1]: Mounted POSIX Message Queue File System.
[    5.911154] systemd[1]: Mounted Kernel Debug File System.
[    5.911197] systemd[1]: Mounted Kernel Trace File System.
[    5.912517] systemd[1]: modprobe@configfs.service: Deactivated successfully.
[    5.912638] systemd[1]: Finished Load Kernel Module configfs.
[    5.912742] systemd[1]: modprobe@fuse.service: Deactivated successfully.
[    5.912836] systemd[1]: Finished Load Kernel Module fuse.
[    5.913744] systemd[1]: Mounting FUSE Control File System...
[    5.914386] systemd[1]: Mounting Kernel Configuration File System...
[    5.919280] kernel: pstore: Using crash dump compression: deflate
[    5.922826] kernel: pstore: Registered efi_pstore as persistent store backend
[    5.924703] systemd[1]: Finished Create List of Static Device Nodes.
[    5.924829] systemd[1]: modprobe@efi_pstore.service: Deactivated successfully.
[    5.924948] systemd[1]: Finished Load Kernel Module efi_pstore.
[    5.927978] systemd[1]: Finished Load Kernel Modules.
[    5.928015] systemd[1]: Started Journal Service.
[    5.932630] kernel: EXT4-fs (dm-0): re-mounted a9862ff4-03cf-483d-8ac1-7d5c4a22955d r/w. Quota mode: none.
[    5.937463] kernel: ACPI: bus type drm_connector registered
[    5.975767] kernel: loop0: detected capacity change from 0 to 188080
[    5.976652] kernel: loop1: detected capacity change from 0 to 188216
[    5.976880] kernel: loop2: detected capacity change from 0 to 141048
[    5.976938] kernel: loop3: detected capacity change from 0 to 121960
[    5.976949] kernel: loop4: detected capacity change from 0 to 8
[    5.977140] kernel: loop5: detected capacity change from 0 to 141760
[    5.977534] kernel: loop6: detected capacity change from 0 to 506192
[    5.977633] kernel: loop7: detected capacity change from 0 to 47280
[    5.980181] kernel: loop8: detected capacity change from 0 to 989864
[    5.982454] kernel: loop10: detected capacity change from 0 to 187776
[    5.982539] kernel: loop9: detected capacity change from 0 to 1010608
[    5.983435] kernel: loop11: detected capacity change from 0 to 25096
[    5.984825] kernel: loop12: detected capacity change from 0 to 69032
[    5.985970] kernel: loop13: detected capacity change from 0 to 904
[    5.987582] kernel: loop14: detected capacity change from 0 to 1104
[    5.988651] kernel: loop15: detected capacity change from 0 to 160368
[    5.989317] kernel: loop16: detected capacity change from 0 to 25016
[    5.989783] kernel: loop17: detected capacity change from 0 to 87832
[    5.990250] kernel: loop18: detected capacity change from 0 to 202680
[    6.183565] kernel: acpi-tad ACPI000E:00: Unsupported capabilities
[    6.217619] kernel: mc: Linux media interface: v0.10
[    6.222228] kernel: [drm] pci: virtio-vga detected at 0000:00:0a.0
[    6.222268] kernel: [drm] features: +virgl -edid -resource_blob -host_visible
[    6.222268] kernel: [drm] features: -context_init
[    6.222432] kernel: [drm] number of scanouts: 16
[    6.222436] kernel: [drm] number of cap sets: 1
[    6.225612] kernel: videodev: Linux video capture interface: v2.00
[    6.225798] kernel: [drm] cap set 0: id 2, max-version 2, max-size 768
[    6.226121] kernel: [drm] Initialized virtio_gpu 0.1.0 0 for 0000:00:0a.0 on minor 0
[    6.231675] kernel: Console: switching to colour frame buffer device 128x48
[    6.232521] kernel: virtio-pci 0000:00:0a.0: [drm] fb0: virtio_gpudrmfb frame buffer device
[    6.256650] kernel: snd_hda_intel 0000:00:01.0: enabling device (0000 -> 0002)
[    6.256666] kernel: snd_hda_intel 0000:00:01.0: Force to snoop mode by module option
[    6.274798] kernel: usb 3-3: Found UVC 1.00 device FaceTime HD Camera (203a:fff9)
[    6.277787] kernel: usb 3-5: Found UVC 1.00 device iPhone 16 Camera (203a:fff9)
[    6.279464] kernel: usbcore: registered new interface driver uvcvideo
[    6.284253] kernel: snd_hda_codec_generic hdaudioC0D0: autoconfig for Generic: line_outs=5 (0xa/0xc/0xb/0xf/0xd) type:speaker
[    6.284257] kernel: snd_hda_codec_generic hdaudioC0D0:    speaker_outs=0 (0x0/0x0/0x0/0x0/0x0)
[    6.284258] kernel: snd_hda_codec_generic hdaudioC0D0:    hp_outs=0 (0x0/0x0/0x0/0x0/0x0)
[    6.284259] kernel: snd_hda_codec_generic hdaudioC0D0:    mono: mono_out=0x0
[    6.284259] kernel: snd_hda_codec_generic hdaudioC0D0:    inputs:
[    6.284260] kernel: snd_hda_codec_generic hdaudioC0D0:      Mic=0xe
[    6.286482] kernel: input: HDA Intel Mic as /devices/pci0000:00/0000:00:01.0/sound/card0/input5
[    6.286515] kernel: input: HDA Intel Speaker as /devices/pci0000:00/0000:00:01.0/sound/card0/input6
[    6.286545] kernel: input: HDA Intel Speaker as /devices/pci0000:00/0000:00:01.0/sound/card0/input7
[    6.286576] kernel: input: HDA Intel Speaker as /devices/pci0000:00/0000:00:01.0/sound/card0/input8
[    6.286600] kernel: input: HDA Intel Speaker as /devices/pci0000:00/0000:00:01.0/sound/card0/input9
[    6.286614] kernel: input: HDA Intel Speaker as /devices/pci0000:00/0000:00:01.0/sound/card0/input10
[    6.393498] kernel: Adding 4095996k swap on /dev/mapper/server--vg-swap_1.  Priority:-2 extents:1 across:4095996k SSFS
[    6.394038] kernel: Adding 67108860k swap on /dev/sdb.  Priority:-3 extents:1 across:67108860k SSFS
[    6.460048] kernel: audit: type=1400 audit(1752340630.908:2): apparmor="STATUS" operation="profile_load" profile="unconfined" name="lsb_release" pid=493 comm="apparmor_parser"
[    6.460716] kernel: audit: type=1400 audit(1752340630.908:3): apparmor="STATUS" operation="profile_load" profile="unconfined" name="nvidia_modprobe" pid=494 comm="apparmor_parser"
[    6.460719] kernel: audit: type=1400 audit(1752340630.908:4): apparmor="STATUS" operation="profile_load" profile="unconfined" name="nvidia_modprobe//kmod" pid=494 comm="apparmor_parser"
[    6.468974] kernel: audit: type=1400 audit(1752340630.916:5): apparmor="STATUS" operation="profile_load" profile="unconfined" name="ubuntu_pro_apt_news" pid=526 comm="apparmor_parser"
[    6.468978] kernel: audit: type=1400 audit(1752340630.916:6): apparmor="STATUS" operation="profile_load" profile="unconfined" name="/usr/lib/NetworkManager/nm-dhcp-client.action" pid=525 comm="apparmor_parser"
[    6.468979] kernel: audit: type=1400 audit(1752340630.916:7): apparmor="STATUS" operation="profile_load" profile="unconfined" name="/usr/lib/NetworkManager/nm-dhcp-helper" pid=525 comm="apparmor_parser"
[    6.468980] kernel: audit: type=1400 audit(1752340630.916:8): apparmor="STATUS" operation="profile_load" profile="unconfined" name="/usr/lib/connman/scripts/dhclient-script" pid=525 comm="apparmor_parser"
[    6.468981] kernel: audit: type=1400 audit(1752340630.916:9): apparmor="STATUS" operation="profile_load" profile="unconfined" name="/{,usr/}sbin/dhclient" pid=525 comm="apparmor_parser"
[    6.480191] kernel: audit: type=1400 audit(1752340630.928:10): apparmor="STATUS" operation="profile_load" profile="unconfined" name="ubuntu_pro_esm_cache" pid=543 comm="apparmor_parser"
[    6.480195] kernel: audit: type=1400 audit(1752340630.928:11): apparmor="STATUS" operation="profile_load" profile="unconfined" name="ubuntu_pro_esm_cache//apt_methods" pid=543 comm="apparmor_parser"
[    9.102266] kernel: loop19: detected capacity change from 0 to 8
[   11.025017] kernel: rfkill: input handler disabled
