Jun 12 15:57:20 ubuntu kernel: [    0.000000] Booting Linux on physical CPU 0x0000000000 [0x410f0000]
Jun 12 15:57:20 ubuntu kernel: [    0.000000] Linux version 6.5.0-41-generic (buildd@bos02-arm64-008) (aarch64-linux-gnu-gcc-12 (Ubuntu 12.3.0-1ubuntu1~22.04) 12.3.0, GNU ld (GNU Binutils for Ubuntu) 2.38) #41~22.04.2-Ubuntu SMP PREEMPT_DYNAMIC Mon Jun  3 16:28:24 UTC 2 (Ubuntu 6.5.0-41.41~22.04.2-generic 6.5.13)
Jun 12 15:57:20 ubuntu kernel: [    0.000000] KASLR disabled due to lack of seed
Jun 12 15:57:20 ubuntu kernel: [    0.000000] efi: EFI v2.7 by EDK II
Jun 12 15:57:20 ubuntu kernel: [    0.000000] efi: SMBIOS 3.0=0x13f7f0000 ACPI 2.0=0x13c120000 MEMATTR=0x13e0a5a98 MOKvar=0x13bef0000 MEMRESERVE=0x13bf06918 
Jun 12 15:57:20 ubuntu kernel: [    0.000000] secureboot: Secure boot disabled
Jun 12 15:57:20 ubuntu kernel: [    0.000000] ACPI: Early table checksum verification disabled
Jun 12 15:57:20 ubuntu kernel: [    0.000000] ACPI: RSDP 0x000000013C120000 000024 (v02 PRLS  )
Jun 12 15:57:20 ubuntu kernel: [    0.000000] ACPI: XSDT 0x000000013C110000 000044 (v01 PRLS   PRLS_OEM 00000002      01000013)
Jun 12 15:57:20 ubuntu kernel: [    0.000000] ACPI: FACP 0x000000013C040000 000114 (v06 PRLS   PRLS_OEM 00000002 PRLS 00000002)
Jun 12 15:57:20 ubuntu kernel: [    0.000000] ACPI: DSDT 0x000000013BFF0000 0010D4 (v02 PRLS   PRLS_OEM 00000003 INTL 20160527)
Jun 12 15:57:20 ubuntu kernel: [    0.000000] ACPI: GTDT 0x000000013C030000 000050 (v01 PRLS   PRLS_OEM 00000002 PRLS 00000002)
Jun 12 15:57:20 ubuntu kernel: [    0.000000] ACPI: MCFG 0x000000013C020000 00003C (v01                 00000001      00000000)
Jun 12 15:57:20 ubuntu kernel: [    0.000000] ACPI: APIC 0x000000013BFE0000 00010C (v04 PRLS   PRLS_OEM 00000002 PRLS 00000002)
Jun 12 15:57:20 ubuntu kernel: [    0.000000] NUMA: Failed to initialise from firmware
Jun 12 15:57:20 ubuntu kernel: [    0.000000] NUMA: Faking a node at [mem 0x0000000040000000-0x000000013fffffff]
Jun 12 15:57:20 ubuntu kernel: [    0.000000] NUMA: NODE_DATA [mem 0x13f41c5c0-0x13f421fff]
Jun 12 15:57:20 ubuntu kernel: [    0.000000] Zone ranges:
Jun 12 15:57:20 ubuntu kernel: [    0.000000]   DMA      [mem 0x0000000040000000-0x00000000ffffffff]
Jun 12 15:57:20 ubuntu kernel: [    0.000000]   DMA32    empty
Jun 12 15:57:20 ubuntu kernel: [    0.000000]   Normal   [mem 0x0000000100000000-0x000000013fffffff]
Jun 12 15:57:20 ubuntu kernel: [    0.000000]   Device   empty
Jun 12 15:57:20 ubuntu kernel: [    0.000000] Movable zone start for each node
Jun 12 15:57:20 ubuntu kernel: [    0.000000] Early memory node ranges
Jun 12 15:57:20 ubuntu kernel: [    0.000000]   node   0: [mem 0x0000000040000000-0x00000000fffeffff]
Jun 12 15:57:20 ubuntu kernel: [    0.000000]   node   0: [mem 0x00000000ffff0000-0x00000000ffffffff]
Jun 12 15:57:20 ubuntu kernel: [    0.000000]   node   0: [mem 0x0000000100000000-0x000000013beeffff]
Jun 12 15:57:20 ubuntu kernel: [    0.000000]   node   0: [mem 0x000000013bef0000-0x000000013befffff]
Jun 12 15:57:20 ubuntu kernel: [    0.000000]   node   0: [mem 0x000000013bf00000-0x000000013c04ffff]
Jun 12 15:57:20 ubuntu kernel: [    0.000000]   node   0: [mem 0x000000013c050000-0x000000013c10ffff]
Jun 12 15:57:20 ubuntu kernel: [    0.000000]   node   0: [mem 0x000000013c110000-0x000000013f5fffff]
Jun 12 15:57:20 ubuntu kernel: [    0.000000]   node   0: [mem 0x000000013f600000-0x000000013f9dffff]
Jun 12 15:57:20 ubuntu kernel: [    0.000000]   node   0: [mem 0x000000013f9e0000-0x000000013fffffff]
Jun 12 15:57:20 ubuntu kernel: [    0.000000] Initmem setup node 0 [mem 0x0000000040000000-0x000000013fffffff]
Jun 12 15:57:20 ubuntu kernel: [    0.000000] cma: Reserved 32 MiB at 0x00000000fde00000
Jun 12 15:57:20 ubuntu kernel: [    0.000000] psci: probing for conduit method from ACPI.
Jun 12 15:57:20 ubuntu kernel: [    0.000000] psci: PSCIv1.0 detected in firmware.
Jun 12 15:57:20 ubuntu kernel: [    0.000000] psci: Using standard PSCI v0.2 function IDs
Jun 12 15:57:20 ubuntu kernel: [    0.000000] psci: Trusted OS migration not required
Jun 12 15:57:20 ubuntu kernel: [    0.000000] psci: SMC Calling Convention v1.0
Jun 12 15:57:20 ubuntu kernel: [    0.000000] percpu: Embedded 32 pages/cpu s92968 r8192 d29912 u131072
Jun 12 15:57:20 ubuntu kernel: [    0.000000] pcpu-alloc: s92968 r8192 d29912 u131072 alloc=32*4096
Jun 12 15:57:20 ubuntu kernel: [    0.000000] pcpu-alloc: [0] 0 [0] 1 
Jun 12 15:57:20 ubuntu kernel: [    0.000000] Detected PIPT I-cache on CPU0
Jun 12 15:57:20 ubuntu kernel: [    0.000000] CPU features: detected: Address authentication (IMP DEF algorithm)
Jun 12 15:57:20 ubuntu kernel: [    0.000000] CPU features: detected: Spectre-v4
Jun 12 15:57:20 ubuntu kernel: [    0.000000] alternatives: applying boot alternatives
Jun 12 15:57:20 ubuntu kernel: [    0.000000] Kernel command line: BOOT_IMAGE=/casper/vmlinuz quiet - file=/cdrom/preseed.cfg boot=casper auto=true priority=critical automatic-ubiquity quiet splash noprompt noshell ---
Jun 12 15:57:20 ubuntu kernel: [    0.000000] Unknown kernel command line parameters "- automatic-ubiquity splash noprompt noshell --- BOOT_IMAGE=/casper/vmlinuz file=/cdrom/preseed.cfg boot=casper auto=true priority=critical", will be passed to user space.
Jun 12 15:57:20 ubuntu kernel: [    0.000000] Dentry cache hash table entries: 524288 (order: 10, 4194304 bytes, linear)
Jun 12 15:57:20 ubuntu kernel: [    0.000000] Inode-cache hash table entries: 262144 (order: 9, 2097152 bytes, linear)
Jun 12 15:57:20 ubuntu kernel: [    0.000000] Fallback order for Node 0: 0 
Jun 12 15:57:20 ubuntu kernel: [    0.000000] Built 1 zonelists, mobility grouping on.  Total pages: 1032192
Jun 12 15:57:20 ubuntu kernel: [    0.000000] Policy zone: Normal
Jun 12 15:57:20 ubuntu kernel: [    0.000000] mem auto-init: stack:all(zero), heap alloc:on, heap free:off
Jun 12 15:57:20 ubuntu kernel: [    0.000000] software IO TLB: area num 2.
Jun 12 15:57:20 ubuntu kernel: [    0.000000] software IO TLB: mapped [mem 0x00000000f9e00000-0x00000000fde00000] (64MB)
Jun 12 15:57:20 ubuntu kernel: [    0.000000] Memory: 3821476K/4194304K available (21888K kernel code, 4936K rwdata, 15296K rodata, 11712K init, 1330K bss, 340060K reserved, 32768K cma-reserved)
Jun 12 15:57:20 ubuntu kernel: [    0.000000] SLUB: HWalign=64, Order=0-3, MinObjects=0, CPUs=2, Nodes=1
Jun 12 15:57:20 ubuntu kernel: [    0.000000] ftrace: allocating 59741 entries in 234 pages
Jun 12 15:57:20 ubuntu kernel: [    0.000000] ftrace: allocated 234 pages with 5 groups
Jun 12 15:57:20 ubuntu kernel: [    0.000000] trace event string verifier disabled
Jun 12 15:57:20 ubuntu kernel: [    0.000000] Dynamic Preempt: voluntary
Jun 12 15:57:20 ubuntu kernel: [    0.000000] rcu: Preemptible hierarchical RCU implementation.
Jun 12 15:57:20 ubuntu kernel: [    0.000000] rcu: 	RCU restricting CPUs from NR_CPUS=256 to nr_cpu_ids=2.
Jun 12 15:57:20 ubuntu kernel: [    0.000000] 	Trampoline variant of Tasks RCU enabled.
Jun 12 15:57:20 ubuntu kernel: [    0.000000] 	Rude variant of Tasks RCU enabled.
Jun 12 15:57:20 ubuntu kernel: [    0.000000] 	Tracing variant of Tasks RCU enabled.
Jun 12 15:57:20 ubuntu kernel: [    0.000000] rcu: RCU calculated value of scheduler-enlistment delay is 25 jiffies.
Jun 12 15:57:20 ubuntu kernel: [    0.000000] rcu: Adjusting geometry for rcu_fanout_leaf=16, nr_cpu_ids=2
Jun 12 15:57:20 ubuntu kernel: [    0.000000] NR_IRQS: 64, nr_irqs: 64, preallocated irqs: 0
Jun 12 15:57:20 ubuntu kernel: [    0.000000] GICv3: 96 SPIs implemented
Jun 12 15:57:20 ubuntu kernel: [    0.000000] GICv3: 0 Extended SPIs implemented
Jun 12 15:57:20 ubuntu kernel: [    0.000000] Root IRQ handler: gic_handle_irq
Jun 12 15:57:20 ubuntu kernel: [    0.000000] GICv3: GICv3 features: 16 PPIs, RSS
Jun 12 15:57:20 ubuntu kernel: [    0.000000] GICv3: CPU0: found redistributor 0 region 0:0x0000000002500000
Jun 12 15:57:20 ubuntu kernel: [    0.000000] GICv2m: range[mem 0x02250000-0x02250fff], SPI[53:116]
Jun 12 15:57:20 ubuntu kernel: [    0.000000] rcu: srcu_init: Setting srcu_struct sizes based on contention.
Jun 12 15:57:20 ubuntu kernel: [    0.000000] ACPI GTDT: Revision:1 doesn't support Platform Timers.
Jun 12 15:57:20 ubuntu kernel: [    0.000000] arch_timer: cp15 timer(s) running at 24.00MHz (virt).
Jun 12 15:57:20 ubuntu kernel: [    0.000000] clocksource: arch_sys_counter: mask: 0xffffffffffffff max_cycles: 0x588fe9dc0, max_idle_ns: 440795202592 ns
Jun 12 15:57:20 ubuntu kernel: [    0.000000] sched_clock: 56 bits at 24MHz, resolution 41ns, wraps every 4398046511097ns
Jun 12 15:57:20 ubuntu kernel: [    0.000181] Console: colour dummy device 80x25
Jun 12 15:57:20 ubuntu kernel: [    0.000182] printk: console [tty0] enabled
Jun 12 15:57:20 ubuntu kernel: [    0.001402] ACPI: Core revision 20230331
Jun 12 15:57:20 ubuntu kernel: [    0.001724] Calibrating delay loop (skipped), value calculated using timer frequency.. 48.00 BogoMIPS (lpj=96000)
Jun 12 15:57:20 ubuntu kernel: [    0.001728] pid_max: default: 32768 minimum: 301
Jun 12 15:57:20 ubuntu kernel: [    0.003956] LSM: initializing lsm=lockdown,capability,landlock,yama,apparmor,integrity
Jun 12 15:57:20 ubuntu kernel: [    0.003959] landlock: Up and running.
Jun 12 15:57:20 ubuntu kernel: [    0.003960] Yama: becoming mindful.
Jun 12 15:57:20 ubuntu systemd[1]: Finished Remount Root and Kernel File Systems.
Jun 12 15:57:20 ubuntu kernel: [    0.004115] AppArmor: AppArmor initialized
Jun 12 15:57:20 ubuntu kernel: [    0.004774] Mount-cache hash table entries: 8192 (order: 4, 65536 bytes, linear)
Jun 12 15:57:20 ubuntu kernel: [    0.004792] Mountpoint-cache hash table entries: 8192 (order: 4, 65536 bytes, linear)
Jun 12 15:57:20 ubuntu kernel: [    0.006558] ACPI PPTT: No PPTT table found, CPU and cache topology may be inaccurate
Jun 12 15:57:20 ubuntu kernel: [    0.006560] cacheinfo: Unable to detect cache hierarchy for CPU 0
Jun 12 15:57:20 ubuntu kernel: [    0.006843] RCU Tasks: Setting shift to 1 and lim to 1 rcu_task_cb_adjust=1.
Jun 12 15:57:20 ubuntu kernel: [    0.006871] RCU Tasks Rude: Setting shift to 1 and lim to 1 rcu_task_cb_adjust=1.
Jun 12 15:57:20 ubuntu systemd[1]: Starting Flush Journal to Persistent Storage...
Jun 12 15:57:20 ubuntu kernel: [    0.006896] RCU Tasks Trace: Setting shift to 1 and lim to 1 rcu_task_cb_adjust=1.
Jun 12 15:57:20 ubuntu kernel: [    0.006974] rcu: Hierarchical SRCU implementation.
Jun 12 15:57:20 ubuntu kernel: [    0.006974] rcu: 	Max phase no-delay instances is 1000.
Jun 12 15:57:20 ubuntu kernel: [    0.007233] Remapping and enabling EFI services.
Jun 12 15:57:20 ubuntu systemd[1]: Condition check resulted in Platform Persistent Storage Archival being skipped.
Jun 12 15:57:20 ubuntu kernel: [    0.007403] smp: Bringing up secondary CPUs ...
Jun 12 15:57:20 ubuntu kernel: [    0.007654] Detected PIPT I-cache on CPU1
Jun 12 15:57:20 ubuntu kernel: [    0.007663] GICv3: CPU1: found redistributor 1 region 0:0x0000000002520000
Jun 12 15:57:20 ubuntu kernel: [    0.007696] CPU1: Booted secondary processor 0x0000000001 [0x410f0000]
Jun 12 15:57:20 ubuntu systemd[1]: Starting Load/Save Random Seed...
Jun 12 15:57:20 ubuntu kernel: [    0.007749] smp: Brought up 1 node, 2 CPUs
Jun 12 15:57:20 ubuntu kernel: [    0.007750] SMP: Total of 2 processors activated.
Jun 12 15:57:20 ubuntu kernel: [    0.007751] CPU features: detected: ARMv8.4 Translation Table Level
Jun 12 15:57:20 ubuntu systemd[1]: Starting Create System Users...
Jun 12 15:57:20 ubuntu systemd[1]: Finished Load Kernel Modules.
Jun 12 15:57:20 ubuntu systemd[1]: Starting Apply Kernel Variables...
Jun 12 15:57:20 ubuntu systemd[1]: Finished Monitoring of LVM2 mirrors, snapshots etc. using dmeventd or progress polling.
Jun 12 15:57:20 ubuntu systemd[1]: Finished Set the console keyboard layout.
Jun 12 15:57:20 ubuntu systemd[1]: Finished Load/Save Random Seed.
Jun 12 15:57:20 ubuntu systemd[1]: Finished Create System Users.
Jun 12 15:57:20 ubuntu systemd[1]: Finished Flush Journal to Persistent Storage.
Jun 12 15:57:20 ubuntu systemd[1]: Condition check resulted in First Boot Complete being skipped.
Jun 12 15:57:20 ubuntu systemd[1]: Starting Create Static Device Nodes in /dev...
Jun 12 15:57:20 ubuntu systemd[1]: Finished Create Static Device Nodes in /dev.
Jun 12 15:57:20 ubuntu systemd[1]: Reached target Preparation for Local File Systems.
Jun 12 15:57:20 ubuntu systemd[1]: tmp.mount: Directory /tmp to mount over is not empty, mounting anyway.
Jun 12 15:57:20 ubuntu systemd[1]: Mounting /tmp...
Jun 12 15:57:20 ubuntu systemd[1]: Starting Rule-based Manager for Device Events and Files...
Jun 12 15:57:20 ubuntu systemd[1]: Finished Apply Kernel Variables.
Jun 12 15:57:20 ubuntu kernel: [    0.007752] CPU features: detected: Data cache clean to the PoU not required for I/D coherence
Jun 12 15:57:20 ubuntu systemd[1]: Mounted /tmp.
Jun 12 15:57:20 ubuntu kernel: [    0.007752] CPU features: detected: Common not Private translations
Jun 12 15:57:20 ubuntu kernel: [    0.007753] CPU features: detected: CRC32 instructions
Jun 12 15:57:20 ubuntu kernel: [    0.007753] CPU features: detected: Data cache clean to Point of Deep Persistence
Jun 12 15:57:20 ubuntu kernel: [    0.007753] CPU features: detected: Data cache clean to Point of Persistence
Jun 12 15:57:20 ubuntu kernel: [    0.007754] CPU features: detected: Data independent timing control (DIT)
Jun 12 15:57:20 ubuntu kernel: [    0.007754] CPU features: detected: E0PD
Jun 12 15:57:20 ubuntu systemd[1]: Finished Coldplug All udev Devices.
Jun 12 15:57:20 ubuntu kernel: [    0.007755] CPU features: detected: Generic authentication (IMP DEF algorithm)
Jun 12 15:57:20 ubuntu kernel: [    0.007755] CPU features: detected: RCpc load-acquire (LDAPR)
Jun 12 15:57:20 ubuntu kernel: [    0.007756] CPU features: detected: LSE atomic instructions
Jun 12 15:57:20 ubuntu kernel: [    0.007756] CPU features: detected: Privileged Access Never
Jun 12 15:57:20 ubuntu kernel: [    0.007757] CPU features: detected: RAS Extension Support
Jun 12 15:57:20 ubuntu kernel: [    0.007757] CPU features: detected: Speculation barrier (SB)
Jun 12 15:57:20 ubuntu kernel: [    0.007758] CPU features: detected: TLB range maintenance instructions
Jun 12 15:57:20 ubuntu kernel: [    0.007759] CPU features: detected: Speculative Store Bypassing Safe (SSBS)
Jun 12 15:57:20 ubuntu kernel: [    0.007788] CPU: All CPU(s) started at EL1
Jun 12 15:57:20 ubuntu kernel: [    0.007798] alternatives: applying system-wide alternatives
Jun 12 15:57:20 ubuntu kernel: [    0.008362] devtmpfs: initialized
Jun 12 15:57:20 ubuntu kernel: [    0.008713] setend instruction emulation is not supported on this system
Jun 12 15:57:20 ubuntu kernel: [    0.008751] clocksource: jiffies: mask: 0xffffffff max_cycles: 0xffffffff, max_idle_ns: 7645041785100000 ns
Jun 12 15:57:20 ubuntu kernel: [    0.008761] futex hash table entries: 512 (order: 3, 32768 bytes, linear)
Jun 12 15:57:20 ubuntu kernel: [    0.008876] pinctrl core: initialized pinctrl subsystem
Jun 12 15:57:20 ubuntu kernel: [    0.009000] SMBIOS 3.0.0 present.
Jun 12 15:57:20 ubuntu kernel: [    0.009002] DMI: Parallels International GmbH. Parallels ARM Virtual Machine/Parallels ARM Virtual Platform, BIOS 19.4.0 (54962) Mon, 20 May 202
Jun 12 15:57:20 ubuntu kernel: [    0.009190] NET: Registered PF_NETLINK/PF_ROUTE protocol family
Jun 12 15:57:20 ubuntu kernel: [    0.009371] DMA: preallocated 512 KiB GFP_KERNEL pool for atomic allocations
Jun 12 15:57:20 ubuntu kernel: [    0.009449] DMA: preallocated 512 KiB GFP_KERNEL|GFP_DMA pool for atomic allocations
Jun 12 15:57:20 ubuntu kernel: [    0.009534] DMA: preallocated 512 KiB GFP_KERNEL|GFP_DMA32 pool for atomic allocations
Jun 12 15:57:20 ubuntu kernel: [    0.009537] audit: initializing netlink subsys (disabled)
Jun 12 15:57:20 ubuntu kernel: [    0.009587] audit: type=2000 audit(0.008:1): state=initialized audit_enabled=0 res=1
Jun 12 15:57:20 ubuntu kernel: [    0.009680] thermal_sys: Registered thermal governor 'fair_share'
Jun 12 15:57:20 ubuntu kernel: [    0.009680] thermal_sys: Registered thermal governor 'bang_bang'
Jun 12 15:57:20 ubuntu kernel: [    0.009681] thermal_sys: Registered thermal governor 'step_wise'
Jun 12 15:57:20 ubuntu kernel: [    0.009681] thermal_sys: Registered thermal governor 'user_space'
Jun 12 15:57:20 ubuntu kernel: [    0.009681] thermal_sys: Registered thermal governor 'power_allocator'
Jun 12 15:57:20 ubuntu kernel: [    0.009685] cpuidle: using governor ladder
Jun 12 15:57:20 ubuntu kernel: [    0.009686] cpuidle: using governor menu
Jun 12 15:57:20 ubuntu kernel: [    0.009715] hw-breakpoint: found 6 breakpoint and 4 watchpoint registers.
Jun 12 15:57:20 ubuntu kernel: [    0.009740] ASID allocator initialised with 256 entries
Jun 12 15:57:20 ubuntu kernel: [    0.009796] acpiphp: ACPI Hot Plug PCI Controller Driver version: 0.5
Jun 12 15:57:20 ubuntu kernel: [    0.009913] Serial: AMBA PL011 UART driver
Jun 12 15:57:20 ubuntu kernel: [    0.009966] Modules: 18928 pages in range for non-PLT usage
Jun 12 15:57:20 ubuntu kernel: [    0.009967] Modules: 510448 pages in range for PLT usage
Jun 12 15:57:20 ubuntu kernel: [    0.012247] HugeTLB: registered 1.00 GiB page size, pre-allocated 0 pages
Jun 12 15:57:20 ubuntu systemd[1]: Starting Wait for udev To Complete Device Initialization...
Jun 12 15:57:20 ubuntu systemd[1]: Started Rule-based Manager for Device Events and Files.
Jun 12 15:57:20 ubuntu systemd[1]: Starting Show Plymouth Boot Screen...
Jun 12 15:57:20 ubuntu systemd[1]: Started Show Plymouth Boot Screen.
Jun 12 15:57:20 ubuntu systemd[1]: Condition check resulted in Dispatch Password Requests to Console Directory Watch being skipped.
Jun 12 15:57:20 ubuntu systemd[1]: Started Forward Password Requests to Plymouth Directory Watch.
Jun 12 15:57:20 ubuntu systemd[1]: Reached target Local Encrypted Volumes.
Jun 12 15:57:20 ubuntu mtp-probe: checking bus 3, device 3: "/sys/devices/pci0000:00/0000:00:03.0/usb3/3-2"
Jun 12 15:57:20 ubuntu mtp-probe: bus: 3, device: 3 was not an MTP device
Jun 12 15:57:20 ubuntu mtp-probe: checking bus 3, device 4: "/sys/devices/pci0000:00/0000:00:03.0/usb3/3-3"
Jun 12 15:57:20 ubuntu systemd-udevd[2859]: Using default interface naming scheme 'v249'.
Jun 12 15:57:20 ubuntu mtp-probe: bus: 3, device: 4 was not an MTP device
Jun 12 15:57:20 ubuntu mtp-probe: checking bus 3, device 5: "/sys/devices/pci0000:00/0000:00:03.0/usb3/3-4"
Jun 12 15:57:20 ubuntu mtp-probe: bus: 3, device: 5 was not an MTP device
Jun 12 15:57:20 ubuntu mtp-probe: checking bus 3, device 2: "/sys/devices/pci0000:00/0000:00:03.0/usb3/3-1"
Jun 12 15:57:20 ubuntu mtp-probe: bus: 3, device: 2 was not an MTP device
Jun 12 15:57:20 ubuntu systemd-udevd[2850]: sda: Process '/usr/bin/unshare -m /usr/bin/snap auto-import --mount=/dev/sda' failed with exit code 1.
Jun 12 15:57:20 ubuntu systemd-udevd[2843]: sdb: Process '/usr/bin/unshare -m /usr/bin/snap auto-import --mount=/dev/sdb' failed with exit code 1.
Jun 12 15:57:20 ubuntu systemd-udevd[2854]: sr1: Process '/usr/bin/unshare -m /usr/bin/snap auto-import --mount=/dev/sr1' failed with exit code 1.
Jun 12 15:57:20 ubuntu systemd-udevd[2853]: sr0: Process '/usr/bin/unshare -m /usr/bin/snap auto-import --mount=/dev/sr0' failed with exit code 1.
Jun 12 15:57:20 ubuntu systemd[1]: Listening on Load/Save RF Kill Switch Status /dev/rfkill Watch.
Jun 12 15:57:20 ubuntu udevadm[2838]: systemd-udev-settle.service is deprecated. Please fix zfs-load-module.service, zfs-import-cache.service not to pull it in.
Jun 12 15:57:20 ubuntu systemd-udevd[2846]: controlC0: Process '/usr/sbin/alsactl -E HOME=/run/alsa -E XDG_RUNTIME_DIR=/run/alsa/runtime restore 0' failed with exit code 99.
Jun 12 15:57:20 ubuntu systemd[1]: Condition check resulted in Dispatch Password Requests to Console Directory Watch being skipped.
Jun 12 15:57:20 ubuntu systemd[1]: Starting Load Kernel Module efi_pstore...
Jun 12 15:57:20 ubuntu systemd[1]: modprobe@efi_pstore.service: Deactivated successfully.
Jun 12 15:57:20 ubuntu systemd[1]: Finished Load Kernel Module efi_pstore.
Jun 12 15:57:20 ubuntu systemd[1]: Condition check resulted in Platform Persistent Storage Archival being skipped.
Jun 12 15:57:20 ubuntu systemd[1]: Finished Wait for udev To Complete Device Initialization.
Jun 12 15:57:20 ubuntu systemd[1]: Starting Install ZFS kernel module...
Jun 12 15:57:20 ubuntu systemd[1]: Finished Install ZFS kernel module.
Jun 12 15:57:20 ubuntu systemd[1]: Condition check resulted in Import ZFS pools by cache file being skipped.
Jun 12 15:57:20 ubuntu systemd[1]: Reached target ZFS pool import target.
Jun 12 15:57:20 ubuntu systemd[1]: Starting Mount ZFS filesystems...
Jun 12 15:57:20 ubuntu systemd[1]: Starting Wait for ZFS Volume (zvol) links in /dev...
Jun 12 15:57:20 ubuntu systemd[1]: Finished Mount ZFS filesystems.
Jun 12 15:57:20 ubuntu systemd[1]: Reached target Mounting snaps.
Jun 12 15:57:20 ubuntu zvol_wait[3068]: No zvols found, nothing to do.
Jun 12 15:57:20 ubuntu systemd[1]: Mounting Mount unit for bare, revision 5...
Jun 12 15:57:20 ubuntu systemd[1]: Mounting Mount unit for core22, revision 1383...
Jun 12 15:57:20 ubuntu systemd[1]: Mounting Mount unit for firefox, revision 4339...
Jun 12 15:57:20 ubuntu systemd[1]: Mounting Mount unit for gnome-42-2204, revision 178...
Jun 12 15:57:20 ubuntu systemd[1]: Mounting Mount unit for gtk-common-themes, revision 1535...
Jun 12 15:57:20 ubuntu systemd[1]: Mounting Mount unit for snap-store, revision 1114...
Jun 12 15:57:20 ubuntu systemd[1]: Mounting Mount unit for snapd, revision 21761...
Jun 12 15:57:20 ubuntu systemd[1]: Mounting Mount unit for snapd-desktop-integration, revision 159...
Jun 12 15:57:20 ubuntu systemd[1]: Finished Wait for ZFS Volume (zvol) links in /dev.
Jun 12 15:57:20 ubuntu systemd[1]: Mounted Mount unit for bare, revision 5.
Jun 12 15:57:20 ubuntu systemd[1]: Mounted Mount unit for core22, revision 1383.
Jun 12 15:57:20 ubuntu systemd[1]: Mounted Mount unit for firefox, revision 4339.
Jun 12 15:57:20 ubuntu systemd[1]: Reached target ZFS volumes are ready.
Jun 12 15:57:20 ubuntu systemd[1]: Mounted Mount unit for gnome-42-2204, revision 178.
Jun 12 15:57:20 ubuntu systemd[1]: Mounted Mount unit for gtk-common-themes, revision 1535.
Jun 12 15:57:20 ubuntu systemd[1]: Mounted Mount unit for snap-store, revision 1114.
Jun 12 15:57:20 ubuntu systemd[1]: Mounted Mount unit for snapd, revision 21761.
Jun 12 15:57:20 ubuntu systemd[1]: Mounted Mount unit for snapd-desktop-integration, revision 159.
Jun 12 15:57:20 ubuntu systemd[1]: Reached target Mounted snaps.
Jun 12 15:57:20 ubuntu systemd[1]: Reached target Local File Systems.
Jun 12 15:57:20 ubuntu systemd[1]: Condition check resulted in Load AppArmor profiles being skipped.
Jun 12 15:57:20 ubuntu systemd[1]: Starting Set console font and keymap...
Jun 12 15:57:20 ubuntu systemd[1]: Starting Create final runtime dir for shutdown pivot root...
Jun 12 15:57:20 ubuntu systemd[1]: Starting Tell Plymouth To Write Out Runtime Data...
Jun 12 15:57:20 ubuntu systemd[1]: Starting Load AppArmor profiles managed internally by snapd...
Jun 12 15:57:20 ubuntu systemd[1]: Starting Set Up Additional Binary Formats...
Jun 12 15:57:20 ubuntu systemd[1]: Condition check resulted in Store a System Token in an EFI Variable being skipped.
Jun 12 15:57:20 ubuntu systemd[1]: Condition check resulted in Commit a transient machine-id on disk being skipped.
Jun 12 15:57:20 ubuntu systemd[1]: Starting Create Volatile Files and Directories...
Jun 12 15:57:20 ubuntu systemd[1]: Starting Uncomplicated firewall...
Jun 12 15:57:20 ubuntu systemd[1]: Finished Set console font and keymap.
Jun 12 15:57:20 ubuntu systemd[1]: Finished Create final runtime dir for shutdown pivot root.
Jun 12 15:57:20 ubuntu systemd[1]: Received SIGRTMIN+20 from PID 185 (plymouthd).
Jun 12 15:57:20 ubuntu systemd[1]: Finished Tell Plymouth To Write Out Runtime Data.
Jun 12 15:57:20 ubuntu systemd[1]: proc-sys-fs-binfmt_misc.automount: Got automount request for /proc/sys/fs/binfmt_misc, triggered by 3089 (systemd-binfmt)
Jun 12 15:57:20 ubuntu systemd[1]: Mounting Arbitrary Executable File Formats File System...
Jun 12 15:57:20 ubuntu systemd[1]: Finished Uncomplicated firewall.
Jun 12 15:57:20 ubuntu systemd[1]: Reached target Preparation for Network.
Jun 12 15:57:20 ubuntu systemd[1]: Finished Create Volatile Files and Directories.
Jun 12 15:57:20 ubuntu systemd[1]: Starting Userspace Out-Of-Memory (OOM) Killer...
Jun 12 15:57:20 ubuntu systemd[1]: Starting Network Name Resolution...
Jun 12 15:57:20 ubuntu systemd[1]: Starting Network Time Synchronization...
Jun 12 15:57:20 ubuntu systemd[1]: Starting Record System Boot/Shutdown in UTMP...
Jun 12 15:57:20 ubuntu systemd[1]: Mounted Arbitrary Executable File Formats File System.
Jun 12 15:57:20 ubuntu systemd[1]: Finished Set Up Additional Binary Formats.
Jun 12 15:57:20 ubuntu systemd[1]: Finished Record System Boot/Shutdown in UTMP.
Jun 12 15:57:20 ubuntu systemd-oomd[3098]: Swap is currently not detected; memory pressure usage will be degraded
Jun 12 15:57:20 ubuntu systemd[1]: Started Userspace Out-Of-Memory (OOM) Killer.
Jun 12 15:57:20 ubuntu systemd[1]: Started Network Time Synchronization.
Jun 12 15:57:20 ubuntu systemd[1]: Reached target System Time Set.
Jun 12 15:57:20 ubuntu systemd-resolved[3099]: Positive Trust Anchors:
Jun 12 15:57:20 ubuntu systemd-resolved[3099]: . IN DS 20326 8 2 e06d44b80b8f1d39a95c0b0d7c65d08458e880409bbc683457104237c7f8ec8d
Jun 12 15:57:20 ubuntu systemd-resolved[3099]: Negative trust anchors: home.arpa 10.in-addr.arpa 16.172.in-addr.arpa 17.172.in-addr.arpa 18.172.in-addr.arpa 19.172.in-addr.arpa 20.172.in-addr.arpa 21.172.in-addr.arpa 22.172.in-addr.arpa 23.172.in-addr.arpa 24.172.in-addr.arpa 25.172.in-addr.arpa 26.172.in-addr.arpa 27.172.in-addr.arpa 28.172.in-addr.arpa 29.172.in-addr.arpa 30.172.in-addr.arpa 31.172.in-addr.arpa 168.192.in-addr.arpa d.f.ip6.arpa corp home internal intranet lan local private test
Jun 12 15:57:20 ubuntu systemd-resolved[3099]: Using system hostname 'ubuntu'.
Jun 12 15:57:20 ubuntu snapd-apparmor[3086]: main.go:124: Loading profiles [/var/lib/snapd/apparmor/profiles/snap-confine.snapd.21761 /var/lib/snapd/apparmor/profiles/snap-update-ns.firefox /var/lib/snapd/apparmor/profiles/snap-update-ns.snap-store /var/lib/snapd/apparmor/profiles/snap-update-ns.snapd-desktop-integration /var/lib/snapd/apparmor/profiles/snap.firefox.firefox /var/lib/snapd/apparmor/profiles/snap.firefox.geckodriver /var/lib/snapd/apparmor/profiles/snap.firefox.hook.configure /var/lib/snapd/apparmor/profiles/snap.firefox.hook.connect-plug-host-hunspell /var/lib/snapd/apparmor/profiles/snap.firefox.hook.disconnect-plug-host-hunspell /var/lib/snapd/apparmor/profiles/snap.firefox.hook.post-refresh /var/lib/snapd/apparmor/profiles/snap.snap-store.hook.configure /var/lib/snapd/apparmor/profiles/snap.snap-store.snap-store /var/lib/snapd/apparmor/profiles/snap.snap-store.ubuntu-software /var/lib/snapd/apparmor/profiles/snap.snap-store.ubuntu-software-local-file /var/lib/snapd/apparmor/profiles/snap.snapd-desktop-integration.hook.configure /var/lib/snapd/apparmor/profiles/snap.snapd-desktop-integration.snapd-desktop-integration]
Jun 12 15:57:20 ubuntu systemd[1]: Started Network Name Resolution.
Jun 12 15:57:20 ubuntu systemd[1]: Reached target Host and Network Name Lookups.
Jun 12 15:57:20 ubuntu systemd[1]: Finished Load AppArmor profiles managed internally by snapd.
Jun 12 15:57:20 ubuntu systemd[1]: Reached target System Initialization.
Jun 12 15:57:20 ubuntu systemd[1]: Condition check resulted in Process error reports when automatic reporting is enabled (file watch) being skipped.
Jun 12 15:57:20 ubuntu systemd[1]: Started CUPS Scheduler.
Jun 12 15:57:20 ubuntu systemd[1]: Started Start whoopsie on modification of the /var/crash directory.
Jun 12 15:57:20 ubuntu systemd[1]: Started Trigger anacron every hour.
Jun 12 15:57:20 ubuntu systemd[1]: Condition check resulted in Process error reports when automatic reporting is enabled (timer based) being skipped.
Jun 12 15:57:20 ubuntu systemd[1]: Started Daily apt download activities.
Jun 12 15:57:20 ubuntu systemd[1]: Started Daily apt upgrade and clean activities.
Jun 12 15:57:20 ubuntu systemd[1]: Started Daily dpkg database backup timer.
Jun 12 15:57:20 ubuntu systemd[1]: Started Periodic ext4 Online Metadata Check for All Filesystems.
Jun 12 15:57:20 ubuntu systemd[1]: Started Discard unused blocks once a week.
Jun 12 15:57:20 ubuntu systemd[1]: Started Refresh fwupd metadata regularly.
Jun 12 15:57:20 ubuntu systemd[1]: Started Daily rotation of log files.
Jun 12 15:57:20 ubuntu systemd[1]: Started Daily man-db regeneration.
Jun 12 15:57:20 ubuntu systemd[1]: Started Message of the Day.
Jun 12 15:57:20 ubuntu systemd[1]: Condition check resulted in Timer to automatically fetch and run repair assertions being skipped.
Jun 12 15:57:20 ubuntu systemd[1]: Started Daily Cleanup of Temporary Directories.
Jun 12 15:57:20 ubuntu systemd[1]: Condition check resulted in Ubuntu Pro Timer for running repeated jobs being skipped.
Jun 12 15:57:20 ubuntu systemd[1]: Started Clean up old snapshots to free space.
Jun 12 15:57:20 ubuntu systemd[1]: Reached target Path Units.
Jun 12 15:57:20 ubuntu systemd[1]: Condition check resulted in Unix socket for apport crash forwarding being skipped.
Jun 12 15:57:20 ubuntu systemd[1]: Listening on Avahi mDNS/DNS-SD Stack Activation Socket.
Jun 12 15:57:20 ubuntu systemd[1]: Listening on CUPS Scheduler.
Jun 12 15:57:20 ubuntu systemd[1]: Listening on D-Bus System Message Bus Socket.
Jun 12 15:57:20 ubuntu systemd[1]: Starting Socket activation for snappy daemon...
Jun 12 15:57:20 ubuntu systemd[1]: Listening on UUID daemon activation socket.
Jun 12 15:57:20 ubuntu systemd[1]: Listening on Socker activation for zsys daemon.
Jun 12 15:57:20 ubuntu systemd[1]: Listening on Socket activation for snappy daemon.
Jun 12 15:57:20 ubuntu systemd[1]: Reached target Socket Units.
Jun 12 15:57:20 ubuntu systemd[1]: Reached target Basic System.
Jun 12 15:57:20 ubuntu systemd[1]: Condition check resulted in Run anacron jobs being skipped.
Jun 12 15:57:20 ubuntu systemd[1]: Starting LSB: automatic crash report generation...
Jun 12 15:57:20 ubuntu systemd[1]: Starting Avahi mDNS/DNS-SD Stack...
Jun 12 15:57:20 ubuntu systemd[1]: Started D-Bus System Message Bus.
Jun 12 15:57:20 ubuntu systemd[1]: Starting Network Manager...
Jun 12 15:57:20 ubuntu systemd[1]: Started Save initial kernel messages after boot.
Jun 12 15:57:20 ubuntu systemd[1]: Starting Remove Stale Online ext4 Metadata Check Snapshots...
Jun 12 15:57:20 ubuntu systemd[1]: Condition check resulted in getty on tty2-tty6 if dbus and logind are not available being skipped.
Jun 12 15:57:20 ubuntu systemd[1]: Reached target Login Prompts.
Jun 12 15:57:20 ubuntu systemd[1]: Condition check resulted in Record successful boot for GRUB being skipped.
Jun 12 15:57:20 ubuntu systemd[1]: Condition check resulted in GRUB failed boot detection being skipped.
Jun 12 15:57:20 ubuntu systemd[1]: Started irqbalance daemon.
Jun 12 15:57:20 ubuntu systemd[1]: Starting Dispatcher daemon for systemd-networkd...
Jun 12 15:57:20 ubuntu systemd[1]: Starting Authorization Manager...
Jun 12 15:57:20 ubuntu systemd[1]: Starting Power Profiles daemon...
Jun 12 15:57:20 ubuntu systemd[1]: Starting System Logging Service...
Jun 12 15:57:20 ubuntu systemd[1]: Condition check resulted in Secure Boot updates for DB and DBX being skipped.
Jun 12 15:57:20 ubuntu systemd[1]: Condition check resulted in Automatically repair incorrect owner/permissions on core devices being skipped.
Jun 12 15:57:20 ubuntu systemd[1]: Condition check resulted in Wait for the Ubuntu Core chooser trigger being skipped.
Jun 12 15:57:20 ubuntu systemd[1]: Reached target Preparation for Logins.
Jun 12 15:57:20 ubuntu systemd[1]: Starting Wait until snapd is fully seeded...
Jun 12 15:57:20 ubuntu systemd[1]: Starting Snap Daemon...
Jun 12 15:57:20 ubuntu dbus-daemon[3129]: [system] AppArmor D-Bus mediation is enabled
Jun 12 15:57:20 ubuntu avahi-daemon[3128]: Found user 'avahi' (UID 114) and group 'avahi' (GID 121).
Jun 12 15:57:20 ubuntu /usr/sbin/irqbalance: IRQ arch_timer(10) guessed as class 0
Jun 12 15:57:20 ubuntu /usr/sbin/irqbalance: IRQ ACPI:Ged(12) guessed as class 0
Jun 12 15:57:20 ubuntu /usr/sbin/irqbalance: IRQ virtio0(14) guessed as class 0
Jun 12 15:57:20 ubuntu /usr/sbin/irqbalance: IRQ ahci[PRL4010:00](15) guessed as class 0
Jun 12 15:57:20 ubuntu /usr/sbin/irqbalance: IRQ virtio1-config(18) guessed as class 0
Jun 12 15:57:20 ubuntu /usr/sbin/irqbalance: IRQ virtio1-input.0(19) guessed as class 0
Jun 12 15:57:20 ubuntu /usr/sbin/irqbalance: IRQ virtio1-output.0(20) guessed as class 0
Jun 12 15:57:20 ubuntu /usr/sbin/irqbalance: IRQ ehci_hcd:usb1(21) guessed as class 0
Jun 12 15:57:20 ubuntu /usr/sbin/irqbalance: IRQ xhci_hcd(23) guessed as class 0
Jun 12 15:57:20 ubuntu /usr/sbin/irqbalance: IRQ virtio2-config(24) guessed as class 0
Jun 12 15:57:20 ubuntu /usr/sbin/irqbalance: IRQ virtio2-virtqueues(25) guessed as class 0
Jun 12 15:57:20 ubuntu /usr/sbin/irqbalance: IRQ snd_hda_intel:card0(27) guessed as class 0
Jun 12 15:57:20 ubuntu systemd[1]: Condition check resulted in System Security Services Daemon being skipped.
Jun 12 15:57:20 ubuntu systemd[1]: Reached target User and Group Name Lookups.
Jun 12 15:57:20 ubuntu systemd[1]: sssd-nss.socket: Bound to unit sssd.service, but unit isn't active.
Jun 12 15:57:20 ubuntu systemd[1]: Dependency failed for SSSD NSS Service responder socket.
Jun 12 15:57:20 ubuntu systemd[1]: sssd-nss.socket: Job sssd-nss.socket/start failed with result 'dependency'.
Jun 12 15:57:20 ubuntu systemd[1]: sssd-autofs.socket: Bound to unit sssd.service, but unit isn't active.
Jun 12 15:57:20 ubuntu systemd[1]: Dependency failed for SSSD AutoFS Service responder socket.
Jun 12 15:57:20 ubuntu systemd[1]: sssd-autofs.socket: Job sssd-autofs.socket/start failed with result 'dependency'.
Jun 12 15:57:20 ubuntu systemd[1]: sssd-pac.socket: Bound to unit sssd.service, but unit isn't active.
Jun 12 15:57:20 ubuntu systemd[1]: Dependency failed for SSSD PAC Service responder socket.
Jun 12 15:57:20 ubuntu systemd[1]: sssd-pac.socket: Job sssd-pac.socket/start failed with result 'dependency'.
Jun 12 15:57:20 ubuntu systemd[1]: sssd-pam-priv.socket: Bound to unit sssd.service, but unit isn't active.
Jun 12 15:57:20 ubuntu systemd[1]: Dependency failed for SSSD PAM Service responder private socket.
Jun 12 15:57:20 ubuntu systemd[1]: Dependency failed for SSSD PAM Service responder socket.
Jun 12 15:57:20 ubuntu systemd[1]: sssd-pam.socket: Job sssd-pam.socket/start failed with result 'dependency'.
Jun 12 15:57:20 ubuntu systemd[1]: sssd-pam-priv.socket: Job sssd-pam-priv.socket/start failed with result 'dependency'.
Jun 12 15:57:20 ubuntu systemd[1]: sssd-ssh.socket: Bound to unit sssd.service, but unit isn't active.
Jun 12 15:57:20 ubuntu systemd[1]: Dependency failed for SSSD SSH Service responder socket.
Jun 12 15:57:20 ubuntu systemd[1]: sssd-ssh.socket: Job sssd-ssh.socket/start failed with result 'dependency'.
Jun 12 15:57:20 ubuntu systemd[1]: sssd-sudo.socket: Bound to unit sssd.service, but unit isn't active.
Jun 12 15:57:20 ubuntu systemd[1]: Dependency failed for SSSD Sudo Service responder socket.
Jun 12 15:57:20 ubuntu systemd[1]: sssd-sudo.socket: Job sssd-sudo.socket/start failed with result 'dependency'.
Jun 12 15:57:20 ubuntu systemd[1]: Starting Accounts Service...
Jun 12 15:57:20 ubuntu systemd[1]: Started Regular background program processing daemon.
Jun 12 15:57:20 ubuntu systemd[1]: Starting Switcheroo Control Proxy service...
Jun 12 15:57:20 ubuntu cron[3147]: (CRON) INFO (pidfile fd = 3)
Jun 12 15:57:20 ubuntu dbus-daemon[3129]: [system] Activating systemd to hand-off: service name='org.freedesktop.PolicyKit1' unit='polkit.service' requested by ':1.4' (uid=0 pid=3138 comm="/usr/libexec/power-profiles-daemon " label="unconfined")
Jun 12 15:57:20 ubuntu cron[3147]: (CRON) INFO (Running @reboot jobs)
Jun 12 15:57:20 ubuntu systemd[1]: Starting User Login Management...
Jun 12 15:57:20 ubuntu systemd[1]: Condition check resulted in Ubuntu Pro reboot cmds being skipped.
Jun 12 15:57:20 ubuntu systemd[1]: Starting Ubuntu live CD installer...
Jun 12 15:57:20 ubuntu systemd[1]: Starting Disk Manager...
Jun 12 15:57:20 ubuntu systemd[1]: Starting WPA supplicant...
Jun 12 15:57:20 ubuntu systemd[1]: Starting ZFS file system shares...
Jun 12 15:57:20 ubuntu systemd[1]: Started ZFS Event Daemon (zed).
Jun 12 15:57:20 ubuntu systemd[1]: Starting ZSYS daemon service...
Jun 12 15:57:20 ubuntu systemd[1]: e2scrub_reap.service: Deactivated successfully.
Jun 12 15:57:20 ubuntu systemd[1]: Finished Remove Stale Online ext4 Metadata Check Snapshots.
Jun 12 15:57:20 ubuntu systemd[1]: Finished ZFS file system shares.
Jun 12 15:57:20 ubuntu systemd[1]: Started ZSYS daemon service.
Jun 12 15:57:20 ubuntu avahi-daemon[3128]: Successfully dropped root privileges.
Jun 12 15:57:20 ubuntu avahi-daemon[3128]: avahi-daemon 0.8 starting up.
Jun 12 15:57:20 ubuntu avahi-daemon[3128]: Successfully called chroot().
Jun 12 15:57:20 ubuntu avahi-daemon[3128]: Successfully dropped remaining capabilities.
Jun 12 15:57:20 ubuntu dbus-daemon[3129]: [system] Successfully activated service 'org.freedesktop.systemd1'
Jun 12 15:57:20 ubuntu avahi-daemon[3128]: No service file found in /etc/avahi/services.
Jun 12 15:57:20 ubuntu avahi-daemon[3128]: Joining mDNS multicast group on interface lo.IPv6 with address ::1.
Jun 12 15:57:20 ubuntu avahi-daemon[3128]: New relevant interface lo.IPv6 for mDNS.
Jun 12 15:57:20 ubuntu avahi-daemon[3128]: Joining mDNS multicast group on interface lo.IPv4 with address 127.0.0.1.
Jun 12 15:57:20 ubuntu avahi-daemon[3128]: New relevant interface lo.IPv4 for mDNS.
Jun 12 15:57:20 ubuntu avahi-daemon[3128]: Network interface enumeration completed.
Jun 12 15:57:20 ubuntu avahi-daemon[3128]: Registering new address record for ::1 on lo.*.
Jun 12 15:57:20 ubuntu avahi-daemon[3128]: Registering new address record for 127.0.0.1 on lo.IPv4.
Jun 12 15:57:20 ubuntu polkitd[3137]: started daemon version 0.105 using authority implementation `local' version `0.105'
Jun 12 15:57:20 ubuntu dbus-daemon[3129]: [system] Successfully activated service 'org.freedesktop.PolicyKit1'
Jun 12 15:57:20 ubuntu accounts-daemon[3143]: started daemon version 22.07.5
Jun 12 15:57:20 ubuntu systemd[1]: Started Switcheroo Control Proxy service.
Jun 12 15:57:20 ubuntu systemd[1]: Started Avahi mDNS/DNS-SD Stack.
Jun 12 15:57:20 ubuntu systemd[1]: Started Authorization Manager.
Jun 12 15:57:20 ubuntu systemd[1]: Started Power Profiles daemon.
Jun 12 15:57:20 ubuntu systemd[1]: Started Accounts Service.
Jun 12 15:57:20 ubuntu systemd[1]: Reached target ZFS startup target.
Jun 12 15:57:20 ubuntu kernel: [    0.012247] HugeTLB: 0 KiB vmemmap can be freed for a 1.00 GiB page
Jun 12 15:57:20 ubuntu kernel: [    0.012248] HugeTLB: registered 32.0 MiB page size, pre-allocated 0 pages
Jun 12 15:57:20 ubuntu kernel: [    0.012248] HugeTLB: 0 KiB vmemmap can be freed for a 32.0 MiB page
Jun 12 15:57:20 ubuntu kernel: [    0.012249] HugeTLB: registered 2.00 MiB page size, pre-allocated 0 pages
Jun 12 15:57:20 ubuntu kernel: [    0.012249] HugeTLB: 0 KiB vmemmap can be freed for a 2.00 MiB page
Jun 12 15:57:20 ubuntu kernel: [    0.012250] HugeTLB: registered 64.0 KiB page size, pre-allocated 0 pages
Jun 12 15:57:20 ubuntu kernel: [    0.012250] HugeTLB: 0 KiB vmemmap can be freed for a 64.0 KiB page
Jun 12 15:57:20 ubuntu kernel: [    0.012707] ACPI: Added _OSI(Module Device)
Jun 12 15:57:20 ubuntu kernel: [    0.012708] ACPI: Added _OSI(Processor Device)
Jun 12 15:57:20 ubuntu kernel: [    0.012708] ACPI: Added _OSI(3.0 _SCP Extensions)
Jun 12 15:57:20 ubuntu kernel: [    0.012708] ACPI: Added _OSI(Processor Aggregator Device)
Jun 12 15:57:20 ubuntu kernel: [    0.012928] ACPI: 1 ACPI AML tables successfully acquired and loaded
Jun 12 15:57:20 ubuntu kernel: [    0.013079] ACPI: Interpreter enabled
Jun 12 15:57:20 ubuntu kernel: [    0.013080] ACPI: Using GIC for interrupt routing
Jun 12 15:57:20 ubuntu kernel: [    0.013105] ACPI: MCFG table detected, 1 entries
Jun 12 15:57:20 ubuntu kernel: [    0.013968] ACPI: PCI Root Bridge [PCI0] (domain 0000 [bus 00])
Jun 12 15:57:20 ubuntu kernel: [    0.013971] acpi PNP0A08:00: _OSC: OS supports [ExtendedConfig ASPM ClockPM Segments MSI EDR HPX-Type3]
Jun 12 15:57:20 ubuntu kernel: [    0.013973] acpi PNP0A08:00: _OSC: OS requested [PCIeHotplug SHPCHotplug PME AER PCIeCapability LTR DPC]
Jun 12 15:57:20 ubuntu kernel: [    0.013974] acpi PNP0A08:00: _OSC: platform willing to grant [PCIeHotplug SHPCHotplug PME AER PCIeCapability LTR DPC]
Jun 12 15:57:20 ubuntu kernel: [    0.013975] acpi PNP0A08:00: _OSC: platform retains control of PCIe features (AE_NOT_FOUND)
Jun 12 15:57:20 ubuntu kernel: [    0.014052] acpi PNP0A08:00: [Firmware Bug]: ECAM area [mem 0x02300000-0x023fffff] not reserved in ACPI namespace
Jun 12 15:57:20 ubuntu kernel: [    0.014058] acpi PNP0A08:00: ECAM at [mem 0x02300000-0x023fffff] for [bus 00]
Jun 12 15:57:20 ubuntu kernel: [    0.014071] ACPI: Remapped I/O 0x0000000002400000 to [io  0x0000-0xfffff window]
Jun 12 15:57:20 ubuntu kernel: [    0.014084] PCI host bridge to bus 0000:00
Jun 12 15:57:20 ubuntu kernel: [    0.014085] pci_bus 0000:00: root bus resource [io  0x0000-0xfffff window] (bus address [0x2400000-0x24fffff])
Jun 12 15:57:20 ubuntu kernel: [    0.014086] pci_bus 0000:00: root bus resource [mem 0x10000000-0x1fffffff window]
Jun 12 15:57:20 ubuntu kernel: [    0.014086] pci_bus 0000:00: root bus resource [bus 00]
Jun 12 15:57:20 ubuntu kernel: [    0.014102] pci 0000:00:01.0: [8086:293e] type 00 class 0x040300
Jun 12 15:57:20 ubuntu kernel: [    0.014118] pci 0000:00:01.0: reg 0x10: [mem 0x14004000-0x14007fff]
Jun 12 15:57:20 ubuntu kernel: [    0.014209] pci 0000:00:02.0: [8086:265c] type 00 class 0x0c0320
Jun 12 15:57:20 ubuntu kernel: [    0.014229] pci 0000:00:02.0: reg 0x10: [mem 0x1400d000-0x1400d3ff]
Jun 12 15:57:20 ubuntu kernel: [    0.014320] pci 0000:00:03.0: [1033:0194] type 00 class 0x0c0330
Jun 12 15:57:20 ubuntu kernel: [    0.014330] pci 0000:00:03.0: reg 0x10: [mem 0x1400c000-0x1400cfff]
Jun 12 15:57:20 ubuntu kernel: [    0.014391] pci 0000:00:05.0: [1af4:1000] type 00 class 0x020000
Jun 12 15:57:20 ubuntu kernel: [    0.014408] pci 0000:00:05.0: reg 0x10: [mem 0x1400b000-0x1400bfff]
Jun 12 15:57:20 ubuntu kernel: [    0.014418] pci 0000:00:05.0: reg 0x14: [mem 0x1400a000-0x1400afff]
Jun 12 15:57:20 ubuntu kernel: [    0.014536] pci 0000:00:09.0: [1ab8:4000] type 00 class 0xff0000
Jun 12 15:57:20 ubuntu kernel: [    0.014549] pci 0000:00:09.0: reg 0x10: [mem 0x14009000-0x14009fff]
Jun 12 15:57:20 ubuntu kernel: [    0.014616] pci 0000:00:0a.0: [1af4:1050] type 00 class 0x030000
Jun 12 15:57:20 ubuntu kernel: [    0.014731] pci 0000:00:0a.0: reg 0x10: [mem 0x10000000-0x13ffffff pref]
Jun 12 15:57:20 ubuntu kernel: [    0.014744] pci 0000:00:0a.0: reg 0x14: [mem 0x14008000-0x14008fff]
Jun 12 15:57:20 ubuntu kernel: [    0.014794] pci 0000:00:0a.0: reg 0x20: [mem 0x14000000-0x14003fff]
Jun 12 15:57:20 ubuntu kernel: [    0.014822] pci 0000:00:0a.0: BAR 0: assigned to efifb
Jun 12 15:57:20 ubuntu kernel: [    0.014890] pci 0000:00:0a.0: BAR 0: assigned [mem 0x10000000-0x13ffffff pref]
Jun 12 15:57:20 ubuntu kernel: [    0.014898] pci 0000:00:01.0: BAR 0: assigned [mem 0x14000000-0x14003fff]
Jun 12 15:57:20 ubuntu kernel: [    0.014900] pci 0000:00:0a.0: BAR 4: assigned [mem 0x14004000-0x14007fff]
Jun 12 15:57:20 ubuntu kernel: [    0.014907] pci 0000:00:03.0: BAR 0: assigned [mem 0x14008000-0x14008fff]
Jun 12 15:57:20 ubuntu kernel: [    0.014909] pci 0000:00:05.0: BAR 0: assigned [mem 0x14009000-0x14009fff]
Jun 12 15:57:20 ubuntu kernel: [    0.014914] pci 0000:00:05.0: BAR 1: assigned [mem 0x1400a000-0x1400afff]
Jun 12 15:57:20 ubuntu kernel: [    0.014920] pci 0000:00:09.0: BAR 0: assigned [mem 0x1400b000-0x1400bfff]
Jun 12 15:57:20 ubuntu kernel: [    0.014922] pci 0000:00:0a.0: BAR 1: assigned [mem 0x1400c000-0x1400cfff]
Jun 12 15:57:20 ubuntu kernel: [    0.014931] pci 0000:00:02.0: BAR 0: assigned [mem 0x1400d000-0x1400d3ff]
Jun 12 15:57:20 ubuntu kernel: [    0.014936] pci_bus 0000:00: resource 4 [io  0x0000-0xfffff window]
Jun 12 15:57:20 ubuntu kernel: [    0.014936] pci_bus 0000:00: resource 5 [mem 0x10000000-0x1fffffff window]
Jun 12 15:57:20 ubuntu kernel: [    0.015415] iommu: Default domain type: Translated
Jun 12 15:57:20 ubuntu kernel: [    0.015416] iommu: DMA domain TLB invalidation policy: strict mode
Jun 12 15:57:20 ubuntu kernel: [    0.015541] SCSI subsystem initialized
Jun 12 15:57:20 ubuntu kernel: [    0.015645] libata version 3.00 loaded.
Jun 12 15:57:20 ubuntu kernel: [    0.015662] ACPI: bus type USB registered
Jun 12 15:57:20 ubuntu kernel: [    0.015671] usbcore: registered new interface driver usbfs
Jun 12 15:57:20 ubuntu kernel: [    0.015675] usbcore: registered new interface driver hub
Jun 12 15:57:20 ubuntu kernel: [    0.015677] usbcore: registered new device driver usb
Jun 12 15:57:20 ubuntu kernel: [    0.015702] pps_core: LinuxPPS API ver. 1 registered
Jun 12 15:57:20 ubuntu kernel: [    0.015702] pps_core: Software ver. 5.3.6 - Copyright 2005-2007 Rodolfo Giometti <giometti@linux.it>
Jun 12 15:57:20 ubuntu kernel: [    0.015705] PTP clock support registered
Jun 12 15:57:20 ubuntu kernel: [    0.015793] EDAC MC: Ver: 3.0.0
Jun 12 15:57:20 ubuntu kernel: [    0.015883] scmi_core: SCMI protocol bus registered
Jun 12 15:57:20 ubuntu kernel: [    0.015942] efivars: Registered efivars operations
Jun 12 15:57:20 ubuntu kernel: [    0.016158] NetLabel: Initializing
Jun 12 15:57:20 ubuntu kernel: [    0.016158] NetLabel:  domain hash size = 128
Jun 12 15:57:20 ubuntu kernel: [    0.016158] NetLabel:  protocols = UNLABELED CIPSOv4 CALIPSO
Jun 12 15:57:20 ubuntu kernel: [    0.016165] NetLabel:  unlabeled traffic allowed by default
Jun 12 15:57:20 ubuntu kernel: [    0.016222] mctp: management component transport protocol core
Jun 12 15:57:20 ubuntu kernel: [    0.016223] NET: Registered PF_MCTP protocol family
Jun 12 15:57:20 ubuntu kernel: [    0.016263] pci 0000:00:0a.0: vgaarb: setting as boot VGA device
Jun 12 15:57:20 ubuntu kernel: [    0.016264] pci 0000:00:0a.0: vgaarb: bridge control possible
Jun 12 15:57:20 ubuntu kernel: [    0.016264] pci 0000:00:0a.0: vgaarb: VGA device added: decodes=io+mem,owns=io+mem,locks=none
Jun 12 15:57:20 ubuntu kernel: [    0.016265] vgaarb: loaded
Jun 12 15:57:20 ubuntu kernel: [    0.016353] clocksource: Switched to clocksource arch_sys_counter
Jun 12 15:57:20 ubuntu kernel: [    0.026139] VFS: Disk quotas dquot_6.6.0
Jun 12 15:57:20 ubuntu kernel: [    0.026154] VFS: Dquot-cache hash table entries: 512 (order 0, 4096 bytes)
Jun 12 15:57:20 ubuntu kernel: [    0.026265] AppArmor: AppArmor Filesystem Enabled
Jun 12 15:57:20 ubuntu kernel: [    0.026275] pnp: PnP ACPI init
Jun 12 15:57:20 ubuntu kernel: [    0.026365] pnp: PnP ACPI: found 0 devices
Jun 12 15:57:20 ubuntu kernel: [    0.028867] NET: Registered PF_INET protocol family
Jun 12 15:57:20 ubuntu kernel: [    0.029062] IP idents hash table entries: 65536 (order: 7, 524288 bytes, linear)
Jun 12 15:57:20 ubuntu kernel: [    0.029802] tcp_listen_portaddr_hash hash table entries: 2048 (order: 3, 32768 bytes, linear)
Jun 12 15:57:20 ubuntu kernel: [    0.029880] Table-perturb hash table entries: 65536 (order: 6, 262144 bytes, linear)
Jun 12 15:57:20 ubuntu kernel: [    0.029953] TCP established hash table entries: 32768 (order: 6, 262144 bytes, linear)
Jun 12 15:57:20 ubuntu kernel: [    0.030261] TCP bind hash table entries: 32768 (order: 8, 1048576 bytes, linear)
Jun 12 15:57:20 ubuntu kernel: [    0.030290] TCP: Hash tables configured (established 32768 bind 32768)
Jun 12 15:57:20 ubuntu kernel: [    0.030417] MPTCP token hash table entries: 4096 (order: 4, 98304 bytes, linear)
Jun 12 15:57:20 ubuntu kernel: [    0.030447] UDP hash table entries: 2048 (order: 4, 65536 bytes, linear)
Jun 12 15:57:20 ubuntu kernel: [    0.030468] UDP-Lite hash table entries: 2048 (order: 4, 65536 bytes, linear)
Jun 12 15:57:20 ubuntu kernel: [    0.030507] NET: Registered PF_UNIX/PF_LOCAL protocol family
Jun 12 15:57:20 ubuntu kernel: [    0.030511] NET: Registered PF_XDP protocol family
Jun 12 15:57:20 ubuntu kernel: [    0.030539] pci 0000:00:03.0: enabling device (0010 -> 0012)
Jun 12 15:57:20 ubuntu kernel: [    0.030557] PCI: CLS 0 bytes, default 64
Jun 12 15:57:20 ubuntu kernel: [    0.030596] Trying to unpack rootfs image as initramfs...
Jun 12 15:57:20 ubuntu kernel: [    0.032404] kvm [1]: HYP mode not available
Jun 12 15:57:20 ubuntu kernel: [    0.032542] Initialise system trusted keyrings
Jun 12 15:57:20 ubuntu kernel: [    0.032548] Key type blacklist registered
Jun 12 15:57:20 ubuntu kernel: [    0.032570] workingset: timestamp_bits=40 max_order=20 bucket_order=0
Jun 12 15:57:20 ubuntu kernel: [    0.032589] zbud: loaded
Jun 12 15:57:20 ubuntu kernel: [    0.033588] squashfs: version 4.0 (2009/01/31) Phillip Lougher
Jun 12 15:57:20 ubuntu kernel: [    0.033923] fuse: init (API version 7.38)
Jun 12 15:57:20 ubuntu kernel: [    0.034018] integrity: Platform Keyring initialized
Jun 12 15:57:20 ubuntu kernel: [    0.034028] integrity: Machine keyring initialized
Jun 12 15:57:20 ubuntu kernel: [    0.037174] Key type asymmetric registered
Jun 12 15:57:20 ubuntu kernel: [    0.037174] Asymmetric key parser 'x509' registered
Jun 12 15:57:20 ubuntu kernel: [    0.037194] Block layer SCSI generic (bsg) driver version 0.4 loaded (major 242)
Jun 12 15:57:20 ubuntu kernel: [    0.037223] io scheduler mq-deadline registered
Jun 12 15:57:20 ubuntu kernel: [    0.037599] shpchp: Standard Hot Plug PCI Controller Driver version: 0.4
Jun 12 15:57:20 ubuntu kernel: [    0.037823] ACPI: AC: AC Adapter [ADP0] (off-line)
Jun 12 15:57:20 ubuntu kernel: [    0.037844] input: Power Button as /devices/LNXSYSTM:00/LNXSYBUS:00/PNP0C0C:00/input/input0
Jun 12 15:57:20 ubuntu kernel: [    0.037857] ACPI: button: Power Button [PWRB]
Jun 12 15:57:20 ubuntu kernel: [    0.037946] ACPI GTDT: Revision:1 doesn't support Platform Timers.
Jun 12 15:57:20 ubuntu kernel: [    0.038635] virtio-pci 0000:00:05.0: virtio_pci: leaving for legacy driver
Jun 12 15:57:20 ubuntu kernel: [    0.039104] Serial: 8250/16550 driver, 32 ports, IRQ sharing enabled
Jun 12 15:57:20 ubuntu kernel: [    0.040027] SuperH (H)SCI(F) driver initialized
Jun 12 15:57:20 ubuntu kernel: [    0.040050] msm_serial: driver initialized
Jun 12 15:57:20 ubuntu kernel: [    0.040282] ACPI: battery: Slot [BAT0] (battery present)
Jun 12 15:57:20 ubuntu kernel: [    0.041631] loop: module loaded
Jun 12 15:57:20 ubuntu kernel: [    0.042042] tun: Universal TUN/TAP device driver, 1.6
Jun 12 15:57:20 ubuntu kernel: [    0.042449] PPP generic driver version 2.4.2
Jun 12 15:57:20 ubuntu kernel: [    0.042567] ehci-pci 0000:00:02.0: EHCI Host Controller
Jun 12 15:57:20 ubuntu kernel: [    0.042571] ehci-pci 0000:00:02.0: new USB bus registered, assigned bus number 1
Jun 12 15:57:20 ubuntu kernel: [    0.042579] mousedev: PS/2 mouse device common for all mice
Jun 12 15:57:20 ubuntu kernel: [    0.042629] ehci-pci 0000:00:02.0: Enabling legacy PCI PM
Jun 12 15:57:20 ubuntu kernel: [    0.042671] ehci-pci 0000:00:02.0: irq 21, io mem 0x1400d000
Jun 12 15:57:20 ubuntu kernel: [    0.042853] rtc-efi rtc-efi.0: registered as rtc0
Jun 12 15:57:20 ubuntu kernel: [    0.042880] rtc-efi rtc-efi.0: setting system clock to 2024-06-12T15:57:09 UTC (1718207829)
Jun 12 15:57:20 ubuntu kernel: [    0.042910] i2c_dev: i2c /dev entries driver
Jun 12 15:57:20 ubuntu kernel: [    0.042986] device-mapper: core: CONFIG_IMA_DISABLE_HTABLE is disabled. Duplicate IMA measurements will not be recorded in the IMA log.
Jun 12 15:57:20 ubuntu kernel: [    0.042998] device-mapper: uevent: version 1.0.3
Jun 12 15:57:20 ubuntu kernel: [    0.043026] device-mapper: ioctl: 4.48.0-ioctl (2023-03-01) initialised: dm-devel@redhat.com
Jun 12 15:57:20 ubuntu kernel: [    0.043130] ledtrig-cpu: registered to indicate activity on CPUs
Jun 12 15:57:20 ubuntu kernel: [    0.043240] No ACPI PMU IRQ for CPU0
Jun 12 15:57:20 ubuntu kernel: [    0.043241] No ACPI PMU IRQ for CPU1
Jun 12 15:57:20 ubuntu kernel: [    0.043287] drop_monitor: Initializing network drop monitor service
Jun 12 15:57:20 ubuntu kernel: [    0.052404] NET: Registered PF_INET6 protocol family
Jun 12 15:57:20 ubuntu kernel: [    0.060383] ehci-pci 0000:00:02.0: USB 2.0 started, EHCI 1.00
Jun 12 15:57:20 ubuntu kernel: [    0.060412] usb usb1: New USB device found, idVendor=1d6b, idProduct=0002, bcdDevice= 6.05
Jun 12 15:57:20 ubuntu kernel: [    0.060414] usb usb1: New USB device strings: Mfr=3, Product=2, SerialNumber=1
Jun 12 15:57:20 ubuntu kernel: [    0.060414] usb usb1: Product: EHCI Host Controller
Jun 12 15:57:20 ubuntu kernel: [    0.060415] usb usb1: Manufacturer: Linux 6.5.0-41-generic ehci_hcd
Jun 12 15:57:20 ubuntu kernel: [    0.060415] usb usb1: SerialNumber: 0000:00:02.0
Jun 12 15:57:20 ubuntu kernel: [    0.060605] hub 1-0:1.0: USB hub found
Jun 12 15:57:20 ubuntu kernel: [    0.060612] hub 1-0:1.0: 15 ports detected
Jun 12 15:57:20 ubuntu kernel: [    0.509058] Freeing initrd memory: 132796K
Jun 12 15:57:20 ubuntu kernel: [    0.512871] Segment Routing with IPv6
Jun 12 15:57:20 ubuntu kernel: [    0.512893] In-situ OAM (IOAM) with IPv6
Jun 12 15:57:20 ubuntu kernel: [    0.512920] NET: Registered PF_PACKET protocol family
Jun 12 15:57:20 ubuntu kernel: [    0.512984] Key type dns_resolver registered
Jun 12 15:57:20 ubuntu kernel: [    0.513689] registered taskstats version 1
Jun 12 15:57:20 ubuntu kernel: [    0.513811] Loading compiled-in X.509 certificates
Jun 12 15:57:20 ubuntu kernel: [    0.514142] Loaded X.509 cert 'Build time autogenerated kernel key: 951537c0248d43aea89ac197d037e00728922a32'
Jun 12 15:57:20 ubuntu kernel: [    0.514385] Loaded X.509 cert 'Canonical Ltd. Live Patch Signing: 14df34d1a87cf37625abec039ef2bf521249b969'
Jun 12 15:57:20 ubuntu kernel: [    0.514625] Loaded X.509 cert 'Canonical Ltd. Kernel Module Signing: 88f752e560a1e0737e31163a466ad7b70a850c19'
Jun 12 15:57:20 ubuntu kernel: [    0.514626] blacklist: Loading compiled-in revocation X.509 certificates
Jun 12 15:57:20 ubuntu kernel: [    0.514634] Loaded X.509 cert 'Canonical Ltd. Secure Boot Signing: 61482aa2830d0ab2ad5af10b7250da9033ddcef0'
Jun 12 15:57:20 ubuntu kernel: [    0.514643] Loaded X.509 cert 'Canonical Ltd. Secure Boot Signing (2017): 242ade75ac4a15e50d50c84b0d45ff3eae707a03'
Jun 12 15:57:20 ubuntu kernel: [    0.514650] Loaded X.509 cert 'Canonical Ltd. Secure Boot Signing (ESM 2018): 365188c1d374d6b07c3c8f240f8ef722433d6a8b'
Jun 12 15:57:20 ubuntu kernel: [    0.514657] Loaded X.509 cert 'Canonical Ltd. Secure Boot Signing (2019): c0746fd6c5da3ae827864651ad66ae47fe24b3e8'
Jun 12 15:57:20 ubuntu kernel: [    0.514664] Loaded X.509 cert 'Canonical Ltd. Secure Boot Signing (2021 v1): a8d54bbb3825cfb94fa13c9f8a594a195c107b8d'
Jun 12 15:57:20 ubuntu kernel: [    0.514675] Loaded X.509 cert 'Canonical Ltd. Secure Boot Signing (2021 v2): 4cf046892d6fd3c9a5b03f98d845f90851dc6a8c'
Jun 12 15:57:20 ubuntu kernel: [    0.514690] Loaded X.509 cert 'Canonical Ltd. Secure Boot Signing (2021 v3): 100437bb6de6e469b581e61cd66bce3ef4ed53af'
Jun 12 15:57:20 ubuntu kernel: [    0.514702] Loaded X.509 cert 'Canonical Ltd. Secure Boot Signing (Ubuntu Core 2019): c1d57b8f6b743f23ee41f4f7ee292f06eecadfb9'
Jun 12 15:57:20 ubuntu kernel: [    0.515612] Key type .fscrypt registered
Jun 12 15:57:20 ubuntu kernel: [    0.515613] Key type fscrypt-provisioning registered
Jun 12 15:57:20 ubuntu kernel: [    0.518752] Key type encrypted registered
Jun 12 15:57:20 ubuntu kernel: [    0.518754] AppArmor: AppArmor sha1 policy hashing enabled
Jun 12 15:57:20 ubuntu kernel: [    0.518868] ima: secureboot mode disabled
Jun 12 15:57:20 ubuntu kernel: [    0.518870] ima: No TPM chip found, activating TPM-bypass!
Jun 12 15:57:20 ubuntu kernel: [    0.518875] Loading compiled-in module X.509 certificates
Jun 12 15:57:20 ubuntu kernel: [    0.519119] Loaded X.509 cert 'Build time autogenerated kernel key: 951537c0248d43aea89ac197d037e00728922a32'
Jun 12 15:57:20 ubuntu kernel: [    0.519120] ima: Allocated hash algorithm: sha1
Jun 12 15:57:20 ubuntu kernel: [    0.519129] ima: No architecture policies found
Jun 12 15:57:20 ubuntu kernel: [    0.519135] evm: Initialising EVM extended attributes:
Jun 12 15:57:20 ubuntu kernel: [    0.519136] evm: security.selinux
Jun 12 15:57:20 ubuntu kernel: [    0.519136] evm: security.SMACK64
Jun 12 15:57:20 ubuntu kernel: [    0.519136] evm: security.SMACK64EXEC
Jun 12 15:57:20 ubuntu kernel: [    0.519137] evm: security.SMACK64TRANSMUTE
Jun 12 15:57:20 ubuntu kernel: [    0.519137] evm: security.SMACK64MMAP
Jun 12 15:57:20 ubuntu kernel: [    0.519137] evm: security.apparmor
Jun 12 15:57:20 ubuntu kernel: [    0.519138] evm: security.ima
Jun 12 15:57:20 ubuntu kernel: [    0.519138] evm: security.capability
Jun 12 15:57:20 ubuntu kernel: [    0.519138] evm: HMAC attrs: 0x1
Jun 12 15:57:20 ubuntu kernel: [    0.520792] clk: Disabling unused clocks
Jun 12 15:57:20 ubuntu kernel: [    0.521924] Freeing unused kernel memory: 11712K
Jun 12 15:57:20 ubuntu kernel: [    0.533280] Checked W+X mappings: passed, no W+X pages found
Jun 12 15:57:20 ubuntu kernel: [    0.533287] Run /init as init process
Jun 12 15:57:20 ubuntu kernel: [    0.533288]   with arguments:
Jun 12 15:57:20 ubuntu kernel: [    0.533289]     /init
Jun 12 15:57:20 ubuntu kernel: [    0.533289]     -
Jun 12 15:57:20 ubuntu kernel: [    0.533290]     automatic-ubiquity
Jun 12 15:57:20 ubuntu kernel: [    0.533290]     splash
Jun 12 15:57:20 ubuntu kernel: [    0.533290]     noprompt
Jun 12 15:57:20 ubuntu kernel: [    0.533291]     noshell
Jun 12 15:57:20 ubuntu kernel: [    0.533291]     ---
Jun 12 15:57:20 ubuntu kernel: [    0.533291]   with environment:
Jun 12 15:57:20 ubuntu kernel: [    0.533291]     HOME=/
Jun 12 15:57:20 ubuntu kernel: [    0.533292]     TERM=linux
Jun 12 15:57:20 ubuntu kernel: [    0.533292]     BOOT_IMAGE=/casper/vmlinuz
Jun 12 15:57:20 ubuntu kernel: [    0.533292]     file=/cdrom/preseed.cfg
Jun 12 15:57:20 ubuntu kernel: [    0.533293]     boot=casper
Jun 12 15:57:20 ubuntu kernel: [    0.533293]     auto=true
Jun 12 15:57:20 ubuntu kernel: [    0.533293]     priority=critical
Jun 12 15:57:20 ubuntu kernel: [    0.617840] ahci PRL4010:00: supply ahci not found, using dummy regulator
Jun 12 15:57:20 ubuntu kernel: [    0.617856] ahci PRL4010:00: supply phy not found, using dummy regulator
Jun 12 15:57:20 ubuntu kernel: [    0.617873] ahci PRL4010:00: supply target not found, using dummy regulator
Jun 12 15:57:20 ubuntu kernel: [    0.617925] ahci PRL4010:00: SSS flag set, parallel bus scan disabled
Jun 12 15:57:20 ubuntu kernel: [    0.618000] ahci PRL4010:00: AHCI 0001.0100 32 slots 6 ports 3 Gbps 0x3f impl platform mode
Jun 12 15:57:20 ubuntu kernel: [    0.618001] ahci PRL4010:00: flags: 64bit ncq stag pm led only slum part 
Jun 12 15:57:20 ubuntu kernel: [    0.622112] scsi host0: ahci
Jun 12 15:57:20 ubuntu kernel: [    0.622161] xhci_hcd 0000:00:03.0: xHCI Host Controller
Jun 12 15:57:20 ubuntu kernel: [    0.622164] xhci_hcd 0000:00:03.0: new USB bus registered, assigned bus number 2
Jun 12 15:57:20 ubuntu kernel: [    0.622421] xhci_hcd 0000:00:03.0: hcc params 0x01c15001 hci version 0x110 quirks 0x0000000000000014
Jun 12 15:57:20 ubuntu kernel: [    0.622549] xhci_hcd 0000:00:03.0: xHCI Host Controller
Jun 12 15:57:20 ubuntu kernel: [    0.622551] xhci_hcd 0000:00:03.0: new USB bus registered, assigned bus number 3
Jun 12 15:57:20 ubuntu kernel: [    0.622552] xhci_hcd 0000:00:03.0: Host supports USB 3.1 Enhanced SuperSpeed
Jun 12 15:57:20 ubuntu kernel: [    0.622599] usb usb2: New USB device found, idVendor=1d6b, idProduct=0002, bcdDevice= 6.05
Jun 12 15:57:20 ubuntu kernel: [    0.622601] usb usb2: New USB device strings: Mfr=3, Product=2, SerialNumber=1
Jun 12 15:57:20 ubuntu kernel: [    0.622602] usb usb2: Product: xHCI Host Controller
Jun 12 15:57:20 ubuntu kernel: [    0.622602] usb usb2: Manufacturer: Linux 6.5.0-41-generic xhci-hcd
Jun 12 15:57:20 ubuntu kernel: [    0.622603] usb usb2: SerialNumber: 0000:00:03.0
Jun 12 15:57:20 ubuntu kernel: [    0.623109] hub 2-0:1.0: USB hub found
Jun 12 15:57:20 ubuntu kernel: [    0.623116] hub 2-0:1.0: 2 ports detected
Jun 12 15:57:20 ubuntu kernel: [    0.623247] usb usb3: We don't know the algorithms for LPM for this host, disabling LPM.
Jun 12 15:57:20 ubuntu kernel: [    0.623259] usb usb3: New USB device found, idVendor=1d6b, idProduct=0003, bcdDevice= 6.05
Jun 12 15:57:20 ubuntu kernel: [    0.623260] usb usb3: New USB device strings: Mfr=3, Product=2, SerialNumber=1
Jun 12 15:57:20 ubuntu kernel: [    0.623261] usb usb3: Product: xHCI Host Controller
Jun 12 15:57:20 ubuntu kernel: [    0.623262] usb usb3: Manufacturer: Linux 6.5.0-41-generic xhci-hcd
Jun 12 15:57:20 ubuntu kernel: [    0.623262] usb usb3: SerialNumber: 0000:00:03.0
Jun 12 15:57:20 ubuntu kernel: [    0.624087] hub 3-0:1.0: USB hub found
Jun 12 15:57:20 ubuntu kernel: [    0.624099] hub 3-0:1.0: 12 ports detected
Jun 12 15:57:20 ubuntu kernel: [    0.626905] ACPI: bus type drm_connector registered
Jun 12 15:57:20 ubuntu kernel: [    0.628445] scsi host1: ahci
Jun 12 15:57:20 ubuntu kernel: [    0.628473] virtio_net virtio1 enp0s5: renamed from eth0
Jun 12 15:57:20 ubuntu kernel: [    0.630448] [drm] pci: virtio-vga detected at 0000:00:0a.0
Jun 12 15:57:20 ubuntu kernel: [    0.630486] [drm] features: +virgl -edid -resource_blob -host_visible
Jun 12 15:57:20 ubuntu kernel: [    0.630487] [drm] features: -context_init
Jun 12 15:57:20 ubuntu kernel: [    0.630625] [drm] number of scanouts: 16
Jun 12 15:57:20 ubuntu kernel: [    0.630627] [drm] number of cap sets: 1
Jun 12 15:57:20 ubuntu kernel: [    0.630727] [drm] cap set 0: id 2, max-version 2, max-size 768
Jun 12 15:57:20 ubuntu kernel: [    0.630750] scsi host2: ahci
Jun 12 15:57:20 ubuntu kernel: [    0.631294] [drm] Initialized virtio_gpu 0.1.0 0 for 0000:00:0a.0 on minor 0
Jun 12 15:57:20 ubuntu kernel: [    0.633270] fbcon: Deferring console take-over
Jun 12 15:57:20 ubuntu kernel: [    0.633271] virtio-pci 0000:00:0a.0: [drm] fb0: virtio_gpudrmfb frame buffer device
Jun 12 15:57:20 ubuntu kernel: [    0.634363] scsi host3: ahci
Jun 12 15:57:20 ubuntu kernel: [    0.634445] scsi host4: ahci
Jun 12 15:57:20 ubuntu kernel: [    0.634501] scsi host5: ahci
Jun 12 15:57:20 ubuntu kernel: [    0.634522] ata1: SATA max UDMA/133 mmio [mem 0x02140000-0x02141fff] port 0x100 irq 15
Jun 12 15:57:20 ubuntu kernel: [    0.634523] ata2: SATA max UDMA/133 mmio [mem 0x02140000-0x02141fff] port 0x180 irq 15
Jun 12 15:57:20 ubuntu kernel: [    0.634525] ata3: SATA max UDMA/133 mmio [mem 0x02140000-0x02141fff] port 0x200 irq 15
Jun 12 15:57:20 ubuntu kernel: [    0.634526] ata4: SATA max UDMA/133 mmio [mem 0x02140000-0x02141fff] port 0x280 irq 15
Jun 12 15:57:20 ubuntu kernel: [    0.634527] ata5: SATA max UDMA/133 mmio [mem 0x02140000-0x02141fff] port 0x300 irq 15
Jun 12 15:57:20 ubuntu kernel: [    0.634529] ata6: SATA max UDMA/133 mmio [mem 0x02140000-0x02141fff] port 0x380 irq 15
Jun 12 15:57:20 ubuntu kernel: [    0.950553] ata1: SATA link up 1.5 Gbps (SStatus 113 SControl 300)
Jun 12 15:57:20 ubuntu kernel: [    0.950833] ata1.00: ATA-8: elrond-0 SSD, F.A3NZ64, max UDMA/100
Jun 12 15:57:20 ubuntu kernel: [    0.950844] ata1.00: 134217728 sectors, multi 0: LBA48 NCQ (depth 32)
Jun 12 15:57:20 ubuntu kernel: [    0.950994] ata1.00: configured for UDMA/100
Jun 12 15:57:20 ubuntu kernel: [    0.951531] scsi 0:0:0:0: Direct-Access     ATA      elrond-0 SSD     NZ64 PQ: 0 ANSI: 5
Jun 12 15:57:20 ubuntu kernel: [    0.952008] sd 0:0:0:0: Attached scsi generic sg0 type 0
Jun 12 15:57:20 ubuntu kernel: [    0.952040] sd 0:0:0:0: [sda] 134217728 512-byte logical blocks: (68.7 GB/64.0 GiB)
Jun 12 15:57:20 ubuntu kernel: [    0.952044] sd 0:0:0:0: [sda] 4096-byte physical blocks
Jun 12 15:57:20 ubuntu kernel: [    0.952062] sd 0:0:0:0: [sda] Write Protect is off
Jun 12 15:57:20 ubuntu kernel: [    0.952066] sd 0:0:0:0: [sda] Mode Sense: 00 3a 00 00
Jun 12 15:57:20 ubuntu kernel: [    0.952083] sd 0:0:0:0: [sda] Write cache: enabled, read cache: enabled, doesn't support DPO or FUA
Jun 12 15:57:20 ubuntu kernel: [    0.952112] sd 0:0:0:0: [sda] Preferred minimum I/O size 4096 bytes
Jun 12 15:57:20 ubuntu kernel: [    0.953396] sd 0:0:0:0: [sda] Attached SCSI disk
Jun 12 15:57:20 ubuntu kernel: [    0.961788] usb 3-1: new SuperSpeed USB device number 2 using xhci_hcd
Jun 12 15:57:20 ubuntu kernel: [    0.981880] usb 3-1: LPM exit latency is zeroed, disabling LPM.
Jun 12 15:57:20 ubuntu kernel: [    0.982910] usb 3-1: New USB device found, idVendor=203a, idProduct=fffc, bcdDevice= 1.00
Jun 12 15:57:20 ubuntu kernel: [    0.982923] usb 3-1: New USB device strings: Mfr=1, Product=2, SerialNumber=3
Jun 12 15:57:20 ubuntu kernel: [    0.982927] usb 3-1: Product: Virtual Mouse
Jun 12 15:57:20 ubuntu kernel: [    0.982931] usb 3-1: Manufacturer: Parallels
Jun 12 15:57:20 ubuntu kernel: [    0.982934] usb 3-1: SerialNumber: PW3.0
Jun 12 15:57:20 ubuntu kernel: [    0.991266] hid: raw HID events driver (C) Jiri Kosina
Jun 12 15:57:20 ubuntu kernel: [    1.112656] usb 3-2: new SuperSpeed USB device number 3 using xhci_hcd
Jun 12 15:57:20 ubuntu kernel: [    1.132904] usb 3-2: LPM exit latency is zeroed, disabling LPM.
Jun 12 15:57:20 ubuntu kernel: [    1.133413] usb 3-2: New USB device found, idVendor=203a, idProduct=fffb, bcdDevice= 1.10
Jun 12 15:57:20 ubuntu kernel: [    1.133422] usb 3-2: New USB device strings: Mfr=1, Product=2, SerialNumber=3
Jun 12 15:57:20 ubuntu kernel: [    1.133425] usb 3-2: Product: Virtual Keyboard
Jun 12 15:57:20 ubuntu kernel: [    1.133427] usb 3-2: Manufacturer: Parallels
Jun 12 15:57:20 ubuntu kernel: [    1.133429] usb 3-2: SerialNumber: KBD1.1
Jun 12 15:57:20 ubuntu kernel: [    1.141368] usbcore: registered new interface driver usbhid
Jun 12 15:57:20 ubuntu kernel: [    1.141372] usbhid: USB HID core driver
Jun 12 15:57:20 ubuntu kernel: [    1.260837] usb 3-3: new SuperSpeed USB device number 4 using xhci_hcd
Jun 12 15:57:20 ubuntu kernel: [    1.265353] ata2: SATA link up 1.5 Gbps (SStatus 113 SControl 300)
Jun 12 15:57:20 ubuntu kernel: [    1.265555] ata2.00: ATAPI: Virtual DVD-ROM [1], FWR1, max UDMA/25
Jun 12 15:57:20 ubuntu kernel: [    1.265726] ata2.00: configured for UDMA/25
Jun 12 15:57:20 ubuntu kernel: [    1.266271] scsi 1:0:0:0: CD-ROM                     Virtual DVD-ROM  R103 PQ: 0 ANSI: 5
Jun 12 15:57:20 ubuntu kernel: [    1.280751] usb 3-3: LPM exit latency is zeroed, disabling LPM.
Jun 12 15:57:20 ubuntu kernel: [    1.281136] usb 3-3: New USB device found, idVendor=203a, idProduct=fff9, bcdDevice= 1.00
Jun 12 15:57:20 ubuntu kernel: [    1.281142] usb 3-3: New USB device strings: Mfr=1, Product=2, SerialNumber=3
Jun 12 15:57:20 ubuntu kernel: [    1.281145] usb 3-3: Product: FaceTime HD Camera
Jun 12 15:57:20 ubuntu kernel: [    1.281147] usb 3-3: Manufacturer: Parallels
Jun 12 15:57:20 ubuntu kernel: [    1.281149] usb 3-3: SerialNumber: 3F45E80A-0176-46F7-B185-BB9E2C0E82E3
Jun 12 15:57:20 ubuntu kernel: [    1.297363] sr 1:0:0:0: [sr0] scsi3-mmc drive: 44x/44x cd/rw xa/form2 cdda tray
Jun 12 15:57:20 ubuntu kernel: [    1.297382] cdrom: Uniform CD-ROM driver Revision: 3.20
Jun 12 15:57:20 ubuntu kernel: [    1.298332] sr 1:0:0:0: Attached scsi CD-ROM sr0
Jun 12 15:57:20 ubuntu kernel: [    1.298550] sr 1:0:0:0: Attached scsi generic sg1 type 5
Jun 12 15:57:20 ubuntu kernel: [    1.414355] usb 3-4: new SuperSpeed USB device number 5 using xhci_hcd
Jun 12 15:57:20 ubuntu kernel: [    1.435820] usb 3-4: LPM exit latency is zeroed, disabling LPM.
Jun 12 15:57:20 ubuntu kernel: [    1.436198] usb 3-4: New USB device found, idVendor=203a, idProduct=fff9, bcdDevice= 1.00
Jun 12 15:57:20 ubuntu kernel: [    1.436205] usb 3-4: New USB device strings: Mfr=1, Product=2, SerialNumber=3
Jun 12 15:57:20 ubuntu kernel: [    1.436208] usb 3-4: Product: iPhone 14 Camera
Jun 12 15:57:20 ubuntu kernel: [    1.436210] usb 3-4: Manufacturer: Parallels
Jun 12 15:57:20 ubuntu kernel: [    1.436212] usb 3-4: SerialNumber: 43E971E6-99A6-4C48-B0F1-998900000001
Jun 12 15:57:20 ubuntu kernel: [    1.612086] ata3: SATA link up 1.5 Gbps (SStatus 113 SControl 300)
Jun 12 15:57:20 ubuntu kernel: [    1.612284] ata3.00: ATA-8: elrond-1 SSD, F.V4W3X0, max UDMA/100
Jun 12 15:57:20 ubuntu kernel: [    1.612300] ata3.00: 134217728 sectors, multi 0: LBA48 NCQ (depth 32)
Jun 12 15:57:20 ubuntu kernel: [    1.612452] ata3.00: configured for UDMA/100
Jun 12 15:57:20 ubuntu kernel: [    1.612870] scsi 2:0:0:0: Direct-Access     ATA      elrond-1 SSD     W3X0 PQ: 0 ANSI: 5
Jun 12 15:57:20 ubuntu kernel: [    1.613422] sd 2:0:0:0: [sdb] 134217728 512-byte logical blocks: (68.7 GB/64.0 GiB)
Jun 12 15:57:20 ubuntu kernel: [    1.613426] sd 2:0:0:0: [sdb] 4096-byte physical blocks
Jun 12 15:57:20 ubuntu kernel: [    1.613438] sd 2:0:0:0: [sdb] Write Protect is off
Jun 12 15:57:20 ubuntu kernel: [    1.613442] sd 2:0:0:0: [sdb] Mode Sense: 00 3a 00 00
Jun 12 15:57:20 ubuntu kernel: [    1.613458] sd 2:0:0:0: [sdb] Write cache: enabled, read cache: enabled, doesn't support DPO or FUA
Jun 12 15:57:20 ubuntu kernel: [    1.613494] sd 2:0:0:0: [sdb] Preferred minimum I/O size 4096 bytes
Jun 12 15:57:20 ubuntu kernel: [    1.614225] sd 2:0:0:0: Attached scsi generic sg2 type 0
Jun 12 15:57:20 ubuntu kernel: [    1.614839] sd 2:0:0:0: [sdb] Attached SCSI disk
Jun 12 15:57:20 ubuntu kernel: [    1.924431] ata4: SATA link up 1.5 Gbps (SStatus 113 SControl 300)
Jun 12 15:57:20 ubuntu kernel: [    1.924660] ata4.00: ATAPI: Virtual DVD-ROM [3], FWR1, max UDMA/25
Jun 12 15:57:20 ubuntu kernel: [    1.924821] ata4.00: configured for UDMA/25
Jun 12 15:57:20 ubuntu kernel: [    1.925301] scsi 3:0:0:0: CD-ROM                     Virtual DVD-ROM  R103 PQ: 0 ANSI: 5
Jun 12 15:57:20 ubuntu kernel: [    1.957349] sr 3:0:0:0: [sr1] scsi3-mmc drive: 44x/44x cd/rw xa/form2 cdda tray
Jun 12 15:57:20 ubuntu kernel: [    1.958373] sr 3:0:0:0: Attached scsi CD-ROM sr1
Jun 12 15:57:20 ubuntu kernel: [    1.958525] sr 3:0:0:0: Attached scsi generic sg3 type 5
Jun 12 15:57:20 ubuntu kernel: [    2.272934] ata5: SATA link down (SStatus 0 SControl 300)
Jun 12 15:57:20 ubuntu kernel: [    2.588507] ata6: SATA link down (SStatus 0 SControl 300)
Jun 12 15:57:20 ubuntu kernel: [    2.597967] input: Parallels Virtual Mouse as /devices/pci0000:00/0000:00:03.0/usb3/3-1/3-1:1.0/0003:203A:FFFC.0001/input/input1
Jun 12 15:57:20 ubuntu kernel: [    2.598516] hid-generic 0003:203A:FFFC.0001: input,hidraw0: USB HID v1.10 Mouse [Parallels Virtual Mouse] on usb-0000:00:03.0-1/input0
Jun 12 15:57:20 ubuntu kernel: [    2.600345] input: Parallels Virtual Mouse as /devices/pci0000:00/0000:00:03.0/usb3/3-1/3-1:1.1/0003:203A:FFFC.0002/input/input2
Jun 12 15:57:20 ubuntu kernel: [    2.600839] hid-generic 0003:203A:FFFC.0002: input,hidraw1: USB HID v1.10 Mouse [Parallels Virtual Mouse] on usb-0000:00:03.0-1/input1
Jun 12 15:57:20 ubuntu kernel: [    2.601082] input: Parallels Virtual Keyboard as /devices/pci0000:00/0000:00:03.0/usb3/3-2/3-2:1.0/0003:203A:FFFB.0003/input/input3
Jun 12 15:57:20 ubuntu kernel: [    2.661426] hid-generic 0003:203A:FFFB.0003: input,hidraw2: USB HID v10.01 Keyboard [Parallels Virtual Keyboard] on usb-0000:00:03.0-2/input0
Jun 12 15:57:20 ubuntu kernel: [    2.661540] input: Parallels Virtual Keyboard as /devices/pci0000:00/0000:00:03.0/usb3/3-2/3-2:1.1/0003:203A:FFFB.0004/input/input4
Jun 12 15:57:20 ubuntu kernel: [    2.720785] hid-generic 0003:203A:FFFB.0004: input,hidraw3: USB HID v10.01 Keyboard [Parallels Virtual Keyboard] on usb-0000:00:03.0-2/input1
Jun 12 15:57:20 ubuntu kernel: [    2.830337] ISO 9660 Extensions: Microsoft Joliet Level 3
Jun 12 15:57:20 ubuntu kernel: [    2.830387] ISOFS: changing to secondary root
Jun 12 15:57:20 ubuntu kernel: [    2.854066] loop0: detected capacity change from 0 to 5515048
Jun 12 15:57:20 ubuntu kernel: [    2.856330] overlayfs: null uuid detected in lower fs '/', falling back to xino=off,index=off,nfs_export=off.
Jun 12 15:57:20 ubuntu kernel: [    6.717168] random: crng init done
Jun 12 15:57:20 ubuntu kernel: [    8.441469] systemd[1]: Inserted module 'autofs4'
Jun 12 15:57:20 ubuntu kernel: [    8.452822] systemd[1]: systemd 249.11-0ubuntu3.12 running in system mode (+PAM +AUDIT +SELINUX +APPARMOR +IMA +SMACK +SECCOMP +GCRYPT +GNUTLS +OPENSSL +ACL +BLKID +CURL +ELFUTILS +FIDO2 +IDN2 -IDN +IPTC +KMOD +LIBCRYPTSETUP +LIBFDISK +PCRE2 -PWQUALITY -P11KIT -QRENCODE +BZIP2 +LZ4 +XZ +ZLIB +ZSTD -XKBCOMMON +UTMP +SYSVINIT default-hierarchy=unified)
Jun 12 15:57:20 ubuntu kernel: [    8.452859] systemd[1]: Detected virtualization parallels.
Jun 12 15:57:20 ubuntu kernel: [    8.452861] systemd[1]: Detected architecture arm64.
Jun 12 15:57:20 ubuntu kernel: [    8.453794] systemd[1]: Initializing machine ID from random generator.
Jun 12 15:57:20 ubuntu kernel: [    8.466517] systemd[1]: memfd_create() called without MFD_EXEC or MFD_NOEXEC_SEAL set
Jun 12 15:57:20 ubuntu kernel: [    8.567592] systemd[1]: Queued start job for default target Graphical Interface.
Jun 12 15:57:20 ubuntu kernel: [    8.589031] systemd[1]: Created slice Slice /system/modprobe.
Jun 12 15:57:20 ubuntu kernel: [    8.589131] systemd[1]: Created slice User and Session Slice.
Jun 12 15:57:20 ubuntu kernel: [    8.589165] systemd[1]: Started Forward Password Requests to Wall Directory Watch.
Jun 12 15:57:20 ubuntu kernel: [    8.589284] systemd[1]: Set up automount Arbitrary Executable File Formats File System Automount Point.
Jun 12 15:57:20 ubuntu kernel: [    8.589313] systemd[1]: Reached target Remote File Systems.
Jun 12 15:57:20 ubuntu kernel: [    8.589319] systemd[1]: Reached target Slice Units.
Jun 12 15:57:20 ubuntu kernel: [    8.589330] systemd[1]: Reached target Swaps.
Jun 12 15:57:20 ubuntu kernel: [    8.589339] systemd[1]: Reached target Local Verity Protected Volumes.
Jun 12 15:57:20 ubuntu kernel: [    8.589379] systemd[1]: Listening on Device-mapper event daemon FIFOs.
Jun 12 15:57:20 ubuntu kernel: [    8.589950] systemd[1]: Listening on LVM2 poll daemon socket.
Jun 12 15:57:20 ubuntu kernel: [    8.590141] systemd[1]: Listening on Syslog Socket.
Jun 12 15:57:20 ubuntu kernel: [    8.590166] systemd[1]: Listening on initctl Compatibility Named Pipe.
Jun 12 15:57:20 ubuntu kernel: [    8.590445] systemd[1]: Listening on Journal Audit Socket.
Jun 12 15:57:20 ubuntu kernel: [    8.590482] systemd[1]: Listening on Journal Socket (/dev/log).
Jun 12 15:57:20 ubuntu kernel: [    8.590528] systemd[1]: Listening on Journal Socket.
Jun 12 15:57:20 ubuntu kernel: [    8.590995] systemd[1]: Listening on udev Control Socket.
Jun 12 15:57:20 ubuntu kernel: [    8.591033] systemd[1]: Listening on udev Kernel Socket.
Jun 12 15:57:20 ubuntu kernel: [    8.591415] systemd[1]: Mounting Huge Pages File System...
Jun 12 15:57:20 ubuntu kernel: [    8.591717] systemd[1]: Mounting POSIX Message Queue File System...
Jun 12 15:57:20 ubuntu kernel: [    8.592040] systemd[1]: Mounting Kernel Debug File System...
Jun 12 15:57:20 ubuntu kernel: [    8.592330] systemd[1]: Mounting Kernel Trace File System...
Jun 12 15:57:20 ubuntu kernel: [    8.592990] systemd[1]: Starting Journal Service...
Jun 12 15:57:20 ubuntu kernel: [    8.593064] systemd[1]: Finished Availability of block devices.
Jun 12 15:57:20 ubuntu kernel: [    8.593424] systemd[1]: Starting Set the console keyboard layout...
Jun 12 15:57:20 ubuntu kernel: [    8.593925] systemd[1]: Starting Create List of Static Device Nodes...
Jun 12 15:57:20 ubuntu kernel: [    8.594234] systemd[1]: Starting Monitoring of LVM2 mirrors, snapshots etc. using dmeventd or progress polling...
Jun 12 15:57:20 ubuntu kernel: [    8.594553] systemd[1]: Starting Load Kernel Module configfs...
Jun 12 15:57:20 ubuntu kernel: [    8.594834] systemd[1]: Starting Load Kernel Module drm...
Jun 12 15:57:20 ubuntu kernel: [    8.595110] systemd[1]: Starting Load Kernel Module efi_pstore...
Jun 12 15:57:20 ubuntu kernel: [    8.595414] systemd[1]: Starting Load Kernel Module fuse...
Jun 12 15:57:20 ubuntu kernel: [    8.603580] pstore: Using crash dump compression: deflate
Jun 12 15:57:20 ubuntu kernel: [    8.603660] pstore: Registered efi_pstore as persistent store backend
Jun 12 15:57:20 ubuntu kernel: [    8.608120] systemd[1]: Starting Load Kernel Modules...
Jun 12 15:57:20 ubuntu kernel: [    8.608711] systemd[1]: Starting Remount Root and Kernel File Systems...
Jun 12 15:57:20 ubuntu kernel: [    8.609082] systemd[1]: Starting Coldplug All udev Devices...
Jun 12 15:57:20 ubuntu kernel: [    8.609817] systemd[1]: Mounted Huge Pages File System.
Jun 12 15:57:20 ubuntu kernel: [    8.609875] systemd[1]: Mounted POSIX Message Queue File System.
Jun 12 15:57:20 ubuntu kernel: [    8.609923] systemd[1]: Mounted Kernel Debug File System.
Jun 12 15:57:20 ubuntu kernel: [    8.609956] systemd[1]: Mounted Kernel Trace File System.
Jun 12 15:57:20 ubuntu kernel: [    8.610088] systemd[1]: Finished Create List of Static Device Nodes.
Jun 12 15:57:20 ubuntu kernel: [    8.610206] systemd[1]: modprobe@configfs.service: Deactivated successfully.
Jun 12 15:57:20 ubuntu kernel: [    8.610307] systemd[1]: Finished Load Kernel Module configfs.
Jun 12 15:57:20 ubuntu kernel: [    8.610387] systemd[1]: modprobe@drm.service: Deactivated successfully.
Jun 12 15:57:20 ubuntu kernel: [    8.610469] systemd[1]: Finished Load Kernel Module drm.
Jun 12 15:57:20 ubuntu kernel: [    8.610544] systemd[1]: modprobe@efi_pstore.service: Deactivated successfully.
Jun 12 15:57:20 ubuntu kernel: [    8.610627] systemd[1]: Finished Load Kernel Module efi_pstore.
Jun 12 15:57:20 ubuntu kernel: [    8.610708] systemd[1]: modprobe@fuse.service: Deactivated successfully.
Jun 12 15:57:20 ubuntu kernel: [    8.610805] systemd[1]: Finished Load Kernel Module fuse.
Jun 12 15:57:20 ubuntu kernel: [    8.611204] systemd[1]: Mounting FUSE Control File System...
Jun 12 15:57:20 ubuntu kernel: [    8.611517] systemd[1]: Mounting Kernel Configuration File System...
Jun 12 15:57:20 ubuntu kernel: [    8.612640] systemd[1]: Mounted Kernel Configuration File System.
Jun 12 15:57:20 ubuntu kernel: [    8.613449] systemd[1]: Mounted FUSE Control File System.
Jun 12 15:57:20 ubuntu kernel: [    8.618791] systemd[1]: Started Journal Service.
Jun 12 15:57:20 ubuntu kernel: [    8.636488] systemd-journald[2807]: Received client request to flush runtime journal.
Jun 12 15:57:20 ubuntu kernel: [    8.804428] acpi-tad ACPI000E:00: Unsupported capabilities
Jun 12 15:57:20 ubuntu kernel: [    8.828453] mc: Linux media interface: v0.10
Jun 12 15:57:20 ubuntu kernel: [    8.863267] videodev: Linux video capture interface: v2.00
Jun 12 15:57:20 ubuntu kernel: [    8.870220] usb 3-3: Found UVC 1.00 device FaceTime HD Camera (203a:fff9)
Jun 12 15:57:20 ubuntu kernel: [    8.870499] usb 3-4: Found UVC 1.00 device iPhone 14 Camera (203a:fff9)
Jun 12 15:57:20 ubuntu kernel: [    8.870644] usbcore: registered new interface driver uvcvideo
Jun 12 15:57:20 ubuntu kernel: [    8.978247] snd_hda_intel 0000:00:01.0: enabling device (0000 -> 0002)
Jun 12 15:57:20 ubuntu kernel: [    8.978269] snd_hda_intel 0000:00:01.0: Force to snoop mode by module option
Jun 12 15:57:20 ubuntu kernel: [    9.010620] snd_hda_codec_generic hdaudioC0D0: autoconfig for Generic: line_outs=5 (0xa/0xc/0xb/0xf/0xd) type:speaker
Jun 12 15:57:20 ubuntu kernel: [    9.010635] snd_hda_codec_generic hdaudioC0D0:    speaker_outs=0 (0x0/0x0/0x0/0x0/0x0)
Jun 12 15:57:20 ubuntu kernel: [    9.010636] snd_hda_codec_generic hdaudioC0D0:    hp_outs=0 (0x0/0x0/0x0/0x0/0x0)
Jun 12 15:57:20 ubuntu kernel: [    9.010637] snd_hda_codec_generic hdaudioC0D0:    mono: mono_out=0x0
Jun 12 15:57:20 ubuntu kernel: [    9.010637] snd_hda_codec_generic hdaudioC0D0:    inputs:
Jun 12 15:57:20 ubuntu kernel: [    9.010638] snd_hda_codec_generic hdaudioC0D0:      Mic=0xe
Jun 12 15:57:20 ubuntu kernel: [    9.012830] input: HDA Intel Mic as /devices/pci0000:00/0000:00:01.0/sound/card0/input5
Jun 12 15:57:20 ubuntu kernel: [    9.012868] input: HDA Intel Speaker as /devices/pci0000:00/0000:00:01.0/sound/card0/input6
Jun 12 15:57:20 ubuntu kernel: [    9.012896] input: HDA Intel Speaker as /devices/pci0000:00/0000:00:01.0/sound/card0/input7
Jun 12 15:57:20 ubuntu kernel: [    9.012912] input: HDA Intel Speaker as /devices/pci0000:00/0000:00:01.0/sound/card0/input8
Jun 12 15:57:20 ubuntu kernel: [    9.012962] input: HDA Intel Speaker as /devices/pci0000:00/0000:00:01.0/sound/card0/input9
Jun 12 15:57:20 ubuntu kernel: [    9.012991] input: HDA Intel Speaker as /devices/pci0000:00/0000:00:01.0/sound/card0/input10
Jun 12 15:57:20 ubuntu kernel: [    9.097950] spl: loading out-of-tree module taints kernel.
Jun 12 15:57:20 ubuntu kernel: [    9.126774] zfs: module license 'CDDL' taints kernel.
Jun 12 15:57:20 ubuntu kernel: [    9.126779] Disabling lock debugging due to kernel taint
Jun 12 15:57:20 ubuntu kernel: [    9.126792] zfs: module license taints kernel.
Jun 12 15:57:20 ubuntu kernel: [    9.728372] ZFS: Loaded module v2.2.0-0ubuntu1~23.10.2, ZFS pool version 5000, ZFS filesystem version 5
Jun 12 15:57:20 ubuntu kernel: [    9.758299] loop1: detected capacity change from 0 to 8
Jun 12 15:57:20 ubuntu kernel: [    9.759592] loop2: detected capacity change from 0 to 141760
Jun 12 15:57:20 ubuntu kernel: [    9.760203] loop3: detected capacity change from 0 to 506192
Jun 12 15:57:20 ubuntu kernel: [    9.762237] loop4: detected capacity change from 0 to 989864
Jun 12 15:57:20 ubuntu kernel: [    9.763815] loop5: detected capacity change from 0 to 187776
Jun 12 15:57:20 ubuntu kernel: [    9.765161] loop6: detected capacity change from 0 to 25096
Jun 12 15:57:20 ubuntu kernel: [    9.765343] loop7: detected capacity change from 0 to 69032
Jun 12 15:57:20 ubuntu kernel: [    9.766410] loop8: detected capacity change from 0 to 904
Jun 12 15:57:20 ubuntu kernel: [    9.960171] audit: type=1400 audit(1718207839.412:2): apparmor="STATUS" operation="profile_load" profile="unconfined" name="/snap/snapd/21761/usr/lib/snapd/snap-confine" pid=3110 comm="apparmor_parser"
Jun 12 15:57:20 ubuntu kernel: [    9.960518] audit: type=1400 audit(1718207839.416:3): apparmor="STATUS" operation="profile_load" profile="unconfined" name="/snap/snapd/21761/usr/lib/snapd/snap-confine//mount-namespace-capture-helper" pid=3110 comm="apparmor_parser"
Jun 12 15:57:20 ubuntu kernel: [   10.167187] audit: type=1400 audit(1718207839.620:4): apparmor="STATUS" operation="profile_load" profile="unconfined" name="snap-update-ns.firefox" pid=3111 comm="apparmor_parser"
Jun 12 15:57:20 ubuntu kernel: [   10.258869] audit: type=1400 audit(1718207839.712:5): apparmor="STATUS" operation="profile_load" profile="unconfined" name="snap-update-ns.snap-store" pid=3112 comm="apparmor_parser"
Jun 12 15:57:20 ubuntu kernel: [   10.329031] audit: type=1400 audit(1718207839.784:6): apparmor="STATUS" operation="profile_load" profile="unconfined" name="snap.firefox.firefox" pid=3114 comm="apparmor_parser"
Jun 12 15:57:20 ubuntu kernel: [   10.399011] audit: type=1400 audit(1718207839.852:7): apparmor="STATUS" operation="profile_load" profile="unconfined" name="snap.firefox.geckodriver" pid=3115 comm="apparmor_parser"
Jun 12 15:57:20 ubuntu kernel: [   10.458428] audit: type=1400 audit(1718207839.912:8): apparmor="STATUS" operation="profile_load" profile="unconfined" name="snap.firefox.hook.configure" pid=3116 comm="apparmor_parser"
Jun 12 15:57:20 ubuntu kernel: [   10.484415] audit: type=1400 audit(1718207839.940:9): apparmor="STATUS" operation="profile_load" profile="unconfined" name="snap-update-ns.snapd-desktop-integration" pid=3113 comm="apparmor_parser"
Jun 12 15:57:20 ubuntu kernel: [   10.516255] audit: type=1400 audit(1718207839.968:10): apparmor="STATUS" operation="profile_load" profile="unconfined" name="snap.firefox.hook.connect-plug-host-hunspell" pid=3117 comm="apparmor_parser"
Jun 12 15:57:20 ubuntu kernel: [   10.540998] audit: type=1400 audit(1718207839.996:11): apparmor="STATUS" operation="profile_load" profile="unconfined" name="snap.firefox.hook.disconnect-plug-host-hunspell" pid=3118 comm="apparmor_parser"
Jun 12 15:57:20 ubuntu rsyslogd: imuxsock: Acquired UNIX socket '/run/systemd/journal/syslog' (fd 3) from systemd.  [v8.2112.0]
Jun 12 15:57:20 ubuntu rsyslogd: rsyslogd's groupid changed to 111
Jun 12 15:57:20 ubuntu zed[3160]: ZFS Event Daemon 2.1.5-1ubuntu6~22.04.4 (PID 3160)
Jun 12 15:57:20 ubuntu zed[3160]: Processing events since eid=0
Jun 12 15:57:20 ubuntu apport[3127]:  * Starting automatic crash report generation: apport
Jun 12 15:57:20 ubuntu apport[3127]:    ...done.
Jun 12 15:57:20 ubuntu rsyslogd: rsyslogd's userid changed to 104
Jun 12 15:57:20 ubuntu rsyslogd: [origin software="rsyslogd" swVersion="8.2112.0" x-pid="3139" x-info="https://www.rsyslog.com"] start
Jun 12 15:57:20 ubuntu systemd[1]: Starting Modem Manager...
Jun 12 15:57:20 ubuntu systemd[1]: Condition check resulted in Manage Sound Card State (restore and store) being skipped.
Jun 12 15:57:20 ubuntu systemd[1]: Starting Save/Restore Sound Card State...
Jun 12 15:57:20 ubuntu systemd[1]: Started System Logging Service.
Jun 12 15:57:20 ubuntu systemd[1]: Started LSB: automatic crash report generation.
Jun 12 15:57:20 ubuntu alsactl[3193]: /usr/sbin/alsactl: load_state:1689: Cannot open /var/lib/alsa/asound.state for reading: No such file or directory
Jun 12 15:57:20 ubuntu alsactl[3193]: Found hardware: "HDA-Intel" "Generic 1ab8 Generic" "HDA:1ab80001,1ab80101,00100100" "0x1ab8" "0x0400"
Jun 12 15:57:20 ubuntu alsactl[3193]: Hardware is initialized using a generic method
Jun 12 15:57:20 ubuntu systemd[1]: Finished Save/Restore Sound Card State.
Jun 12 15:57:20 ubuntu udisksd[3157]: udisks daemon version 2.9.4 starting
Jun 12 15:57:20 ubuntu systemd[1]: Reached target Sound Card.
Jun 12 15:57:20 ubuntu systemd[1]: Started WPA supplicant.
Jun 12 15:57:20 ubuntu systemd[1]: Started User Login Management.
Jun 12 15:57:20 ubuntu wpa_supplicant[3158]: Successfully initialized wpa_supplicant
Jun 12 15:57:20 ubuntu NetworkManager[3131]: <info>  [1718207840.7912] NetworkManager (version 1.36.6) is starting... (for the first time)
Jun 12 15:57:20 ubuntu NetworkManager[3131]: <info>  [1718207840.7913] Read config: /etc/NetworkManager/NetworkManager.conf (lib: 10-dns-resolved.conf, 20-connectivity-ubuntu.conf, no-mac-addr-change.conf) (run: 10-globally-managed-devices.conf) (etc: default-wifi-powersave-on.conf)
Jun 12 15:57:20 ubuntu systemd[1]: Started Network Manager.
Jun 12 15:57:20 ubuntu systemd[1]: Reached target Network.
Jun 12 15:57:20 ubuntu NetworkManager[3131]: <info>  [1718207840.7949] bus-manager: acquired D-Bus service "org.freedesktop.NetworkManager"
Jun 12 15:57:20 ubuntu NetworkManager[3131]: <info>  [1718207840.7974] manager[0xbb2feca31040]: monitoring kernel firmware directory '/lib/firmware'.
Jun 12 15:57:20 ubuntu NetworkManager[3131]: <info>  [1718207840.7974] monitoring ifupdown state file '/run/network/ifstate'.
Jun 12 15:57:20 ubuntu dbus-daemon[3129]: [system] Activating via systemd: service name='org.freedesktop.hostname1' unit='dbus-org.freedesktop.hostname1.service' requested by ':1.13' (uid=0 pid=3131 comm="/usr/sbin/NetworkManager --no-daemon " label="unconfined")
Jun 12 15:57:20 ubuntu systemd[1]: Starting Network Manager Wait Online...
Jun 12 15:57:20 ubuntu systemd[1]: Starting CUPS Scheduler...
Jun 12 15:57:20 ubuntu systemd[1]: Starting OpenVPN service...
Jun 12 15:57:20 ubuntu systemd[1]: Starting Permit User Sessions...
Jun 12 15:57:20 ubuntu systemd[1]: Started Unattended Upgrades Shutdown.
Jun 12 15:57:20 ubuntu systemd[1]: Finished OpenVPN service.
Jun 12 15:57:20 ubuntu systemd[1]: Finished Permit User Sessions.
Jun 12 15:57:20 ubuntu systemd[1]: Starting Hold until boot process finishes up...
Jun 12 15:57:20 ubuntu systemd[1]: Starting Hostname Service...
Jun 12 15:57:20 ubuntu ModemManager[3178]: <info>  ModemManager (version 1.20.0) starting in system bus...
Jun 12 15:57:20 ubuntu dbus-daemon[3129]: [system] Successfully activated service 'org.freedesktop.hostname1'
Jun 12 15:57:20 ubuntu systemd[1]: Started Hostname Service.
Jun 12 15:57:20 ubuntu NetworkManager[3131]: <info>  [1718207840.8730] hostname: hostname: using hostnamed
Jun 12 15:57:20 ubuntu NetworkManager[3131]: <info>  [1718207840.8730] hostname: static hostname changed from (none) to "ubuntu"
Jun 12 15:57:20 ubuntu NetworkManager[3131]: <info>  [1718207840.8756] dns-mgr[0xbb2feca0f2a0]: init: dns=systemd-resolved rc-manager=unmanaged (auto), plugin=systemd-resolved
Jun 12 15:57:20 ubuntu NetworkManager[3131]: <info>  [1718207840.8802] manager[0xbb2feca31040]: rfkill: Wi-Fi hardware radio set enabled
Jun 12 15:57:20 ubuntu NetworkManager[3131]: <info>  [1718207840.8802] manager[0xbb2feca31040]: rfkill: WWAN hardware radio set enabled
Jun 12 15:57:20 ubuntu NetworkManager[3131]: <info>  [1718207840.9143] Loaded device plugin: NMAtmManager (/usr/lib/aarch64-linux-gnu/NetworkManager/1.36.6/libnm-device-plugin-adsl.so)
Jun 12 15:57:20 ubuntu NetworkManager[3131]: <info>  [1718207840.9289] Loaded device plugin: NMBluezManager (/usr/lib/aarch64-linux-gnu/NetworkManager/1.36.6/libnm-device-plugin-bluetooth.so)
Jun 12 15:57:20 ubuntu NetworkManager[3131]: <info>  [1718207840.9611] Loaded device plugin: NMTeamFactory (/usr/lib/aarch64-linux-gnu/NetworkManager/1.36.6/libnm-device-plugin-team.so)
Jun 12 15:57:20 ubuntu NetworkManager[3131]: <info>  [1718207840.9715] Loaded device plugin: NMWifiFactory (/usr/lib/aarch64-linux-gnu/NetworkManager/1.36.6/libnm-device-plugin-wifi.so)
Jun 12 15:57:20 ubuntu NetworkManager[3131]: <info>  [1718207840.9721] Loaded device plugin: NMWwanFactory (/usr/lib/aarch64-linux-gnu/NetworkManager/1.36.6/libnm-device-plugin-wwan.so)
Jun 12 15:57:20 ubuntu udisksd[3157]: failed to load module mdraid: libbd_mdraid.so.2: cannot open shared object file: No such file or directory
Jun 12 15:57:20 ubuntu NetworkManager[3131]: <info>  [1718207840.9730] manager: rfkill: Wi-Fi enabled by radio killswitch; enabled by state file
Jun 12 15:57:20 ubuntu NetworkManager[3131]: <info>  [1718207840.9731] manager: rfkill: WWAN enabled by radio killswitch; enabled by state file
Jun 12 15:57:20 ubuntu NetworkManager[3131]: <info>  [1718207840.9732] manager: Networking is enabled by state file
Jun 12 15:57:20 ubuntu dbus-daemon[3129]: [system] Activating via systemd: service name='org.freedesktop.nm_dispatcher' unit='dbus-org.freedesktop.nm-dispatcher.service' requested by ':1.13' (uid=0 pid=3131 comm="/usr/sbin/NetworkManager --no-daemon " label="unconfined")
Jun 12 15:57:20 ubuntu NetworkManager[3131]: <info>  [1718207840.9805] settings: Loaded settings plugin: ifupdown ("/usr/lib/aarch64-linux-gnu/NetworkManager/1.36.6/libnm-settings-plugin-ifupdown.so")
Jun 12 15:57:20 ubuntu NetworkManager[3131]: <info>  [1718207840.9811] settings: Loaded settings plugin: keyfile (internal)
Jun 12 15:57:20 ubuntu NetworkManager[3131]: <info>  [1718207840.9812] ifupdown: management mode: unmanaged
Jun 12 15:57:20 ubuntu NetworkManager[3131]: <info>  [1718207840.9858] ifupdown: interfaces file /etc/network/interfaces doesn't exist
Jun 12 15:57:20 ubuntu systemd[1]: Starting Network Manager Script Dispatcher Service...
Jun 12 15:57:20 ubuntu dbus-daemon[3129]: [system] Successfully activated service 'org.freedesktop.nm_dispatcher'
Jun 12 15:57:20 ubuntu systemd[1]: Started Network Manager Script Dispatcher Service.
Jun 12 15:57:20 ubuntu NetworkManager[3131]: <info>  [1718207840.9980] dhcp-init: Using DHCP client 'internal'
Jun 12 15:57:20 ubuntu NetworkManager[3131]: <info>  [1718207840.9980] device (lo): carrier: link connected
Jun 12 15:57:20 ubuntu NetworkManager[3131]: <info>  [1718207840.9981] manager: (lo): new Generic device (/org/freedesktop/NetworkManager/Devices/1)
Jun 12 15:57:20 ubuntu NetworkManager[3131]: <info>  [1718207840.9984] manager: (enp0s5): new Ethernet device (/org/freedesktop/NetworkManager/Devices/2)
Jun 12 15:57:21 ubuntu NetworkManager[3131]: <info>  [1718207841.0017] settings: (enp0s5): created default wired connection 'Wired connection 1'
Jun 12 15:57:21 ubuntu NetworkManager[3131]: <info>  [1718207841.0018] device (enp0s5): state change: unmanaged -> unavailable (reason 'managed', sys-iface-state: 'external')
Jun 12 15:57:21 ubuntu NetworkManager[3131]: <info>  [1718207841.0020] device (enp0s5): carrier: link connected
Jun 12 15:57:21 ubuntu udisksd[3157]: Failed to load the 'mdraid' libblockdev plugin
Jun 12 15:57:21 ubuntu NetworkManager[3131]: <info>  [1718207841.0266] failed to open /run/network/ifstate
Jun 12 15:57:21 ubuntu NetworkManager[3131]: <info>  [1718207841.0376] device (enp0s5): state change: unavailable -> disconnected (reason 'none', sys-iface-state: 'managed')
Jun 12 15:57:21 ubuntu NetworkManager[3131]: <info>  [1718207841.0378] policy: auto-activating connection 'Wired connection 1' (4f92e5a1-03e2-33ce-92d5-a7bed9adfde0)
Jun 12 15:57:21 ubuntu NetworkManager[3131]: <info>  [1718207841.0380] device (enp0s5): Activation: starting connection 'Wired connection 1' (4f92e5a1-03e2-33ce-92d5-a7bed9adfde0)
Jun 12 15:57:21 ubuntu NetworkManager[3131]: <info>  [1718207841.0381] device (enp0s5): state change: disconnected -> prepare (reason 'none', sys-iface-state: 'managed')
Jun 12 15:57:21 ubuntu NetworkManager[3131]: <info>  [1718207841.0381] manager: NetworkManager state is now CONNECTING
Jun 12 15:57:21 ubuntu NetworkManager[3131]: <info>  [1718207841.0381] device (enp0s5): state change: prepare -> config (reason 'none', sys-iface-state: 'managed')
Jun 12 15:57:21 ubuntu NetworkManager[3131]: <info>  [1718207841.0383] device (enp0s5): state change: config -> ip-config (reason 'none', sys-iface-state: 'managed')
Jun 12 15:57:21 ubuntu NetworkManager[3131]: <info>  [1718207841.0384] dhcp4 (enp0s5): activation: beginning transaction (timeout in 45 seconds)
Jun 12 15:57:21 ubuntu avahi-daemon[3128]: Joining mDNS multicast group on interface enp0s5.IPv6 with address fe80::5831:a5d0:3756:e929.
Jun 12 15:57:21 ubuntu avahi-daemon[3128]: New relevant interface enp0s5.IPv6 for mDNS.
Jun 12 15:57:21 ubuntu avahi-daemon[3128]: Registering new address record for fe80::5831:a5d0:3756:e929 on enp0s5.*.
Jun 12 15:57:21 ubuntu NetworkManager[3131]: <info>  [1718207841.0476] dhcp4 (enp0s5): state changed new lease, address=10.211.55.15
Jun 12 15:57:21 ubuntu avahi-daemon[3128]: Joining mDNS multicast group on interface enp0s5.IPv4 with address 10.211.55.15.
Jun 12 15:57:21 ubuntu avahi-daemon[3128]: New relevant interface enp0s5.IPv4 for mDNS.
Jun 12 15:57:21 ubuntu avahi-daemon[3128]: Registering new address record for 10.211.55.15 on enp0s5.IPv4.
Jun 12 15:57:21 ubuntu NetworkManager[3131]: <info>  [1718207841.0481] device (enp0s5): state change: ip-config -> ip-check (reason 'none', sys-iface-state: 'managed')
Jun 12 15:57:21 ubuntu NetworkManager[3131]: <info>  [1718207841.0515] device (enp0s5): state change: ip-check -> secondaries (reason 'none', sys-iface-state: 'managed')
Jun 12 15:57:21 ubuntu NetworkManager[3131]: <info>  [1718207841.0546] device (enp0s5): state change: secondaries -> activated (reason 'none', sys-iface-state: 'managed')
Jun 12 15:57:21 ubuntu NetworkManager[3131]: <info>  [1718207841.0557] manager: NetworkManager state is now CONNECTED_LOCAL
Jun 12 15:57:21 ubuntu NetworkManager[3131]: <info>  [1718207841.0566] manager: NetworkManager state is now CONNECTED_SITE
Jun 12 15:57:21 ubuntu NetworkManager[3131]: <info>  [1718207841.0571] policy: set 'Wired connection 1' (enp0s5) as default for IPv4 routing and DNS
Jun 12 15:57:21 ubuntu systemd-resolved[3099]: enp0s5: Bus client set search domain list to: localdomain
Jun 12 15:57:21 ubuntu systemd-resolved[3099]: enp0s5: Bus client set default route setting: yes
Jun 12 15:57:21 ubuntu systemd-resolved[3099]: enp0s5: Bus client set DNS server list to: 10.211.55.1
Jun 12 15:57:21 ubuntu NetworkManager[3131]: <info>  [1718207841.0608] device (enp0s5): Activation: successful, device activated.
Jun 12 15:57:21 ubuntu systemd[1]: Started Modem Manager.
Jun 12 15:57:21 ubuntu NetworkManager[3131]: <info>  [1718207841.0675] manager: startup complete
Jun 12 15:57:21 ubuntu systemd[1]: Finished Network Manager Wait Online.
Jun 12 15:57:21 ubuntu systemd[1]: Reached target Network is Online.
Jun 12 15:57:21 ubuntu systemd[1]: Started Download data for packages that failed at package install time.
Jun 12 15:57:21 ubuntu systemd[1]: Started Check to see whether there is a new version of Ubuntu available.
Jun 12 15:57:21 ubuntu systemd[1]: Reached target Timer Units.
Jun 12 15:57:21 ubuntu NetworkManager[3131]: <info>  [1718207841.0745] modem-manager: ModemManager not available
Jun 12 15:57:21 ubuntu udisksd[3157]: Acquired the name org.freedesktop.UDisks2 on the system message bus
Jun 12 15:57:21 ubuntu NetworkManager[3131]: <info>  [1718207841.0845] modem-manager: ModemManager now available
Jun 12 15:57:21 ubuntu systemd[1]: Starting Tool to automatically collect and submit kernel crash signatures...
Jun 12 15:57:21 ubuntu systemd[1]: Condition check resulted in Ubuntu Pro Background Auto Attach being skipped.
Jun 12 15:57:21 ubuntu systemd[1]: Started crash report submission.
Jun 12 15:57:21 ubuntu systemd[1]: Started Disk Manager.
Jun 12 15:57:21 ubuntu systemd[1]: kerneloops.service: Found left-over process 3254 (kerneloops) in control group while starting unit. Ignoring.
Jun 12 15:57:21 ubuntu systemd[1]: This usually indicates unclean termination of a previous run, or service implementation deficiencies.
Jun 12 15:57:21 ubuntu systemd[1]: Started Tool to automatically collect and submit kernel crash signatures.
Jun 12 15:57:21 ubuntu whoopsie[3252]: [15:57:21] Using lock path: /var/lock/whoopsie/lock
Jun 12 15:57:21 ubuntu NetworkManager[3131]: <info>  [1718207841.1206] manager: NetworkManager state is now CONNECTED_GLOBAL
Jun 12 15:57:21 ubuntu systemd[1]: whoopsie.service: Deactivated successfully.
Jun 12 15:57:21 ubuntu systemd[1]: Started CUPS Scheduler.
Jun 12 15:57:21 ubuntu systemd[1]: Started Make remote CUPS printers available locally.
Jun 12 15:57:21 ubuntu systemd-resolved[3099]: Using degraded feature set UDP instead of UDP+EDNS0 for DNS server 10.211.55.1.
Jun 12 15:57:21 ubuntu networkd-dispatcher[3136]: No valid path found for iw
Jun 12 15:57:21 ubuntu dbus-daemon[3129]: [system] Activating via systemd: service name='org.freedesktop.network1' unit='dbus-org.freedesktop.network1.service' requested by ':1.24' (uid=0 pid=3280 comm="/usr/bin/networkctl list --no-pager --no-legend " label="unconfined")
Jun 12 15:57:21 ubuntu dbus-daemon[3129]: [system] Activation via systemd failed for unit 'dbus-org.freedesktop.network1.service': Unit dbus-org.freedesktop.network1.service not found.
Jun 12 15:57:21 ubuntu networkd-dispatcher[3280]: WARNING: systemd-networkd is not running, output will be incomplete.
Jun 12 15:57:21 ubuntu networkd-dispatcher[3136]: ERROR:Unknown state for interface NetworkctlListState(idx=1, name='lo', type='loopback', operational='n/a', administrative='unmanaged'): n/a
Jun 12 15:57:21 ubuntu networkd-dispatcher[3136]: Traceback (most recent call last):
Jun 12 15:57:21 ubuntu networkd-dispatcher[3136]:   File "/usr/bin/networkd-dispatcher", line 298, in trigger_all
Jun 12 15:57:21 ubuntu networkd-dispatcher[3136]:     self.handle_state(iface_name,
